Archive member included because of file (symbol)

..\..\..\libpdmfilter_gcc.a(pdm_filter.o)
                              ..\obj\SndMic.o (PDM_Filter_Init)
c:/codest/bin/../lib/gcc/arm-none-eabi/4.8.1/../../../../arm-none-eabi/lib/thumb2\libm.a(lib_a-s_cos.o)
                              ..\obj\smallft.o (cos)
c:/codest/bin/../lib/gcc/arm-none-eabi/4.8.1/../../../../arm-none-eabi/lib/thumb2\libm.a(lib_a-s_floor.o)
                              ..\obj\speex.o (floor)
c:/codest/bin/../lib/gcc/arm-none-eabi/4.8.1/../../../../arm-none-eabi/lib/thumb2\libm.a(lib_a-s_sin.o)
                              ..\obj\resample.o (sin)
c:/codest/bin/../lib/gcc/arm-none-eabi/4.8.1/../../../../arm-none-eabi/lib/thumb2\libm.a(lib_a-w_log.o)
                              ..\obj\sb_celp.o (log)
c:/codest/bin/../lib/gcc/arm-none-eabi/4.8.1/../../../../arm-none-eabi/lib/thumb2\libm.a(lib_a-w_pow.o)
                              ..\obj\vbr.o (pow)
c:/codest/bin/../lib/gcc/arm-none-eabi/4.8.1/../../../../arm-none-eabi/lib/thumb2\libm.a(lib_a-e_log.o)
                              c:/codest/bin/../lib/gcc/arm-none-eabi/4.8.1/../../../../arm-none-eabi/lib/thumb2\libm.a(lib_a-w_log.o) (__ieee754_log)
c:/codest/bin/../lib/gcc/arm-none-eabi/4.8.1/../../../../arm-none-eabi/lib/thumb2\libm.a(lib_a-e_pow.o)
                              c:/codest/bin/../lib/gcc/arm-none-eabi/4.8.1/../../../../arm-none-eabi/lib/thumb2\libm.a(lib_a-w_pow.o) (__ieee754_pow)
c:/codest/bin/../lib/gcc/arm-none-eabi/4.8.1/../../../../arm-none-eabi/lib/thumb2\libm.a(lib_a-e_rem_pio2.o)
                              c:/codest/bin/../lib/gcc/arm-none-eabi/4.8.1/../../../../arm-none-eabi/lib/thumb2\libm.a(lib_a-s_cos.o) (__ieee754_rem_pio2)
c:/codest/bin/../lib/gcc/arm-none-eabi/4.8.1/../../../../arm-none-eabi/lib/thumb2\libm.a(lib_a-e_sqrt.o)
                              c:/codest/bin/../lib/gcc/arm-none-eabi/4.8.1/../../../../arm-none-eabi/lib/thumb2\libm.a(lib_a-e_pow.o) (__ieee754_sqrt)
c:/codest/bin/../lib/gcc/arm-none-eabi/4.8.1/../../../../arm-none-eabi/lib/thumb2\libm.a(lib_a-k_cos.o)
                              c:/codest/bin/../lib/gcc/arm-none-eabi/4.8.1/../../../../arm-none-eabi/lib/thumb2\libm.a(lib_a-s_cos.o) (__kernel_cos)
c:/codest/bin/../lib/gcc/arm-none-eabi/4.8.1/../../../../arm-none-eabi/lib/thumb2\libm.a(lib_a-k_rem_pio2.o)
                              c:/codest/bin/../lib/gcc/arm-none-eabi/4.8.1/../../../../arm-none-eabi/lib/thumb2\libm.a(lib_a-e_rem_pio2.o) (__kernel_rem_pio2)
c:/codest/bin/../lib/gcc/arm-none-eabi/4.8.1/../../../../arm-none-eabi/lib/thumb2\libm.a(lib_a-k_sin.o)
                              c:/codest/bin/../lib/gcc/arm-none-eabi/4.8.1/../../../../arm-none-eabi/lib/thumb2\libm.a(lib_a-s_cos.o) (__kernel_sin)
c:/codest/bin/../lib/gcc/arm-none-eabi/4.8.1/../../../../arm-none-eabi/lib/thumb2\libm.a(lib_a-s_fabs.o)
                              c:/codest/bin/../lib/gcc/arm-none-eabi/4.8.1/../../../../arm-none-eabi/lib/thumb2\libm.a(lib_a-e_pow.o) (fabs)
c:/codest/bin/../lib/gcc/arm-none-eabi/4.8.1/../../../../arm-none-eabi/lib/thumb2\libm.a(lib_a-s_finite.o)
                              c:/codest/bin/../lib/gcc/arm-none-eabi/4.8.1/../../../../arm-none-eabi/lib/thumb2\libm.a(lib_a-w_pow.o) (finite)
c:/codest/bin/../lib/gcc/arm-none-eabi/4.8.1/../../../../arm-none-eabi/lib/thumb2\libm.a(lib_a-s_fpclassify.o)
                              c:/codest/bin/../lib/gcc/arm-none-eabi/4.8.1/../../../../arm-none-eabi/lib/thumb2\libm.a(lib_a-w_log.o) (__fpclassifyd)
c:/codest/bin/../lib/gcc/arm-none-eabi/4.8.1/../../../../arm-none-eabi/lib/thumb2\libm.a(lib_a-s_lib_ver.o)
                              c:/codest/bin/../lib/gcc/arm-none-eabi/4.8.1/../../../../arm-none-eabi/lib/thumb2\libm.a(lib_a-w_log.o) (__fdlib_version)
c:/codest/bin/../lib/gcc/arm-none-eabi/4.8.1/../../../../arm-none-eabi/lib/thumb2\libm.a(lib_a-s_matherr.o)
                              c:/codest/bin/../lib/gcc/arm-none-eabi/4.8.1/../../../../arm-none-eabi/lib/thumb2\libm.a(lib_a-w_log.o) (matherr)
c:/codest/bin/../lib/gcc/arm-none-eabi/4.8.1/../../../../arm-none-eabi/lib/thumb2\libm.a(lib_a-s_nan.o)
                              c:/codest/bin/../lib/gcc/arm-none-eabi/4.8.1/../../../../arm-none-eabi/lib/thumb2\libm.a(lib_a-w_log.o) (nan)
c:/codest/bin/../lib/gcc/arm-none-eabi/4.8.1/../../../../arm-none-eabi/lib/thumb2\libm.a(lib_a-s_rint.o)
                              c:/codest/bin/../lib/gcc/arm-none-eabi/4.8.1/../../../../arm-none-eabi/lib/thumb2\libm.a(lib_a-w_pow.o) (rint)
c:/codest/bin/../lib/gcc/arm-none-eabi/4.8.1/../../../../arm-none-eabi/lib/thumb2\libm.a(lib_a-s_scalbn.o)
                              c:/codest/bin/../lib/gcc/arm-none-eabi/4.8.1/../../../../arm-none-eabi/lib/thumb2\libm.a(lib_a-e_pow.o) (scalbn)
c:/codest/bin/../lib/gcc/arm-none-eabi/4.8.1/../../../../arm-none-eabi/lib/thumb2\libm.a(lib_a-s_copysign.o)
[...]
Memory Configuration

Name             Origin             Length             Attributes
rom              0x08000000         0x00100000         xr
ram              0x20000000         0x00020000         xrw
ram1             0x10000000         0x00010000         xrw
*default*        0x00000000         0xffffffff

Linker script and memory map

                0x20020000                _eram = 0x20020000

.text           0x08000000    0x16838
 *(.isr_vector .isr_vector.*)
 .isr_vector    0x08000000      0x188 ..\obj\startup_stm32f4xx.o
                0x08000000                g_pfnVectors
 *(.text .text.* .gnu.linkonce.t.*)
 .text.speex_inband_handler
                0x08000188       0x94 ..\obj\speex_callbacks.o
                0x08000188                speex_inband_handler
 .text.speex_default_user_handler
                0x0800021c       0x30 ..\obj\speex_callbacks.o
                0x0800021c                speex_default_user_handler
 .text.initPlayer
                0x0800024c      0x32c ..\obj\SndPlay.o
                0x0800024c                initPlayer
 .text.SPI3_IRQHandler
                0x08000578        0xc ..\obj\SndPlay.o
                0x08000578                SPI3_IRQHandler
 .text.sendSample
                0x08000584       0x20 ..\obj\SndPlay.o
                0x08000584                sendSample
 .text.Codec_WriteRegister
                0x080005a4      0x1f8 ..\obj\SndPlay.o
                0x080005a4                Codec_WriteRegister
 .text.Codec_TIMEOUT_UserCallback
                0x0800079c        0x8 ..\obj\SndPlay.o
                0x0800079c                Codec_TIMEOUT_UserCallback
 .text.initCS43L22
                0x080007a4       0x9c ..\obj\SndPlay.o
                0x080007a4                initCS43L22
 .text.Codec_ReadRegister
                0x08000840      0x318 ..\obj\SndPlay.o
                0x08000840                Codec_ReadRegister
 .text.NVIC_EnableIRQ
                0x08000b58       0x34 ..\obj\timer.o
 .text.TIM2_Config
                0x08000b8c       0x48 ..\obj\timer.o
                0x08000b8c                TIM2_Config
 .text.TIM2_IRQHandler
                0x08000bd4       0x24 ..\obj\timer.o
                0x08000bd4                TIM2_IRQHandler
 .text.NVIC_Config
                0x08000bf8       0x2c ..\obj\timer.o
                0x08000bf8                NVIC_Config
 .text.TIM2_Start
                0x08000c24       0x10 ..\obj\timer.o
                0x08000c24                TIM2_Start
 .text.speex_warning_int
                0x08000c34       0x30 ..\obj\speex.o
 .text.speex_encoder_init
                0x08000c64       0x1c ..\obj\speex.o
                0x08000c64                speex_encoder_init
 .text.speex_decoder_init
                0x08000c80       0x1c ..\obj\speex.o
                0x08000c80                speex_decoder_init
 .text.speex_encode_int
                0x08000c9c       0x28 ..\obj\speex.o
                0x08000c9c                speex_encode_int
 .text.speex_decode_int
                0x08000cc4       0x28 ..\obj\speex.o
                0x08000cc4                speex_decode_int
 .text.speex_encoder_ctl
                0x08000cec       0x24 ..\obj\speex.o
                0x08000cec                speex_encoder_ctl
 .text.nb_mode_query
                0x08000d10       0x88 ..\obj\speex.o
                0x08000d10                nb_mode_query
 .text.initMic  0x08000d98      0x164 ..\obj\SndMic.o
                0x08000d98                initMic
 .text.SPI2_IRQHandler
                0x08000efc       0xb4 ..\obj\SndMic.o
                0x08000efc                SPI2_IRQHandler
 .text.lsp_quant_lbr
                0x08000fb0      0x4a4 ..\obj\quant_lsp.o
                0x08000fb0                lsp_quant_lbr
 .text.lsp_unquant_lbr
                0x08001454      0x148 ..\obj\quant_lsp.o
                0x08001454                lsp_unquant_lbr
 .text          0x0800159c      0x23e ..\obj\ltp_cortexM3.o
                0x0800159c                inner_prod
 *fill*         0x080017da        0x2 
 .text.Default_Reset_Handler
                0x080017dc       0x70 ..\obj\startup_stm32f4xx.o
                0x080017dc                Default_Reset_Handler
                0x080017dc                Reset_Handler
 .text.Default_Handler
                0x0800184c        0x8 ..\obj\startup_stm32f4xx.o
                0x0800184c                RTC_Alarm_IRQHandler
                0x0800184c                HASH_RNG_IRQHandler
                0x0800184c                EXTI2_IRQHandler
                0x0800184c                TIM8_CC_IRQHandler
                0x0800184c                DebugMon_Handler
                0x0800184c                TIM1_CC_IRQHandler
                0x0800184c                DMA2_Stream5_IRQHandler
                0x0800184c                HardFault_Handler
                0x0800184c                DMA1_Stream5_IRQHandler
                0x0800184c                SysTick_Handler
                0x0800184c                PVD_IRQHandler
                0x0800184c                SDIO_IRQHandler
                0x0800184c                TAMP_STAMP_IRQHandler
                0x0800184c                PendSV_Handler
                0x0800184c                NMI_Handler
                0x0800184c                CAN2_RX1_IRQHandler
                0x0800184c                EXTI3_IRQHandler
                0x0800184c                TIM8_TRG_COM_TIM14_IRQHandler
                0x0800184c                TIM1_UP_TIM10_IRQHandler
                0x0800184c                TIM8_UP_TIM13_IRQHandler
                0x0800184c                I2C3_ER_IRQHandler
                0x0800184c                EXTI0_IRQHandler
                0x0800184c                I2C2_EV_IRQHandler
                0x0800184c                DMA1_Stream2_IRQHandler
                0x0800184c                CAN1_RX0_IRQHandler
                0x0800184c                FPU_IRQHandler
                0x0800184c                OTG_HS_WKUP_IRQHandler
                0x0800184c                UsageFault_Handler
                0x0800184c                CAN2_SCE_IRQHandler
                0x0800184c                DMA2_Stream2_IRQHandler
                0x0800184c                SPI1_IRQHandler
                0x0800184c                TIM6_DAC_IRQHandler
                0x0800184c                TIM1_BRK_TIM9_IRQHandler
                0x0800184c                DCMI_IRQHandler
                0x0800184c                CAN2_RX0_IRQHandler
                0x0800184c                DMA2_Stream3_IRQHandler
                0x0800184c                USART6_IRQHandler
                0x0800184c                USART3_IRQHandler
                0x0800184c                CRYP_IRQHandler
                0x0800184c                CAN1_RX1_IRQHandler
                0x0800184c                UART5_IRQHandler
                0x0800184c                DMA2_Stream0_IRQHandler
                0x0800184c                TIM4_IRQHandler
                0x0800184c                I2C1_EV_IRQHandler
                0x0800184c                DMA1_Stream6_IRQHandler
                0x0800184c                DMA1_Stream1_IRQHandler
                0x0800184c                UART4_IRQHandler
                0x0800184c                TIM3_IRQHandler
                0x0800184c                RCC_IRQHandler
                0x0800184c                TIM8_BRK_TIM12_IRQHandler
                0x0800184c                EXTI15_10_IRQHandler
                0x0800184c                ADC_IRQHandler
                0x0800184c                DMA1_Stream7_IRQHandler
                0x0800184c                TIM7_IRQHandler
                0x0800184c                CAN2_TX_IRQHandler
                0x0800184c                TIM5_IRQHandler
                0x0800184c                DMA2_Stream7_IRQHandler
                0x0800184c                I2C3_EV_IRQHandler
                0x0800184c                EXTI9_5_IRQHandler
                0x0800184c                RTC_WKUP_IRQHandler
                0x0800184c                ETH_WKUP_IRQHandler
                0x0800184c                OTG_HS_EP1_IN_IRQHandler
                0x0800184c                MemManage_Handler
                0x0800184c                DMA1_Stream0_IRQHandler
                0x0800184c                CAN1_TX_IRQHandler
                0x0800184c                SVC_Handler
                0x0800184c                EXTI4_IRQHandler
                0x0800184c                FSMC_IRQHandler
                0x0800184c                ETH_IRQHandler
                0x0800184c                OTG_HS_EP1_OUT_IRQHandler
                0x0800184c                WWDG_IRQHandler
                0x0800184c                OTG_FS_WKUP_IRQHandler
                0x0800184c                TIM1_TRG_COM_TIM11_IRQHandler
                0x0800184c                OTG_HS_IRQHandler
                0x0800184c                EXTI1_IRQHandler
                0x0800184c                USART2_IRQHandler
                0x0800184c                I2C2_ER_IRQHandler
                0x0800184c                DMA2_Stream1_IRQHandler
                0x0800184c                CAN1_SCE_IRQHandler
                0x0800184c                FLASH_IRQHandler
                0x0800184c                DMA2_Stream4_IRQHandler
                0x0800184c                BusFault_Handler
                0x0800184c                USART1_IRQHandler
                0x0800184c                OTG_FS_IRQHandler
                0x0800184c                DMA1_Stream4_IRQHandler
                0x0800184c                I2C1_ER_IRQHandler
                0x0800184c                DMA2_Stream6_IRQHandler
                0x0800184c                DMA1_Stream3_IRQHandler
 .text.spx_ilog4
                0x08001854       0x64 ..\obj\filters.o
 .text.spx_sqrt
                0x080018b8       0xbc ..\obj\filters.o
 .text.compute_impulse_response
                0x08001974      0x5d8 ..\obj\filters.o
                0x08001974                compute_impulse_response
 .text.bw_lpc   0x08001f4c       0x6c ..\obj\filters.o
                0x08001f4c                bw_lpc
 .text.sanitize_values32
                0x08001fb8       0x94 ..\obj\filters.o
                0x08001fb8                sanitize_values32
 .text.highpass
                0x0800204c      0x1c8 ..\obj\filters.o
                0x0800204c                highpass
 .text.signal_mul
                0x08002214       0x74 ..\obj\filters.o
                0x08002214                signal_mul
 .text.signal_div
                0x08002288      0x144 ..\obj\filters.o
                0x08002288                signal_div
 .text.compute_rms
                0x080023cc      0x148 ..\obj\filters.o
                0x080023cc                compute_rms
 .text.compute_rms16
                0x08002514      0x2b8 ..\obj\filters.o
                0x08002514                compute_rms16
 .text.normalize16
                0x080027cc       0xa4 ..\obj\filters.o
                0x080027cc                normalize16
 .text.residue_percep_zero16
                0x08002870       0xac ..\obj\filters.o
                0x08002870                residue_percep_zero16
 .text.interp_pitch
                0x0800291c      0x320 ..\obj\filters.o
                0x0800291c                interp_pitch
 .text.multicomb
                0x08002c3c      0x5b4 ..\obj\filters.o
                0x08002c3c                multicomb
 .text.speex_alloc
                0x080031f0       0x1c ..\obj\bits.o
 .text.speex_realloc
                0x0800320c       0x20 ..\obj\bits.o
 .text.speex_warning
                0x0800322c       0x2c ..\obj\bits.o
 .text.speex_notify
                0x08003258       0x2c ..\obj\bits.o
 .text.speex_bits_init
                0x08003284       0x3c ..\obj\bits.o
                0x08003284                speex_bits_init
 .text.speex_bits_reset
                0x080032c0       0x34 ..\obj\bits.o
                0x080032c0                speex_bits_reset
 .text.speex_bits_read_from
                0x080032f4       0xbc ..\obj\bits.o
                0x080032f4                speex_bits_read_from
 .text.speex_bits_write
                0x080033b0       0x84 ..\obj\bits.o
                0x080033b0                speex_bits_write
 .text.speex_bits_pack
                0x08003434      0x118 ..\obj\bits.o
                0x08003434                speex_bits_pack
 .text.speex_bits_unpack_unsigned
                0x0800354c       0xa0 ..\obj\bits.o
                0x0800354c                speex_bits_unpack_unsigned
 .text.speex_bits_advance
                0x080035ec       0x60 ..\obj\bits.o
                0x080035ec                speex_bits_advance
 .text.speex_bits_remaining
                0x0800364c       0x34 ..\obj\bits.o
                0x0800364c                speex_bits_remaining
 .text.speex_bits_insert_terminator
                0x08003680       0x38 ..\obj\bits.o
                0x08003680                speex_bits_insert_terminator
 .text.putWord  0x080036b8       0xbc ..\obj\main.o
                0x080036b8                putWord
 .text.getWord  0x08003774       0xa0 ..\obj\main.o
                0x08003774                getWord
 .text.checkWord
                0x08003814       0x1c ..\obj\main.o
                0x08003814                checkWord
 .text.IRQ_timer
                0x08003830        0xc ..\obj\main.o
                0x08003830                IRQ_timer
 .text.IRQ_mic  0x0800383c       0xb4 ..\obj\main.o
                0x0800383c                IRQ_mic
 .text.IRQ_play
                0x080038f0      0x10c ..\obj\main.o
                0x080038f0                IRQ_play
 .text.main     0x080039fc      0x144 ..\obj\main.o
                0x080039fc                main
 .text.RCC_PLLI2SConfig
                0x08003b40       0x2c ..\obj\stm32f4xx_rcc.o
                0x08003b40                RCC_PLLI2SConfig
 .text.RCC_PLLI2SCmd
                0x08003b6c       0x20 ..\obj\stm32f4xx_rcc.o
                0x08003b6c                RCC_PLLI2SCmd
 .text.RCC_GetClocksFreq
                0x08003b8c      0x1a8 ..\obj\stm32f4xx_rcc.o
                0x08003b8c                RCC_GetClocksFreq
 .text.RCC_AHB1PeriphClockCmd
                0x08003d34       0x50 ..\obj\stm32f4xx_rcc.o
                0x08003d34                RCC_AHB1PeriphClockCmd
 .text.RCC_APB1PeriphClockCmd
                0x08003d84       0x50 ..\obj\stm32f4xx_rcc.o
                0x08003d84                RCC_APB1PeriphClockCmd
 .text.RCC_APB1PeriphResetCmd
                0x08003dd4       0x50 ..\obj\stm32f4xx_rcc.o
                0x08003dd4                RCC_APB1PeriphResetCmd
 .text.RCC_APB2PeriphResetCmd
                0x08003e24       0x50 ..\obj\stm32f4xx_rcc.o
                0x08003e24                RCC_APB2PeriphResetCmd
 .text.createEncoder
                0x08003e74       0x68 ..\obj\codec.o
                0x08003e74                createEncoder
 .text.encodeSPEEX
                0x08003edc       0x54 ..\obj\codec.o
                0x08003edc                encodeSPEEX
 .text.createDecoder
                0x08003f30       0x34 ..\obj\codec.o
                0x08003f30                createDecoder
 .text.decodeSPEEX
                0x08003f64       0x54 ..\obj\codec.o
                0x08003f64                decodeSPEEX
 .text._spx_lpc
                0x08003fb8      0x1dc ..\obj\lpc.o
                0x08003fb8                _spx_lpc
 .text._spx_autocorr
                0x08004194      0x108 ..\obj\lpc.o
                0x08004194                _spx_autocorr
 .text.scal_quant
                0x0800429c       0x48 ..\obj\vq.o
                0x0800429c                scal_quant
 .text.scal_quant32
                0x080042e4       0x40 ..\obj\vq.o
                0x080042e4                scal_quant32
 .text.target_update
                0x08004324       0x64 ..\obj\cb_search.o
 .text.split_cb_search_shape_sign
                0x08004388      0xd34 ..\obj\cb_search.o
                0x08004388                split_cb_search_shape_sign
 .text.split_cb_shape_sign_unquant
                0x080050bc      0x190 ..\obj\cb_search.o
                0x080050bc                split_cb_shape_sign_unquant
 .text.noise_codebook_quant
                0x0800524c       0x9c ..\obj\cb_search.o
                0x0800524c                noise_codebook_quant
 .text.spx_ilog4
                0x080052e8       0x64 ..\obj\lsp.o
 .text.spx_sqrt
                0x0800534c       0xbc ..\obj\lsp.o
 .text.spx_acos
                0x08005408       0xa0 ..\obj\lsp.o
 .text.spx_cos  0x080054a8      0x100 ..\obj\lsp.o
 .text.cheb_poly_eva
                0x080055a8       0xd0 ..\obj\lsp.o
 .text.lpc_to_lsp
                0x08005678      0x400 ..\obj\lsp.o
                0x08005678                lpc_to_lsp
 .text.lsp_to_lpc
                0x08005a78      0x5cc ..\obj\lsp.o
                0x08005a78                lsp_to_lpc
 .text.lsp_enforce_margin
                0x08006044      0x128 ..\obj\lsp.o
                0x08006044                lsp_enforce_margin
 .text.lsp_interpolate
                0x0800616c       0x90 ..\obj\lsp.o
                0x0800616c                lsp_interpolate
 .text.GPIO_Init
                0x080061fc      0x11c ..\obj\stm32f4xx_gpio.o
                0x080061fc                GPIO_Init
 .text.GPIO_WriteBit
                0x08006318       0x30 ..\obj\stm32f4xx_gpio.o
                0x08006318                GPIO_WriteBit
 .text.GPIO_PinAFConfig
                0x08006348       0x8c ..\obj\stm32f4xx_gpio.o
                0x08006348                GPIO_PinAFConfig
 .text.SystemInit
                0x080063d4       0xac ..\obj\system_stm32f4xx.o
                0x080063d4                SystemInit
 .text.SystemCoreClockUpdate
                0x08006480      0x154 ..\obj\system_stm32f4xx.o
                0x08006480                SystemCoreClockUpdate
 .text.SetSysClock
                0x080065d4      0x17c ..\obj\system_stm32f4xx.o
 .text._sbrk    0x08006750       0x5c ..\obj\syscalls.o
                0x08006750                _sbrk
 .text._close   0x080067ac       0x18 ..\obj\syscalls.o
                0x080067ac                _close
 .text._fstat   0x080067c4       0x20 ..\obj\syscalls.o
                0x080067c4                _fstat
 .text._isatty  0x080067e4       0x18 ..\obj\syscalls.o
                0x080067e4                _isatty
 .text._lseek   0x080067fc       0x1c ..\obj\syscalls.o
                0x080067fc                _lseek
 .text._read    0x08006818       0x1c ..\obj\syscalls.o
                0x08006818                _read
 .text._write   0x08006834       0x1c ..\obj\syscalls.o
                0x08006834                _write
 .text          0x08006850      0x2b4 ..\obj\filters_cortexM3.o
                0x08006850                filter_mem16
                0x08006976                iir_mem16
                0x08006a40                fir_mem16
 .text.initGPIO_LED
                0x08006b04       0x3c ..\obj\debugLeds.o
                0x08006b04                initGPIO_LED
 .text.debugBlinkBlueLed
                0x08006b40       0x88 ..\obj\debugLeds.o
                0x08006b40                debugBlinkBlueLed
 .text.debugBlinkRedLed
                0x08006bc8       0x88 ..\obj\debugLeds.o
                0x08006bc8                debugBlinkRedLed
 .text.debugBlinkGreenLed
                0x08006c50       0x88 ..\obj\debugLeds.o
                0x08006c50                debugBlinkGreenLed
 .text.spx_ilog4
                0x08006cd8       0x64 ..\obj\nb_celp.o
 .text.speex_rand
                0x08006d3c       0x5c ..\obj\nb_celp.o
 .text.spx_sqrt
                0x08006d98       0xbc ..\obj\nb_celp.o
 .text.speex_alloc
                0x08006e54       0x1c ..\obj\nb_celp.o
 .text.speex_alloc_scratch
                0x08006e70       0x1c ..\obj\nb_celp.o
 .text.speex_free
                0x08006e8c       0x14 ..\obj\nb_celp.o
 .text.speex_free_scratch
                0x08006ea0       0x14 ..\obj\nb_celp.o
 .text.speex_warning_int
                0x08006eb4       0x30 ..\obj\nb_celp.o
 .text.speex_notify
                0x08006ee4       0x2c ..\obj\nb_celp.o
 .text.nb_encoder_init
                0x08006f10      0x2e4 ..\obj\nb_celp.o
                0x08006f10                nb_encoder_init
 .text.nb_encoder_destroy
                0x080071f4       0xb4 ..\obj\nb_celp.o
                0x080071f4                nb_encoder_destroy
 .text.nb_encode
                0x080072a8     0x1604 ..\obj\nb_celp.o
                0x080072a8                nb_encode
 .text.nb_decoder_init
                0x080088ac      0x200 ..\obj\nb_celp.o
                0x080088ac                nb_decoder_init
 .text.nb_decoder_destroy
                0x08008aac       0x54 ..\obj\nb_celp.o
                0x08008aac                nb_decoder_destroy
 .text.nb_decode_lost
                0x08008b00      0x2b0 ..\obj\nb_celp.o
 .text.nb_decode
                0x08008db0     0x159c ..\obj\nb_celp.o
                0x08008db0                nb_decode
 .text.nb_encoder_ctl
                0x0800a34c      0x678 ..\obj\nb_celp.o
                0x0800a34c                nb_encoder_ctl
 .text.nb_decoder_ctl
                0x0800a9c4      0x4e0 ..\obj\nb_celp.o
                0x0800a9c4                nb_decoder_ctl
 .text.SPI_I2S_DeInit
                0x0800aea4       0x78 ..\obj\stm32f4xx_spi.o
                0x0800aea4                SPI_I2S_DeInit
 .text.I2S_Init
                0x0800af1c      0x1d4 ..\obj\stm32f4xx_spi.o
                0x0800af1c                I2S_Init
 .text.I2S_Cmd  0x0800b0f0       0x40 ..\obj\stm32f4xx_spi.o
                0x0800b0f0                I2S_Cmd
 .text.SPI_I2S_ReceiveData
                0x0800b130       0x1c ..\obj\stm32f4xx_spi.o
                0x0800b130                SPI_I2S_ReceiveData
 .text.SPI_I2S_ITConfig
                0x0800b14c       0x60 ..\obj\stm32f4xx_spi.o
                0x0800b14c                SPI_I2S_ITConfig
 .text.SPI_I2S_GetITStatus
                0x0800b1ac       0x78 ..\obj\stm32f4xx_spi.o
                0x0800b1ac                SPI_I2S_GetITStatus
 .text.spx_ilog4
                0x0800b224       0x64 ..\obj\ltp.o
 .text.spx_sqrt
                0x0800b288       0xbc ..\obj\ltp.o
 .text.pitch_gain_search_3tap_vq
                0x0800b344      0x36c ..\obj\ltp.o
                0x0800b344                pitch_gain_search_3tap_vq
 .text.pitch_xcorr
                0x0800b6b0       0x4c ..\obj\ltp.o
                0x0800b6b0                pitch_xcorr
 .text.open_loop_nbest_pitch
                0x0800b6fc      0x568 ..\obj\ltp.o
                0x0800b6fc                open_loop_nbest_pitch
 .text.pitch_gain_search_3tap
                0x0800bc64      0x988 ..\obj\ltp.o
 .text.pitch_search_3tap
                0x0800c5ec      0x380 ..\obj\ltp.o
                0x0800c5ec                pitch_search_3tap
 .text.pitch_unquant_3tap
                0x0800c96c      0x2b4 ..\obj\ltp.o
                0x0800c96c                pitch_unquant_3tap
 .text.I2C_DeInit
                0x0800cc20       0x78 ..\obj\stm32f4xx_i2c.o
                0x0800cc20                I2C_DeInit
 .text.I2C_Init
                0x0800cc98      0x18c ..\obj\stm32f4xx_i2c.o
                0x0800cc98                I2C_Init
 .text.I2C_Cmd  0x0800ce24       0x40 ..\obj\stm32f4xx_i2c.o
                0x0800ce24                I2C_Cmd
 .text.I2C_GenerateSTART
                0x0800ce64       0x40 ..\obj\stm32f4xx_i2c.o
                0x0800ce64                I2C_GenerateSTART
 .text.I2C_GenerateSTOP
                0x0800cea4       0x40 ..\obj\stm32f4xx_i2c.o
                0x0800cea4                I2C_GenerateSTOP
 .text.I2C_Send7bitAddress
                0x0800cee4       0x3c ..\obj\stm32f4xx_i2c.o
                0x0800cee4                I2C_Send7bitAddress
 .text.I2C_AcknowledgeConfig
                0x0800cf20       0x40 ..\obj\stm32f4xx_i2c.o
                0x0800cf20                I2C_AcknowledgeConfig
 .text.I2C_SendData
                0x0800cf60       0x20 ..\obj\stm32f4xx_i2c.o
                0x0800cf60                I2C_SendData
 .text.I2C_ReceiveData
                0x0800cf80       0x1c ..\obj\stm32f4xx_i2c.o
                0x0800cf80                I2C_ReceiveData
 .text.I2C_CheckEvent
                0x0800cf9c       0x60 ..\obj\stm32f4xx_i2c.o
                0x0800cf9c                I2C_CheckEvent
 .text.I2C_GetFlagStatus
                0x0800cffc       0x68 ..\obj\stm32f4xx_i2c.o
                0x0800cffc                I2C_GetFlagStatus
 .text.I2C_ClearFlag
                0x0800d064       0x2c ..\obj\stm32f4xx_i2c.o
                0x0800d064                I2C_ClearFlag
 .text.NVIC_PriorityGroupConfig
                0x0800d090       0x28 ..\obj\misc.o
                0x0800d090                NVIC_PriorityGroupConfig
 .text.NVIC_Init
                0x0800d0b8       0xcc ..\obj\misc.o
                0x0800d0b8                NVIC_Init
 .text.vbr_init
                0x0800d184       0xac ..\obj\vbr.o
                0x0800d184                vbr_init
 .text.vbr_destroy
                0x0800d230       0x14 ..\obj\vbr.o
                0x0800d230                vbr_destroy
 .text          0x0800d244       0xaa ..\obj\vq_cortexm3.o
                0x0800d244                vq_nbest
 *fill*         0x0800d2ee        0x2 
 .text.TIM_TimeBaseInit
                0x0800d2f0       0xec ..\obj\stm32f4xx_tim.o
                0x0800d2f0                TIM_TimeBaseInit
 .text.TIM_TimeBaseStructInit
                0x0800d3dc       0x34 ..\obj\stm32f4xx_tim.o
                0x0800d3dc                TIM_TimeBaseStructInit
 .text.TIM_Cmd  0x0800d410       0x40 ..\obj\stm32f4xx_tim.o
                0x0800d410                TIM_Cmd
 .text.TIM_ITConfig
                0x0800d450       0x48 ..\obj\stm32f4xx_tim.o
                0x0800d450                TIM_ITConfig
 .text.TIM_GetITStatus
                0x0800d498       0x54 ..\obj\stm32f4xx_tim.o
                0x0800d498                TIM_GetITStatus
 .text.TIM_ClearITPendingBit
                0x0800d4ec       0x20 ..\obj\stm32f4xx_tim.o
                0x0800d4ec                TIM_ClearITPendingBit
 *fill*         0x0800d50c        0x4 
 .text.PDM_Filter_Init
                0x0800d510      0x108 ..\..\..\libpdmfilter_gcc.a(pdm_filter.o)
                0x0800d510                PDM_Filter_Init
 .text.PDM_Filter_64_LSB
                0x0800d618      0x2e4 ..\..\..\libpdmfilter_gcc.a(pdm_filter.o)
                0x0800d618                PDM_Filter_64_LSB
 .text          0x0800d8fc       0xec c:/codest/bin/../lib/gcc/arm-none-eabi/4.8.1/../../../../arm-none-eabi/lib/thumb2\libm.a(lib_a-w_log.o)
                0x0800d8fc                log
 .text          0x0800d9e8      0x3f8 c:/codest/bin/../lib/gcc/arm-none-eabi/4.8.1/../../../../arm-none-eabi/lib/thumb2\libm.a(lib_a-e_log.o)
                0x0800d9e8                __ieee754_log
 .text          0x0800dde0       0x50 c:/codest/bin/../lib/gcc/arm-none-eabi/4.8.1/../../../../arm-none-eabi/lib/thumb2\libm.a(lib_a-s_fpclassify.o)
                0x0800dde0                __fpclassifyd
 .text          0x0800de30        0x4 c:/codest/bin/../lib/gcc/arm-none-eabi/4.8.1/../../../../arm-none-eabi/lib/thumb2\libm.a(lib_a-s_matherr.o)
                0x0800de30                matherr
 .text          0x0800de34        0xc c:/codest/bin/../lib/gcc/arm-none-eabi/4.8.1/../../../../arm-none-eabi/lib/thumb2\libm.a(lib_a-s_nan.o)
                0x0800de34                nan
 .text          0x0800de40      0x370 c:/codest/bin/../lib/gcc/arm-none-eabi/4.8.1/thumb2\libgcc.a(_arm_addsubdf3.o)
                0x0800de40                __aeabi_drsub
                0x0800de48                __aeabi_dsub
                0x0800de48                __subdf3
                0x0800de4c                __aeabi_dadd
                0x0800de4c                __adddf3
                0x0800e0c4                __floatunsidf
                0x0800e0c4                __aeabi_ui2d
                0x0800e0e4                __floatsidf
                0x0800e0e4                __aeabi_i2d
                0x0800e108                __aeabi_f2d
                0x0800e108                __extendsfdf2
                0x0800e144                __floatundidf
                0x0800e144                __aeabi_ul2d
                0x0800e154                __floatdidf
                0x0800e154                __aeabi_l2d
 .text          0x0800e1b0      0x424 c:/codest/bin/../lib/gcc/arm-none-eabi/4.8.1/thumb2\libgcc.a(_arm_muldivdf3.o)
                0x0800e1b0                __aeabi_dmul
                0x0800e1b0                __muldf3
                0x0800e404                __divdf3
                0x0800e404                __aeabi_ddiv
 .text          0x0800e5d4      0x110 c:/codest/bin/../lib/gcc/arm-none-eabi/4.8.1/thumb2\libgcc.a(_arm_cmpdf2.o)
                0x0800e5d4                __gtdf2
                0x0800e5d4                __gedf2
                0x0800e5dc                __ltdf2
                0x0800e5dc                __ledf2
                0x0800e5e4                __nedf2
                0x0800e5e4                __eqdf2
                0x0800e5e4                __cmpdf2
                0x0800e660                __aeabi_cdrcmple
                0x0800e670                __aeabi_cdcmpeq
                0x0800e670                __aeabi_cdcmple
                0x0800e680                __aeabi_dcmpeq
                0x0800e694                __aeabi_dcmplt
                0x0800e6a8                __aeabi_dcmple
                0x0800e6bc                __aeabi_dcmpge
                0x0800e6d0                __aeabi_dcmpgt
 .text          0x0800e6e4       0x50 c:/codest/bin/../lib/gcc/arm-none-eabi/4.8.1/thumb2\libgcc.a(_arm_fixdfsi.o)
                0x0800e6e4                __aeabi_d2iz
                0x0800e6e4                __fixdfsi
 .text          0x0800e734       0x40 c:/codest/bin/../lib/gcc/arm-none-eabi/4.8.1/thumb2\libgcc.a(_arm_fixunsdfsi.o)
                0x0800e734                __aeabi_d2uiz
                0x0800e734                __fixunsdfsi
 .text          0x0800e774       0xa0 c:/codest/bin/../lib/gcc/arm-none-eabi/4.8.1/thumb2\libgcc.a(_arm_truncdfsf2.o)
                0x0800e774                __truncdfsf2
                0x0800e774                __aeabi_d2f
 .text          0x0800e814      0x2a0 c:/codest/bin/../lib/gcc/arm-none-eabi/4.8.1/thumb2\libgcc.a(_arm_muldivsf3.o)
                0x0800e814                __mulsf3
                0x0800e814                __aeabi_fmul
                0x0800e97c                __aeabi_fdiv
                0x0800e97c                __divsf3
 .text          0x0800eab4       0xec c:/codest/bin/../lib/gcc/arm-none-eabi/4.8.1/thumb2\libgcc.a(_arm_cmpsf2.o)
                0x0800eab4                __gesf2
                0x0800eab4                __gtsf2
                0x0800eabc                __lesf2
                0x0800eabc                __ltsf2
                0x0800eac4                __nesf2
                0x0800eac4                __eqsf2
                0x0800eac4                __cmpsf2
                0x0800eb24                __aeabi_cfrcmple
                0x0800eb2c                __aeabi_cfcmpeq
                0x0800eb2c                __aeabi_cfcmple
                0x0800eb3c                __aeabi_fcmpeq
                0x0800eb50                __aeabi_fcmplt
                0x0800eb64                __aeabi_fcmple
                0x0800eb78                __aeabi_fcmpge
                0x0800eb8c                __aeabi_fcmpgt
 .text          0x0800eba0       0x14 c:/codest/bin/../lib/gcc/arm-none-eabi/4.8.1/../../../../arm-none-eabi/lib/thumb2\libc.a(lib_a-calloc.o)
                0x0800eba0                calloc
 .text          0x0800ebb4       0x64 c:/codest/bin/../lib/gcc/arm-none-eabi/4.8.1/../../../../arm-none-eabi/lib/thumb2\libc.a(lib_a-callocr.o)
                0x0800ebb4                _calloc_r
 .text          0x0800ec18        0xc c:/codest/bin/../lib/gcc/arm-none-eabi/4.8.1/../../../../arm-none-eabi/lib/thumb2\libc.a(lib_a-errno.o)
                0x0800ec18                __errno
 .text          0x0800ec24       0x4c c:/codest/bin/../lib/gcc/arm-none-eabi/4.8.1/../../../../arm-none-eabi/lib/thumb2\libc.a(lib_a-fprintf.o)
                0x0800ec24                _fprintf_r
                0x0800ec44                fprintf
 .text          0x0800ec70       0x20 c:/codest/bin/../lib/gcc/arm-none-eabi/4.8.1/../../../../arm-none-eabi/lib/thumb2\libc.a(lib_a-malloc.o)
                0x0800ec70                malloc
                0x0800ec80                free
 .text          0x0800ec90      0x570 c:/codest/bin/../lib/gcc/arm-none-eabi/4.8.1/../../../../arm-none-eabi/lib/thumb2\libc.a(lib_a-mallocr.o)
                0x0800ec90                _malloc_r
 .text          0x0800f200       0xa8 c:/codest/bin/../lib/gcc/arm-none-eabi/4.8.1/../../../../arm-none-eabi/lib/thumb2\libc.a(lib_a-memcpy-stub.o)
                0x0800f200                memcpy
 .text          0x0800f2a8       0xd0 c:/codest/bin/../lib/gcc/arm-none-eabi/4.8.1/../../../../arm-none-eabi/lib/thumb2\libc.a(lib_a-memmove.o)
                0x0800f2a8                memmove
 .text          0x0800f378       0xa0 c:/codest/bin/../lib/gcc/arm-none-eabi/4.8.1/../../../../arm-none-eabi/lib/thumb2\libc.a(lib_a-memset.o)
                0x0800f378                memset
 .text          0x0800f418        0x8 c:/codest/bin/../lib/gcc/arm-none-eabi/4.8.1/../../../../arm-none-eabi/lib/thumb2\libc.a(lib_a-mlock.o)
                0x0800f418                __malloc_lock
                0x0800f41c                __malloc_unlock
 .text          0x0800f420       0x14 c:/codest/bin/../lib/gcc/arm-none-eabi/4.8.1/../../../../arm-none-eabi/lib/thumb2\libc.a(lib_a-realloc.o)
                0x0800f420                realloc
 .text          0x0800f434      0x3ec c:/codest/bin/../lib/gcc/arm-none-eabi/4.8.1/../../../../arm-none-eabi/lib/thumb2\libc.a(lib_a-reallocr.o)
                0x0800f434                _realloc_r
 .text          0x0800f820       0x28 c:/codest/bin/../lib/gcc/arm-none-eabi/4.8.1/../../../../arm-none-eabi/lib/thumb2\libc.a(lib_a-sbrkr.o)
                0x0800f820                _sbrk_r
 .text          0x0800f848     0x15f0 c:/codest/bin/../lib/gcc/arm-none-eabi/4.8.1/../../../../arm-none-eabi/lib/thumb2\libc.a(lib_a-vfprintf.o)
                0x0800f848                _vfprintf_r
                0x08010da0                vfprintf
 .text          0x08010e38       0xe8 c:/codest/bin/../lib/gcc/arm-none-eabi/4.8.1/../../../../arm-none-eabi/lib/thumb2\libc.a(lib_a-wbuf.o)
                0x08010e38                __swbuf_r
                0x08010f0c                __swbuf
 .text          0x08010f20       0xf8 c:/codest/bin/../lib/gcc/arm-none-eabi/4.8.1/../../../../arm-none-eabi/lib/thumb2\libc.a(lib_a-wsetup.o)
                0x08010f20                __swsetup_r
 .text          0x08011018     0x10d8 c:/codest/bin/../lib/gcc/arm-none-eabi/4.8.1/../../../../arm-none-eabi/lib/thumb2\libc.a(lib_a-dtoa.o)
                0x08011164                _dtoa_r
 .text          0x080120f0      0x1d8 c:/codest/bin/../lib/gcc/arm-none-eabi/4.8.1/../../../../arm-none-eabi/lib/thumb2\libc.a(lib_a-fflush.o)
                0x080120f0                __sflush_r
                0x08012240                _fflush_r
                0x080122a0                fflush
 .text          0x080122c8      0x248 c:/codest/bin/../lib/gcc/arm-none-eabi/4.8.1/../../../../arm-none-eabi/lib/thumb2\libc.a(lib_a-findfp.o)
                0x080122d0                _cleanup_r
                0x080122dc                __sfmoreglue
                0x0801230c                _cleanup
                0x08012324                __sinit
                0x08012448                __sfp
                0x080124d0                __sfp_lock_acquire
                0x080124d4                __sfp_lock_release
                0x080124d8                __sinit_lock_acquire
                0x080124dc                __sinit_lock_release
                0x080124e0                __fp_lock_all
                0x080124f8                __fp_unlock_all
 .text          0x08012510      0x23c c:/codest/bin/../lib/gcc/arm-none-eabi/4.8.1/../../../../arm-none-eabi/lib/thumb2\libc.a(lib_a-freer.o)
                0x08012510                _malloc_trim_r
                0x080125b4                _free_r
 .text          0x0801274c       0x94 c:/codest/bin/../lib/gcc/arm-none-eabi/4.8.1/../../../../arm-none-eabi/lib/thumb2\libc.a(lib_a-fwalk.o)
                0x0801274c                _fwalk
                0x08012794                _fwalk_reent
 .text          0x080127e0       0x9c c:/codest/bin/../lib/gcc/arm-none-eabi/4.8.1/../../../../arm-none-eabi/lib/thumb2\libc.a(lib_a-locale.o)
                0x080127e0                _setlocale_r
                0x08012834                __locale_charset
                0x08012840                __locale_mb_cur_max
                0x0801284c                __locale_msgcharset
                0x08012854                __locale_cjk_lang
                0x08012858                _localeconv_r
                0x08012860                setlocale
                0x08012874                localeconv
 .text          0x0801287c       0xe8 c:/codest/bin/../lib/gcc/arm-none-eabi/4.8.1/../../../../arm-none-eabi/lib/thumb2\libc.a(lib_a-makebuf.o)
                0x0801287c                __smakebuf_r
 .text          0x08012964       0x90 c:/codest/bin/../lib/gcc/arm-none-eabi/4.8.1/../../../../arm-none-eabi/lib/thumb2\libc.a(lib_a-memchr-stub.o)
                0x08012964                memchr
 .text          0x080129f4      0x938 c:/codest/bin/../lib/gcc/arm-none-eabi/4.8.1/../../../../arm-none-eabi/lib/thumb2\libc.a(lib_a-mprec.o)
                0x080129f4                _Balloc
                0x08012a60                _Bfree
                0x08012a98                __multadd
                0x08012b24                __s2b
                0x08012bbc                __hi0bits
                0x08012bf8                __lo0bits
                0x08012c50                __i2b
                0x08012c64                __multiply
                0x08012da4                __pow5mult
                0x08012e5c                __lshift
                0x08012f14                __mcmp
                0x08012f58                __mdiff
                0x08013044                __ulp
                0x08013088                __b2d
                0x08013134                __d2b
                0x080131f0                __ratio
                0x08013250                _mprec_log10
                0x08013284                __copybits
                0x080132cc                __any_on
 .text          0x0801332c       0x88 c:/codest/bin/../lib/gcc/arm-none-eabi/4.8.1/../../../../arm-none-eabi/lib/thumb2\libc.a(lib_a-stdio.o)
                0x0801332c                __sread
                0x08013350                __seofread
                0x08013354                __swrite
                0x0801338c                __sseek
                0x080133ac                __sclose
 .text          0x080133b4      0x23c c:/codest/bin/../lib/gcc/arm-none-eabi/4.8.1/../../../../arm-none-eabi/lib/thumb2\libc.a(lib_a-strcmp.o)
                0x080133b4                strcmp
 .text          0x080135f0       0x60 c:/codest/bin/../lib/gcc/arm-none-eabi/4.8.1/../../../../arm-none-eabi/lib/thumb2\libc.a(lib_a-strlen.o)
                0x080135f0                strlen
 .text          0x08013650      0xeb8 c:/codest/bin/../lib/gcc/arm-none-eabi/4.8.1/../../../../arm-none-eabi/lib/thumb2\libc.a(lib_a-vfiprintf.o)
                0x080136c8                __sprint_r
                0x080136e0                _vfiprintf_r
                0x08014470                vfiprintf
 .text          0x08014508       0x2c c:/codest/bin/../lib/gcc/arm-none-eabi/4.8.1/../../../../arm-none-eabi/lib/thumb2\libc.a(lib_a-writer.o)
                0x08014508                _write_r
 .text          0x08014534       0x28 c:/codest/bin/../lib/gcc/arm-none-eabi/4.8.1/../../../../arm-none-eabi/lib/thumb2\libc.a(lib_a-closer.o)
                0x08014534                _close_r
 .text          0x0801455c       0xc0 c:/codest/bin/../lib/gcc/arm-none-eabi/4.8.1/../../../../arm-none-eabi/lib/thumb2\libc.a(lib_a-fclose.o)
                0x0801455c                _fclose_r
                0x0801460c                fclose
 .text          0x0801461c      0x124 c:/codest/bin/../lib/gcc/arm-none-eabi/4.8.1/../../../../arm-none-eabi/lib/thumb2\libc.a(lib_a-fputwc.o)
                0x0801461c                _fputwc_r
                0x080146e4                fputwc
 .text          0x08014740       0x28 c:/codest/bin/../lib/gcc/arm-none-eabi/4.8.1/../../../../arm-none-eabi/lib/thumb2\libc.a(lib_a-fstatr.o)
                0x08014740                _fstat_r
 .text          0x08014768      0x2f4 c:/codest/bin/../lib/gcc/arm-none-eabi/4.8.1/../../../../arm-none-eabi/lib/thumb2\libc.a(lib_a-fvwrite.o)
                0x08014768                __sfvwrite_r
 .text          0x08014a5c       0x28 c:/codest/bin/../lib/gcc/arm-none-eabi/4.8.1/../../../../arm-none-eabi/lib/thumb2\libc.a(lib_a-isattyr.o)
                0x08014a5c                _isatty_r
 .text          0x08014a84       0x2c c:/codest/bin/../lib/gcc/arm-none-eabi/4.8.1/../../../../arm-none-eabi/lib/thumb2\libc.a(lib_a-lseekr.o)
                0x08014a84                _lseek_r
 .text          0x08014ab0       0x2c c:/codest/bin/../lib/gcc/arm-none-eabi/4.8.1/../../../../arm-none-eabi/lib/thumb2\libc.a(lib_a-readr.o)
                0x08014ab0                _read_r
 .text          0x08014adc       0xb4 c:/codest/bin/../lib/gcc/arm-none-eabi/4.8.1/../../../../arm-none-eabi/lib/thumb2\libc.a(lib_a-wcrtomb.o)
                0x08014adc                _wcrtomb_r
                0x08014b34                wcrtomb
 .text          0x08014b90       0x48 c:/codest/bin/../lib/gcc/arm-none-eabi/4.8.1/../../../../arm-none-eabi/lib/thumb2\libc.a(lib_a-wctomb_r.o)
                0x08014b90                __ascii_wctomb
                0x08014ba8                _wctomb_r
 .text          0x08014bd8      0x278 c:/codest/bin/../lib/gcc/arm-none-eabi/4.8.1/thumb2\libgcc.a(_udivsi3.o)
                0x08014bd8                __aeabi_uidiv
                0x08014bd8                __udivsi3
                0x08014e34                __aeabi_uidivmod
 .text          0x08014e50        0x4 c:/codest/bin/../lib/gcc/arm-none-eabi/4.8.1/thumb2\libgcc.a(_dvmd_tls.o)
                0x08014e50                __aeabi_idiv0
                0x08014e50                __aeabi_ldiv0
 .text          0x08014e54       0x2c c:/codest/bin/../lib/gcc/arm-none-eabi/4.8.1/thumb2\libgcc.a(_aeabi_uldivmod.o)
                0x08014e54                __aeabi_uldivmod
 .text          0x08014e80       0x60 c:/codest/bin/../lib/gcc/arm-none-eabi/4.8.1/thumb2\libgcc.a(bpabi.o)
                0x08014e80                __gnu_ldivmod_helper
                0x08014eb0                __gnu_uldivmod_helper
 .text          0x08014ee0      0x354 c:/codest/bin/../lib/gcc/arm-none-eabi/4.8.1/thumb2\libgcc.a(_divdi3.o)
                0x08014ee0                __divdi3
 .text          0x08015234      0x300 c:/codest/bin/../lib/gcc/arm-none-eabi/4.8.1/thumb2\libgcc.a(_udivdi3.o)
                0x08015234                __udivdi3
 *(.glue_7t)
 .glue_7t       0x00000000        0x0 linker stubs
 *(.glue_7)
 .glue_7        0x00000000        0x0 linker stubs
 *(.rodata .rodata* .gnu.linkonce.r.*)
 .rodata        0x08015534      0x780 ..\obj\lsp_tables_nb.o
                0x08015534                cdbk_nb
                0x080157b4                cdbk_nb_low1
                0x080158f4                cdbk_nb_low2
                0x08015a34                cdbk_nb_high1
                0x08015b74                cdbk_nb_high2
 .rodata        0x08015cb4       0x64 ..\obj\speex.o
 .rodata        0x08015d18       0x6c ..\obj\filters.o
                0x08015d58                shift_filt
 .rodata        0x08015d84      0x160 ..\obj\bits.o
 .rodata        0x08015ee4      0x1a8 ..\obj\window.o
                0x08015ee4                lag_window
                0x08015efc                lpc_window
 .rodata        0x0801608c      0x190 ..\obj\nb_celp.o
                0x080160b0                ol_gain_table
                0x08016130                exc_gain_quant_scal3_bound
                0x08016140                exc_gain_quant_scal3
                0x08016150                exc_gain_quant_scal1_bound
                0x08016154                exc_gain_quant_scal1
                0x08016158                attenuation
 .rodata        0x0801621c      0x124 ..\obj\modes.o
                0x0801630c                speex_nb_mode
 .rodata        0x08016340      0x100 ..\obj\ltp.o
 .rodata        0x08016440       0x80 ..\obj\gain_table_lbr.o
                0x08016440                gain_cdbk_lbr
 .rodata        0x080164c0      0x140 ..\obj\exc_10_32_table.o
                0x080164c0                exc_10_32_table
 .rodata.str1.4
                0x08016600        0x4 c:/codest/bin/../lib/gcc/arm-none-eabi/4.8.1/../../../../arm-none-eabi/lib/thumb2\libm.a(lib_a-w_log.o)
                                  0x8 (size before relaxing)
 .rodata        0x08016604        0x4 c:/codest/bin/../lib/gcc/arm-none-eabi/4.8.1/../../../../arm-none-eabi/lib/thumb2\libc.a(lib_a-impure.o)
                0x08016604                _global_impure_ptr
 .rodata.str1.4
                0x08016608        0x2 c:/codest/bin/../lib/gcc/arm-none-eabi/4.8.1/../../../../arm-none-eabi/lib/thumb2\libc.a(lib_a-impure.o)
                                  0x4 (size before relaxing)
 *fill*         0x0801660a        0x2 
 .rodata        0x0801660c       0x20 c:/codest/bin/../lib/gcc/arm-none-eabi/4.8.1/../../../../arm-none-eabi/lib/thumb2\libc.a(lib_a-vfprintf.o)
 .rodata.str1.4
                0x0801662c       0x42 c:/codest/bin/../lib/gcc/arm-none-eabi/4.8.1/../../../../arm-none-eabi/lib/thumb2\libc.a(lib_a-vfprintf.o)
                                 0x44 (size before relaxing)
 *fill*         0x0801666e        0x2 
 .rodata.str1.4
                0x08016670       0x10 c:/codest/bin/../lib/gcc/arm-none-eabi/4.8.1/../../../../arm-none-eabi/lib/thumb2\libc.a(lib_a-dtoa.o)
                                 0x14 (size before relaxing)
 .rodata        0x08016680       0x60 c:/codest/bin/../lib/gcc/arm-none-eabi/4.8.1/../../../../arm-none-eabi/lib/thumb2\libc.a(lib_a-findfp.o)
                0x08016680                __sf_fake_stderr
                0x080166a0                __sf_fake_stdout
                0x080166c0                __sf_fake_stdin
 .rodata.str1.4
                0x080166e0        0xc c:/codest/bin/../lib/gcc/arm-none-eabi/4.8.1/../../../../arm-none-eabi/lib/thumb2\libc.a(lib_a-locale.o)
                                 0x14 (size before relaxing)
 *fill*         0x080166ec        0x4 
 .rodata        0x080166f0      0x128 c:/codest/bin/../lib/gcc/arm-none-eabi/4.8.1/../../../../arm-none-eabi/lib/thumb2\libc.a(lib_a-mprec.o)
                0x08016700                __mprec_tens
                0x080167c8                __mprec_tinytens
                0x080167f0                __mprec_bigtens
 .rodata        0x08016818       0x20 c:/codest/bin/../lib/gcc/arm-none-eabi/4.8.1/../../../../arm-none-eabi/lib/thumb2\libc.a(lib_a-vfiprintf.o)
 .rodata.str1.4
                0x00000000       0x30 c:/codest/bin/../lib/gcc/arm-none-eabi/4.8.1/../../../../arm-none-eabi/lib/thumb2\libc.a(lib_a-vfiprintf.o)

.vfp11_veneer   0x08016838        0x0
 .vfp11_veneer  0x00000000        0x0 linker stubs

.v4_bx          0x08016838        0x0
 .v4_bx         0x00000000        0x0 linker stubs

.iplt           0x08016838        0x0
 .iplt          0x00000000        0x0 ..\obj\stm32f4xx_syscfg.o

.ARM.extab
 *(.ARM.extab* .gnu.linkonce.armextab.*)

.ARM.exidx      0x08016838        0x8
 *(.ARM.exidx* .gnu.linkonce.armexidx.*)
 .ARM.exidx     0x08016838        0x8 c:/codest/bin/../lib/gcc/arm-none-eabi/4.8.1/thumb2\libgcc.a(_divdi3.o)
 .ARM.exidx     0x08016840        0x0 c:/codest/bin/../lib/gcc/arm-none-eabi/4.8.1/thumb2\libgcc.a(_udivdi3.o)
                                  0x8 (size before relaxing)

.rel.dyn        0x08016840        0x0
 .rel.iplt      0x00000000        0x0 ..\obj\stm32f4xx_syscfg.o
                0x08016840                . = ALIGN (0x4)
                0x08016840                _etext = .
                0x08016840                _sidata = .

.data           0x20000000      0x8d4 load address 0x08016840
                0x20000000                _sdata = .
 *(.data .data.*)
 .data          0x20000000        0x4 ..\obj\SndPlay.o
                0x20000000                CODECTimeout
 .data          0x20000004       0x24 ..\obj\main.o
                0x20000004                wrFlg
                0x20000008                sin_m
 .data          0x20000028       0x10 ..\obj\stm32f4xx_rcc.o
 .data          0x20000038       0x14 ..\obj\system_stm32f4xx.o
                0x20000038                SystemCoreClock
                0x2000003c                AHBPrescTable
 .data.T0       0x2000004c      0x100 ..\..\..\libpdmfilter_gcc.a(pdm_filter.o)
                0x2000004c                T0
 .data.T1       0x2000014c      0x100 ..\..\..\libpdmfilter_gcc.a(pdm_filter.o)
                0x2000014c                T1
 .data.T2       0x2000024c      0x100 ..\..\..\libpdmfilter_gcc.a(pdm_filter.o)
                0x2000024c                T2
 .data          0x2000034c        0x1 c:/codest/bin/../lib/gcc/arm-none-eabi/4.8.1/../../../../arm-none-eabi/lib/thumb2\libm.a(lib_a-s_lib_ver.o)
                0x2000034c                __fdlib_version
 *fill*         0x2000034d        0x3 
 .data          0x20000350       0xf4 c:/codest/bin/../lib/gcc/arm-none-eabi/4.8.1/../../../../arm-none-eabi/lib/thumb2\libc.a(lib_a-impure.o)
                0x20000350                _impure_ptr
 .data          0x20000444      0x410 c:/codest/bin/../lib/gcc/arm-none-eabi/4.8.1/../../../../arm-none-eabi/lib/thumb2\libc.a(lib_a-mallocr.o)
                0x20000444                __malloc_av_
                0x2000084c                __malloc_sbrk_base
                0x20000850                __malloc_trim_threshold
 .data          0x20000854       0x7c c:/codest/bin/../lib/gcc/arm-none-eabi/4.8.1/../../../../arm-none-eabi/lib/thumb2\libc.a(lib_a-locale.o)
                0x20000874                __mb_cur_max
 .data          0x200008d0        0x4 c:/codest/bin/../lib/gcc/arm-none-eabi/4.8.1/../../../../arm-none-eabi/lib/thumb2\libc.a(lib_a-wctomb_r.o)
                0x200008d0                __wctomb
                0x200008d4                . = ALIGN (0x4)
                0x200008d4                _edata = .

.igot.plt       0x200008d4        0x0 load address 0x08017114
 .igot.plt      0x00000000        0x0 ..\obj\stm32f4xx_syscfg.o

.bss            0x200008d4     0x12fc load address 0x08017114
                0x200008d4                _sbss = .
 *(.bss .bss.*)
 .bss           0x200008d4        0x4 ..\obj\SndMic.o
                0x200008d4                InternalBufferSize
 .bss           0x200008d8       0x10 ..\obj\main.o
                0x200008d8                keyAB
                0x200008d9                recFlg
                0x200008da                sendFlg
                0x200008e0                bFlg
 .bss           0x200008e8        0x8 ..\obj\codec.o
                0x200008e8                pDec
                0x200008ec                pEnc
 .bss           0x200008f0        0x4 ..\obj\syscalls.o
 .bss           0x200008f4       0x20 ..\obj\debugLeds.o
 .bss.stm32_crc
                0x20000914        0x4 ..\..\..\libpdmfilter_gcc.a(pdm_filter.o)
                0x20000914                stm32_crc
 .bss           0x20000918       0x34 c:/codest/bin/../lib/gcc/arm-none-eabi/4.8.1/../../../../arm-none-eabi/lib/thumb2\libc.a(lib_a-mallocr.o)
                0x20000918                __malloc_top_pad
                0x2000091c                __malloc_current_mallinfo
                0x20000944                __malloc_max_sbrked_mem
                0x20000948                __malloc_max_total_mem
 *(COMMON)
 COMMON         0x2000094c      0xc1a ..\obj\SndPlay.o
                0x2000094c                inSpxBff
                0x20000a1c                pcmbff
                0x20000de4                buffOUTPCM
 *fill*         0x20001566        0x2 
 COMMON         0x20001568       0xf4 ..\obj\SndMic.o
                0x20001568                InternalBuffer
                0x200015e8                RecBuf1
                0x20001608                RecBuf
                0x20001628                Filter
 COMMON         0x2000165c      0x294 ..\obj\main.o
                0x2000165c                pcm_dataA
                0x2000179c                spx_data
                0x200017b0                pcm_dataB
 COMMON         0x200018f0      0x2dc ..\obj\codec.o
                0x200018f0                inbits
                0x20001914                obits
                0x20001938                in_short
                0x20001a78                out_short
                0x20001bb8                in_byte
 COMMON         0x20001bcc        0x4 c:/codest/bin/../lib/gcc/arm-none-eabi/4.8.1/../../../../arm-none-eabi/lib/thumb2\libc.a(lib_a-reent.o)
                0x20001bcc                errno
                0x20001bd0                . = ALIGN (0x4)
                0x20001bd0                _ebss = .

.co_stack       0x20001bd0     0x2000 load address 0x08018410
                0x20001bd0                . = ALIGN (0x8)
 *(.co_stack .co_stack.*)
 .co_stack      0x20001bd0     0x2000 ..\obj\startup_stm32f4xx.o
                0x20001bd0                pulStack
                0x20003bd0                . = ALIGN (0x4)
                0x20003bd0                _end = .
LOAD ..\obj\stm32f4xx_syscfg.o
LOAD ..\obj\modes_wb.o
LOAD ..\obj\speex_callbacks.o
LOAD ..\obj\SndPlay.o
LOAD ..\obj\gain_table.o
LOAD ..\obj\lsp_tables_nb.o
LOAD ..\obj\timer.o
LOAD ..\obj\kiss_fft.o
LOAD ..\obj\speex.o
LOAD ..\obj\resample.o
LOAD ..\obj\filterbank.o
LOAD ..\obj\SndMic.o
LOAD ..\obj\quant_lsp.o
LOAD ..\obj\exc_5_256_table.o
LOAD ..\obj\ltp_cortexM3.o
LOAD ..\obj\startup_stm32f4xx.o
LOAD ..\obj\filters.o
LOAD ..\obj\exc_5_64_table.o
LOAD ..\obj\bits.o
LOAD ..\obj\main.o
LOAD ..\obj\stm32f4xx_rcc.o
LOAD ..\obj\codec.o
LOAD ..\obj\speex_header.o
LOAD ..\obj\sb_celp.o
LOAD ..\obj\lpc.o
LOAD ..\obj\vq.o
LOAD ..\obj\preprocess.o
LOAD ..\obj\cb_search.o
LOAD ..\obj\mdf.o
LOAD ..\obj\buffer.o
LOAD ..\obj\hexc_10_32_table.o
LOAD ..\obj\window.o
LOAD ..\obj\lsp.o
LOAD ..\obj\fftwrap.o
LOAD ..\obj\stm32f4xx_gpio.o
LOAD ..\obj\exc_8_128_table.o
LOAD ..\obj\system_stm32f4xx.o
LOAD ..\obj\syscalls.o
LOAD ..\obj\filters_cortexM3.o
LOAD ..\obj\debugLeds.o
LOAD ..\obj\nb_celp.o
LOAD ..\obj\modes.o
LOAD ..\obj\high_lsp_tables.o
LOAD ..\obj\smallft.o
LOAD ..\obj\stm32f4xx_spi.o
LOAD ..\obj\ltp.o
LOAD ..\obj\stm32f4xx_i2c.o
LOAD ..\obj\misc.o
LOAD ..\obj\exc_10_16_table.o
LOAD ..\obj\kiss_fftr.o
LOAD ..\obj\hexc_table.o
LOAD ..\obj\vbr.o
LOAD ..\obj\gain_table_lbr.o
LOAD ..\obj\jitter.o
LOAD ..\obj\vq_cortexm3.o
LOAD ..\obj\exc_10_32_table.o
LOAD ..\obj\stm32f4xx_tim.o
LOAD ..\obj\exc_20_32_table.o
LOAD ..\..\..\libpdmfilter_gcc.a
LOAD c:/codest/bin/../lib/gcc/arm-none-eabi/4.8.1/../../../../arm-none-eabi/lib/thumb2\libm.a
LOAD c:/codest/bin/../lib/gcc/arm-none-eabi/4.8.1/thumb2\libgcc.a
LOAD c:/codest/bin/../lib/gcc/arm-none-eabi/4.8.1/../../../../arm-none-eabi/lib/thumb2\libc.a
START GROUP
LOAD c:/codest/bin/../lib/gcc/arm-none-eabi/4.8.1/thumb2\libgcc.a
LOAD c:/codest/bin/../lib/gcc/arm-none-eabi/4.8.1/../../../../arm-none-eabi/lib/thumb2\libc.a
END GROUP
OUTPUT(speex_codec.elf elf32-littlearm)

.debug_info     0x00000000    0x12c7c
 .debug_info    0x00000000      0xc47 ..\obj\speex_callbacks.o
 .debug_info    0x00000c47      0xaaf ..\obj\SndPlay.o
 .debug_info    0x000016f6       0xb9 ..\obj\lsp_tables_nb.o
 .debug_info    0x000017af      0x884 ..\obj\timer.o
 .debug_info    0x00002033     0x121f ..\obj\speex.o
 .debug_info    0x00003252      0xa6d ..\obj\SndMic.o
 .debug_info    0x00003cbf      0xf05 ..\obj\quant_lsp.o
 .debug_info    0x00004bc4       0xb3 ..\obj\ltp_cortexM3.o
 .debug_info    0x00004c77       0xed ..\obj\startup_stm32f4xx.o
 .debug_info    0x00004d64      0xe2f ..\obj\filters.o
 .debug_info    0x00005b93      0xeb7 ..\obj\bits.o
 .debug_info    0x00006a4a      0x5b6 ..\obj\main.o
 .debug_info    0x00007000      0xc21 ..\obj\stm32f4xx_rcc.o
 .debug_info    0x00007c21      0x42c ..\obj\codec.o
 .debug_info    0x0000804d      0x1a1 ..\obj\lpc.o
 .debug_info    0x000081ee      0x200 ..\obj\vq.o
 .debug_info    0x000083ee     0x1023 ..\obj\cb_search.o
 .debug_info    0x00009411       0x86 ..\obj\window.o
 .debug_info    0x00009497      0x652 ..\obj\lsp.o
 .debug_info    0x00009ae9      0x5d6 ..\obj\stm32f4xx_gpio.o
 .debug_info    0x0000a0bf      0x566 ..\obj\system_stm32f4xx.o
 .debug_info    0x0000a625      0x3ee ..\obj\syscalls.o
 .debug_info    0x0000aa13       0xb7 ..\obj\filters_cortexM3.o
 .debug_info    0x0000aaca      0x4b6 ..\obj\debugLeds.o
 .debug_info    0x0000af80     0x2334 ..\obj\nb_celp.o
 .debug_info    0x0000d2b4      0x815 ..\obj\modes.o
 .debug_info    0x0000dac9      0xadb ..\obj\stm32f4xx_spi.o
 .debug_info    0x0000e5a4     0x1618 ..\obj\ltp.o
 .debug_info    0x0000fbbc      0xac8 ..\obj\stm32f4xx_i2c.o
 .debug_info    0x00010684      0x51c ..\obj\misc.o
 .debug_info    0x00010ba0      0x358 ..\obj\vbr.o
 .debug_info    0x00010ef8       0x4e ..\obj\gain_table_lbr.o
 .debug_info    0x00010f46       0xb2 ..\obj\vq_cortexm3.o
 .debug_info    0x00010ff8       0x4f ..\obj\exc_10_32_table.o
 .debug_info    0x00011047     0x1c35 ..\obj\stm32f4xx_tim.o

.debug_abbrev   0x00000000     0x2f1b
 .debug_abbrev  0x00000000      0x1b8 ..\obj\speex_callbacks.o
 .debug_abbrev  0x000001b8      0x28c ..\obj\SndPlay.o
 .debug_abbrev  0x00000444       0x54 ..\obj\lsp_tables_nb.o
 .debug_abbrev  0x00000498      0x1d3 ..\obj\timer.o
 .debug_abbrev  0x0000066b      0x1d7 ..\obj\speex.o
 .debug_abbrev  0x00000842      0x189 ..\obj\SndMic.o
 .debug_abbrev  0x000009cb      0x247 ..\obj\quant_lsp.o
 .debug_abbrev  0x00000c12       0x14 ..\obj\ltp_cortexM3.o
 .debug_abbrev  0x00000c26       0xb0 ..\obj\startup_stm32f4xx.o
 .debug_abbrev  0x00000cd6      0x1ca ..\obj\filters.o
 .debug_abbrev  0x00000ea0      0x2d5 ..\obj\bits.o
 .debug_abbrev  0x00001175      0x19f ..\obj\main.o
 .debug_abbrev  0x00001314      0x1e3 ..\obj\stm32f4xx_rcc.o
 .debug_abbrev  0x000014f7      0x13d ..\obj\codec.o
 .debug_abbrev  0x00001634       0xb1 ..\obj\lpc.o
 .debug_abbrev  0x000016e5       0xc0 ..\obj\vq.o
 .debug_abbrev  0x000017a5      0x255 ..\obj\cb_search.o
 .debug_abbrev  0x000019fa       0x5b ..\obj\window.o
 .debug_abbrev  0x00001a55      0x15b ..\obj\lsp.o
 .debug_abbrev  0x00001bb0      0x1a3 ..\obj\stm32f4xx_gpio.o
 .debug_abbrev  0x00001d53      0x136 ..\obj\system_stm32f4xx.o
 .debug_abbrev  0x00001e89       0xe2 ..\obj\syscalls.o
 .debug_abbrev  0x00001f6b       0x14 ..\obj\filters_cortexM3.o
 .debug_abbrev  0x00001f7f      0x176 ..\obj\debugLeds.o
 .debug_abbrev  0x000020f5      0x2d8 ..\obj\nb_celp.o
 .debug_abbrev  0x000023cd      0x144 ..\obj\modes.o
 .debug_abbrev  0x00002511      0x167 ..\obj\stm32f4xx_spi.o
 .debug_abbrev  0x00002678      0x2a4 ..\obj\ltp.o
 .debug_abbrev  0x0000291c      0x164 ..\obj\stm32f4xx_i2c.o
 .debug_abbrev  0x00002a80      0x145 ..\obj\misc.o
 .debug_abbrev  0x00002bc5      0x135 ..\obj\vbr.o
 .debug_abbrev  0x00002cfa       0x43 ..\obj\gain_table_lbr.o
 .debug_abbrev  0x00002d3d       0x14 ..\obj\vq_cortexm3.o
 .debug_abbrev  0x00002d51       0x43 ..\obj\exc_10_32_table.o
 .debug_abbrev  0x00002d94      0x187 ..\obj\stm32f4xx_tim.o

.debug_aranges  0x00000000      0xfc0
 .debug_aranges
                0x00000000       0x68 ..\obj\speex_callbacks.o
 .debug_aranges
                0x00000068       0x68 ..\obj\SndPlay.o
 .debug_aranges
                0x000000d0       0x18 ..\obj\lsp_tables_nb.o
 .debug_aranges
                0x000000e8       0x48 ..\obj\timer.o
 .debug_aranges
                0x00000130       0x90 ..\obj\speex.o
 .debug_aranges
                0x000001c0       0x28 ..\obj\SndMic.o
 .debug_aranges
                0x000001e8       0x60 ..\obj\quant_lsp.o
 .debug_aranges
                0x00000248       0x20 ..\obj\ltp_cortexM3.o
 .debug_aranges
                0x00000268       0x28 ..\obj\startup_stm32f4xx.o
 .debug_aranges
                0x00000290       0xa0 ..\obj\filters.o
 .debug_aranges
                0x00000330       0xe0 ..\obj\bits.o
 .debug_aranges
                0x00000410       0x80 ..\obj\main.o
 .debug_aranges
                0x00000490      0x178 ..\obj\stm32f4xx_rcc.o
 .debug_aranges
                0x00000608       0x38 ..\obj\codec.o
 .debug_aranges
                0x00000640       0x28 ..\obj\lpc.o
 .debug_aranges
                0x00000668       0x30 ..\obj\vq.o
 .debug_aranges
                0x00000698       0x50 ..\obj\cb_search.o
 .debug_aranges
                0x000006e8       0x18 ..\obj\window.o
 .debug_aranges
                0x00000700       0x60 ..\obj\lsp.o
 .debug_aranges
                0x00000760       0x88 ..\obj\stm32f4xx_gpio.o
 .debug_aranges
                0x000007e8       0x30 ..\obj\system_stm32f4xx.o
 .debug_aranges
                0x00000818       0x60 ..\obj\syscalls.o
 .debug_aranges
                0x00000878       0x20 ..\obj\filters_cortexM3.o
 .debug_aranges
                0x00000898       0x40 ..\obj\debugLeds.o
 .debug_aranges
                0x000008d8       0xa8 ..\obj\nb_celp.o
 .debug_aranges
                0x00000980       0x20 ..\obj\modes.o
 .debug_aranges
                0x000009a0       0xe0 ..\obj\stm32f4xx_spi.o
 .debug_aranges
                0x00000a80       0x68 ..\obj\ltp.o
 .debug_aranges
                0x00000ae8      0x120 ..\obj\stm32f4xx_i2c.o
 .debug_aranges
                0x00000c08       0x40 ..\obj\misc.o
 .debug_aranges
                0x00000c48       0x30 ..\obj\vbr.o
 .debug_aranges
                0x00000c78       0x18 ..\obj\gain_table_lbr.o
 .debug_aranges
                0x00000c90       0x20 ..\obj\vq_cortexm3.o
 .debug_aranges
                0x00000cb0       0x18 ..\obj\exc_10_32_table.o
 .debug_aranges
                0x00000cc8      0x2f8 ..\obj\stm32f4xx_tim.o

.debug_ranges   0x00000000      0xd40
 .debug_ranges  0x00000000       0x58 ..\obj\speex_callbacks.o
 .debug_ranges  0x00000058       0x58 ..\obj\SndPlay.o
 .debug_ranges  0x000000b0       0x38 ..\obj\timer.o
 .debug_ranges  0x000000e8       0x80 ..\obj\speex.o
 .debug_ranges  0x00000168       0x18 ..\obj\SndMic.o
 .debug_ranges  0x00000180       0x50 ..\obj\quant_lsp.o
 .debug_ranges  0x000001d0       0x18 ..\obj\startup_stm32f4xx.o
 .debug_ranges  0x000001e8       0x90 ..\obj\filters.o
 .debug_ranges  0x00000278       0xd0 ..\obj\bits.o
 .debug_ranges  0x00000348       0x70 ..\obj\main.o
 .debug_ranges  0x000003b8      0x168 ..\obj\stm32f4xx_rcc.o
 .debug_ranges  0x00000520       0x28 ..\obj\codec.o
 .debug_ranges  0x00000548       0x18 ..\obj\lpc.o
 .debug_ranges  0x00000560       0x20 ..\obj\vq.o
 .debug_ranges  0x00000580       0x40 ..\obj\cb_search.o
 .debug_ranges  0x000005c0       0x50 ..\obj\lsp.o
 .debug_ranges  0x00000610       0x78 ..\obj\stm32f4xx_gpio.o
 .debug_ranges  0x00000688       0x20 ..\obj\system_stm32f4xx.o
 .debug_ranges  0x000006a8       0x50 ..\obj\syscalls.o
 .debug_ranges  0x000006f8       0x30 ..\obj\debugLeds.o
 .debug_ranges  0x00000728       0x98 ..\obj\nb_celp.o
 .debug_ranges  0x000007c0       0x10 ..\obj\modes.o
 .debug_ranges  0x000007d0       0xd0 ..\obj\stm32f4xx_spi.o
 .debug_ranges  0x000008a0       0x58 ..\obj\ltp.o
 .debug_ranges  0x000008f8      0x110 ..\obj\stm32f4xx_i2c.o
 .debug_ranges  0x00000a08       0x30 ..\obj\misc.o
 .debug_ranges  0x00000a38       0x20 ..\obj\vbr.o
 .debug_ranges  0x00000a58      0x2e8 ..\obj\stm32f4xx_tim.o

.debug_line     0x00000000     0x66c7
 .debug_line    0x00000000      0x266 ..\obj\speex_callbacks.o
 .debug_line    0x00000266      0x3ae ..\obj\SndPlay.o
 .debug_line    0x00000614       0x65 ..\obj\lsp_tables_nb.o
 .debug_line    0x00000679      0x1d1 ..\obj\timer.o
 .debug_line    0x0000084a      0x2c5 ..\obj\speex.o
 .debug_line    0x00000b0f      0x1c5 ..\obj\SndMic.o
 .debug_line    0x00000cd4      0x584 ..\obj\quant_lsp.o
 .debug_line    0x00001258      0x10c ..\obj\ltp_cortexM3.o
 .debug_line    0x00001364       0xa0 ..\obj\startup_stm32f4xx.o
 .debug_line    0x00001404      0x94c ..\obj\filters.o
 .debug_line    0x00001d50      0x419 ..\obj\bits.o
 .debug_line    0x00002169      0x2a0 ..\obj\main.o
 .debug_line    0x00002409      0x509 ..\obj\stm32f4xx_rcc.o
 .debug_line    0x00002912      0x101 ..\obj\codec.o
 .debug_line    0x00002a13      0x13a ..\obj\lpc.o
 .debug_line    0x00002b4d      0x102 ..\obj\vq.o
 .debug_line    0x00002c4f      0x41a ..\obj\cb_search.o
 .debug_line    0x00003069       0x68 ..\obj\window.o
 .debug_line    0x000030d1      0x374 ..\obj\lsp.o
 .debug_line    0x00003445      0x2ac ..\obj\stm32f4xx_gpio.o
 .debug_line    0x000036f1      0x15b ..\obj\system_stm32f4xx.o
 .debug_line    0x0000384c      0x142 ..\obj\syscalls.o
 .debug_line    0x0000398e      0x131 ..\obj\filters_cortexM3.o
 .debug_line    0x00003abf      0x1c5 ..\obj\debugLeds.o
 .debug_line    0x00003c84      0xba3 ..\obj\nb_celp.o
 .debug_line    0x00004827       0xf1 ..\obj\modes.o
 .debug_line    0x00004918      0x3bf ..\obj\stm32f4xx_spi.o
 .debug_line    0x00004cd7      0x6ea ..\obj\ltp.o
 .debug_line    0x000053c1      0x449 ..\obj\stm32f4xx_i2c.o
 .debug_line    0x0000580a      0x1b2 ..\obj\misc.o
 .debug_line    0x000059bc      0x1c0 ..\obj\vbr.o
 .debug_line    0x00005b7c       0x66 ..\obj\gain_table_lbr.o
 .debug_line    0x00005be2       0xac ..\obj\vq_cortexm3.o
 .debug_line    0x00005c8e       0x67 ..\obj\exc_10_32_table.o
 .debug_line    0x00005cf5      0x9d2 ..\obj\stm32f4xx_tim.o

.debug_str      0x00000000     0x4aad
 .debug_str     0x00000000      0x675 ..\obj\speex_callbacks.o
                                0x718 (size before relaxing)
 .debug_str     0x00000675      0xa38 ..\obj\SndPlay.o
                                0xb58 (size before relaxing)
 .debug_str     0x000010ad       0x83 ..\obj\lsp_tables_nb.o
                                 0xfc (size before relaxing)
 .debug_str     0x00001130      0x1af ..\obj\timer.o
                                0x922 (size before relaxing)
 .debug_str     0x000012df      0x44d ..\obj\speex.o
                                0x9bf (size before relaxing)
 .debug_str     0x0000172c      0x178 ..\obj\SndMic.o
                                0xb3c (size before relaxing)
 .debug_str     0x000018a4      0x11a ..\obj\quant_lsp.o
                                0x6f8 (size before relaxing)
 .debug_str     0x000019be       0xae ..\obj\startup_stm32f4xx.o
                                0x12d (size before relaxing)
 .debug_str     0x00001a6c      0x247 ..\obj\filters.o
                                0x3b2 (size before relaxing)
 .debug_str     0x00001cb3      0x248 ..\obj\bits.o
                                0x7a8 (size before relaxing)
 .debug_str     0x00001efb      0x15f ..\obj\main.o
                                0x2e7 (size before relaxing)
 .debug_str     0x0000205a      0x59c ..\obj\stm32f4xx_rcc.o
                                0x80c (size before relaxing)
 .debug_str     0x000025f6       0x9d ..\obj\codec.o
                                0x2b1 (size before relaxing)
 .debug_str     0x00002693       0x61 ..\obj\lpc.o
                                 0xfa (size before relaxing)
 .debug_str     0x000026f4       0x7c ..\obj\vq.o
                                0x12c (size before relaxing)
 .debug_str     0x00002770      0x181 ..\obj\cb_search.o
                                0x72a (size before relaxing)
 .debug_str     0x000028f1       0x54 ..\obj\window.o
                                 0xd8 (size before relaxing)
 .debug_str     0x00002945      0x11e ..\obj\lsp.o
                                0x297 (size before relaxing)
 .debug_str     0x00002a63      0x18f ..\obj\stm32f4xx_gpio.o
                                0x45f (size before relaxing)
 .debug_str     0x00002bf2      0x116 ..\obj\system_stm32f4xx.o
                                0x366 (size before relaxing)
 .debug_str     0x00002d08      0x141 ..\obj\syscalls.o
                                0x2ba (size before relaxing)
 .debug_str     0x00002e49       0xc4 ..\obj\debugLeds.o
                                0x3cd (size before relaxing)
 .debug_str     0x00002f0d      0x5cc ..\obj\nb_celp.o
                                0xfb8 (size before relaxing)
 .debug_str     0x000034d9       0xa6 ..\obj\modes.o
                                0x578 (size before relaxing)
 .debug_str     0x0000357f      0x330 ..\obj\stm32f4xx_spi.o
                                0x646 (size before relaxing)
 .debug_str     0x000038af      0x1c5 ..\obj\ltp.o
                                0x852 (size before relaxing)
 .debug_str     0x00003a74      0x33e ..\obj\stm32f4xx_i2c.o
                                0x621 (size before relaxing)
 .debug_str     0x00003db2      0x12e ..\obj\misc.o
                                0x395 (size before relaxing)
 .debug_str     0x00003ee0       0xc1 ..\obj\vbr.o
                                0x2ad (size before relaxing)
 .debug_str     0x00003fa1       0x46 ..\obj\gain_table_lbr.o
                                 0xcd (size before relaxing)
 .debug_str     0x00003fe7       0x47 ..\obj\exc_10_32_table.o
                                 0xd0 (size before relaxing)
 .debug_str     0x0000402e      0xa7f ..\obj\stm32f4xx_tim.o
                                0xd8c (size before relaxing)

.comment        0x00000000       0x91
 .comment       0x00000000       0x30 ..\obj\speex_callbacks.o
                                 0x31 (size before relaxing)
 .comment       0x00000000       0x31 ..\obj\SndPlay.o
 .comment       0x00000000       0x31 ..\obj\lsp_tables_nb.o
 .comment       0x00000000       0x31 ..\obj\timer.o
 .comment       0x00000000       0x31 ..\obj\speex.o
 .comment       0x00000000       0x31 ..\obj\SndMic.o
 .comment       0x00000000       0x31 ..\obj\quant_lsp.o
 .comment       0x00000000       0x31 ..\obj\startup_stm32f4xx.o
 .comment       0x00000000       0x31 ..\obj\filters.o
 .comment       0x00000000       0x31 ..\obj\bits.o
 .comment       0x00000000       0x31 ..\obj\main.o
 .comment       0x00000000       0x31 ..\obj\stm32f4xx_rcc.o
 .comment       0x00000000       0x31 ..\obj\codec.o
 .comment       0x00000000       0x31 ..\obj\lpc.o
 .comment       0x00000000       0x31 ..\obj\vq.o
 .comment       0x00000000       0x31 ..\obj\cb_search.o
 .comment       0x00000000       0x31 ..\obj\window.o
 .comment       0x00000000       0x31 ..\obj\lsp.o
 .comment       0x00000000       0x31 ..\obj\stm32f4xx_gpio.o
 .comment       0x00000000       0x31 ..\obj\system_stm32f4xx.o
 .comment       0x00000000       0x31 ..\obj\syscalls.o
 .comment       0x00000000       0x31 ..\obj\debugLeds.o
 .comment       0x00000000       0x31 ..\obj\nb_celp.o
 .comment       0x00000000       0x31 ..\obj\modes.o
 .comment       0x00000000       0x31 ..\obj\stm32f4xx_spi.o
 .comment       0x00000000       0x31 ..\obj\ltp.o
 .comment       0x00000000       0x31 ..\obj\stm32f4xx_i2c.o
 .comment       0x00000000       0x31 ..\obj\misc.o
 .comment       0x00000000       0x31 ..\obj\vbr.o
 .comment       0x00000000       0x31 ..\obj\gain_table_lbr.o
 .comment       0x00000000       0x31 ..\obj\exc_10_32_table.o
 .comment       0x00000000       0x31 ..\obj\stm32f4xx_tim.o
 .comment       0x00000030       0x61 ..\..\..\libpdmfilter_gcc.a(pdm_filter.o)
                                 0x62 (size before relaxing)

.ARM.attributes
                0x00000000       0x35
 .ARM.attributes
                0x00000000       0x37 ..\obj\speex_callbacks.o
 .ARM.attributes
                0x00000037       0x37 ..\obj\SndPlay.o
 .ARM.attributes
                0x0000006e       0x37 ..\obj\lsp_tables_nb.o
 .ARM.attributes
                0x000000a5       0x37 ..\obj\timer.o
 .ARM.attributes
                0x000000dc       0x37 ..\obj\speex.o
 .ARM.attributes
                0x00000113       0x37 ..\obj\SndMic.o
 .ARM.attributes
                0x0000014a       0x37 ..\obj\quant_lsp.o
 .ARM.attributes
                0x00000181       0x21 ..\obj\ltp_cortexM3.o
 .ARM.attributes
                0x000001a2       0x37 ..\obj\startup_stm32f4xx.o
 .ARM.attributes
                0x000001d9       0x37 ..\obj\filters.o
 .ARM.attributes
                0x00000210       0x37 ..\obj\bits.o
 .ARM.attributes
                0x00000247       0x37 ..\obj\main.o
 .ARM.attributes
                0x0000027e       0x37 ..\obj\stm32f4xx_rcc.o
 .ARM.attributes
                0x000002b5       0x37 ..\obj\codec.o
 .ARM.attributes
                0x000002ec       0x37 ..\obj\lpc.o
 .ARM.attributes
                0x00000323       0x37 ..\obj\vq.o
 .ARM.attributes
                0x0000035a       0x37 ..\obj\cb_search.o
 .ARM.attributes
                0x00000391       0x37 ..\obj\window.o
 .ARM.attributes
                0x000003c8       0x37 ..\obj\lsp.o
 .ARM.attributes
                0x000003ff       0x37 ..\obj\stm32f4xx_gpio.o
 .ARM.attributes
                0x00000436       0x37 ..\obj\system_stm32f4xx.o
 .ARM.attributes
                0x0000046d       0x37 ..\obj\syscalls.o
 .ARM.attributes
                0x000004a4       0x21 ..\obj\filters_cortexM3.o
 .ARM.attributes
                0x000004c5       0x37 ..\obj\debugLeds.o
 .ARM.attributes
                0x000004fc       0x37 ..\obj\nb_celp.o
 .ARM.attributes
                0x00000533       0x37 ..\obj\modes.o
 .ARM.attributes
                0x0000056a       0x37 ..\obj\stm32f4xx_spi.o
 .ARM.attributes
                0x000005a1       0x37 ..\obj\ltp.o
 .ARM.attributes
                0x000005d8       0x37 ..\obj\stm32f4xx_i2c.o
 .ARM.attributes
                0x0000060f       0x37 ..\obj\misc.o
 .ARM.attributes
                0x00000646       0x37 ..\obj\vbr.o
 .ARM.attributes
                0x0000067d       0x37 ..\obj\gain_table_lbr.o
 .ARM.attributes
                0x000006b4       0x21 ..\obj\vq_cortexm3.o
 .ARM.attributes
                0x000006d5       0x37 ..\obj\exc_10_32_table.o
 .ARM.attributes
                0x0000070c       0x37 ..\obj\stm32f4xx_tim.o
 .ARM.attributes
                0x00000743       0x31 ..\..\..\libpdmfilter_gcc.a(pdm_filter.o)
 .ARM.attributes
                0x00000774       0x29 c:/codest/bin/../lib/gcc/arm-none-eabi/4.8.1/../../../../arm-none-eabi/lib/thumb2\libm.a(lib_a-w_log.o)
 .ARM.attributes
                0x0000079d       0x29 c:/codest/bin/../lib/gcc/arm-none-eabi/4.8.1/../../../../arm-none-eabi/lib/thumb2\libm.a(lib_a-e_log.o)
 .ARM.attributes
                0x000007c6       0x29 c:/codest/bin/../lib/gcc/arm-none-eabi/4.8.1/../../../../arm-none-eabi/lib/thumb2\libm.a(lib_a-s_fpclassify.o)
 .ARM.attributes
                0x000007ef       0x29 c:/codest/bin/../lib/gcc/arm-none-eabi/4.8.1/../../../../arm-none-eabi/lib/thumb2\libm.a(lib_a-s_lib_ver.o)
 .ARM.attributes
                0x00000818       0x29 c:/codest/bin/../lib/gcc/arm-none-eabi/4.8.1/../../../../arm-none-eabi/lib/thumb2\libm.a(lib_a-s_matherr.o)
 .ARM.attributes
                0x00000841       0x29 c:/codest/bin/../lib/gcc/arm-none-eabi/4.8.1/../../../../arm-none-eabi/lib/thumb2\libm.a(lib_a-s_nan.o)
 .ARM.attributes
                0x0000086a       0x19 c:/codest/bin/../lib/gcc/arm-none-eabi/4.8.1/thumb2\libgcc.a(_arm_addsubdf3.o)
 .ARM.attributes
                0x00000883       0x19 c:/codest/bin/../lib/gcc/arm-none-eabi/4.8.1/thumb2\libgcc.a(_arm_muldivdf3.o)
 .ARM.attributes
                0x0000089c       0x19 c:/codest/bin/../lib/gcc/arm-none-eabi/4.8.1/thumb2\libgcc.a(_arm_cmpdf2.o)
 .ARM.attributes
                0x000008b5       0x19 c:/codest/bin/../lib/gcc/arm-none-eabi/4.8.1/thumb2\libgcc.a(_arm_fixdfsi.o)
 .ARM.attributes
                0x000008ce       0x19 c:/codest/bin/../lib/gcc/arm-none-eabi/4.8.1/thumb2\libgcc.a(_arm_fixunsdfsi.o)
 .ARM.attributes
                0x000008e7       0x19 c:/codest/bin/../lib/gcc/arm-none-eabi/4.8.1/thumb2\libgcc.a(_arm_truncdfsf2.o)
 .ARM.attributes
                0x00000900       0x19 c:/codest/bin/../lib/gcc/arm-none-eabi/4.8.1/thumb2\libgcc.a(_arm_muldivsf3.o)
 .ARM.attributes
                0x00000919       0x19 c:/codest/bin/../lib/gcc/arm-none-eabi/4.8.1/thumb2\libgcc.a(_arm_cmpsf2.o)
 .ARM.attributes
                0x00000932       0x29 c:/codest/bin/../lib/gcc/arm-none-eabi/4.8.1/../../../../arm-none-eabi/lib/thumb2\libc.a(lib_a-calloc.o)
 .ARM.attributes
                0x0000095b       0x29 c:/codest/bin/../lib/gcc/arm-none-eabi/4.8.1/../../../../arm-none-eabi/lib/thumb2\libc.a(lib_a-callocr.o)
 .ARM.attributes
                0x00000984       0x29 c:/codest/bin/../lib/gcc/arm-none-eabi/4.8.1/../../../../arm-none-eabi/lib/thumb2\libc.a(lib_a-errno.o)
 .ARM.attributes
                0x000009ad       0x29 c:/codest/bin/../lib/gcc/arm-none-eabi/4.8.1/../../../../arm-none-eabi/lib/thumb2\libc.a(lib_a-fprintf.o)
 .ARM.attributes
                0x000009d6       0x29 c:/codest/bin/../lib/gcc/arm-none-eabi/4.8.1/../../../../arm-none-eabi/lib/thumb2\libc.a(lib_a-impure.o)
 .ARM.attributes
                0x000009ff       0x29 c:/codest/bin/../lib/gcc/arm-none-eabi/4.8.1/../../../../arm-none-eabi/lib/thumb2\libc.a(lib_a-malloc.o)
 .ARM.attributes
                0x00000a28       0x29 c:/codest/bin/../lib/gcc/arm-none-eabi/4.8.1/../../../../arm-none-eabi/lib/thumb2\libc.a(lib_a-mallocr.o)
 .ARM.attributes
                0x00000a51       0x29 c:/codest/bin/../lib/gcc/arm-none-eabi/4.8.1/../../../../arm-none-eabi/lib/thumb2\libc.a(lib_a-memcpy-stub.o)
 .ARM.attributes
                0x00000a7a       0x29 c:/codest/bin/../lib/gcc/arm-none-eabi/4.8.1/../../../../arm-none-eabi/lib/thumb2\libc.a(lib_a-memmove.o)
 .ARM.attributes
                0x00000aa3       0x29 c:/codest/bin/../lib/gcc/arm-none-eabi/4.8.1/../../../../arm-none-eabi/lib/thumb2\libc.a(lib_a-memset.o)
 .ARM.attributes
                0x00000acc       0x29 c:/codest/bin/../lib/gcc/arm-none-eabi/4.8.1/../../../../arm-none-eabi/lib/thumb2\libc.a(lib_a-mlock.o)
 .ARM.attributes
                0x00000af5       0x29 c:/codest/bin/../lib/gcc/arm-none-eabi/4.8.1/../../../../arm-none-eabi/lib/thumb2\libc.a(lib_a-realloc.o)
 .ARM.attributes
                0x00000b1e       0x29 c:/codest/bin/../lib/gcc/arm-none-eabi/4.8.1/../../../../arm-none-eabi/lib/thumb2\libc.a(lib_a-reallocr.o)
 .ARM.attributes
                0x00000b47       0x29 c:/codest/bin/../lib/gcc/arm-none-eabi/4.8.1/../../../../arm-none-eabi/lib/thumb2\libc.a(lib_a-sbrkr.o)
 .ARM.attributes
                0x00000b70       0x29 c:/codest/bin/../lib/gcc/arm-none-eabi/4.8.1/../../../../arm-none-eabi/lib/thumb2\libc.a(lib_a-vfprintf.o)
 .ARM.attributes
                0x00000b99       0x29 c:/codest/bin/../lib/gcc/arm-none-eabi/4.8.1/../../../../arm-none-eabi/lib/thumb2\libc.a(lib_a-wbuf.o)
 .ARM.attributes
                0x00000bc2       0x29 c:/codest/bin/../lib/gcc/arm-none-eabi/4.8.1/../../../../arm-none-eabi/lib/thumb2\libc.a(lib_a-wsetup.o)
 .ARM.attributes
                0x00000beb       0x29 c:/codest/bin/../lib/gcc/arm-none-eabi/4.8.1/../../../../arm-none-eabi/lib/thumb2\libc.a(lib_a-dtoa.o)
 .ARM.attributes
                0x00000c14       0x29 c:/codest/bin/../lib/gcc/arm-none-eabi/4.8.1/../../../../arm-none-eabi/lib/thumb2\libc.a(lib_a-fflush.o)
 .ARM.attributes
                0x00000c3d       0x29 c:/codest/bin/../lib/gcc/arm-none-eabi/4.8.1/../../../../arm-none-eabi/lib/thumb2\libc.a(lib_a-findfp.o)
 .ARM.attributes
                0x00000c66       0x29 c:/codest/bin/../lib/gcc/arm-none-eabi/4.8.1/../../../../arm-none-eabi/lib/thumb2\libc.a(lib_a-freer.o)
 .ARM.attributes
                0x00000c8f       0x29 c:/codest/bin/../lib/gcc/arm-none-eabi/4.8.1/../../../../arm-none-eabi/lib/thumb2\libc.a(lib_a-fwalk.o)
 .ARM.attributes
                0x00000cb8       0x29 c:/codest/bin/../lib/gcc/arm-none-eabi/4.8.1/../../../../arm-none-eabi/lib/thumb2\libc.a(lib_a-locale.o)
 .ARM.attributes
                0x00000ce1       0x29 c:/codest/bin/../lib/gcc/arm-none-eabi/4.8.1/../../../../arm-none-eabi/lib/thumb2\libc.a(lib_a-makebuf.o)
 .ARM.attributes
                0x00000d0a       0x29 c:/codest/bin/../lib/gcc/arm-none-eabi/4.8.1/../../../../arm-none-eabi/lib/thumb2\libc.a(lib_a-memchr-stub.o)
 .ARM.attributes
                0x00000d33       0x29 c:/codest/bin/../lib/gcc/arm-none-eabi/4.8.1/../../../../arm-none-eabi/lib/thumb2\libc.a(lib_a-mprec.o)
 .ARM.attributes
                0x00000d5c       0x29 c:/codest/bin/../lib/gcc/arm-none-eabi/4.8.1/../../../../arm-none-eabi/lib/thumb2\libc.a(lib_a-reent.o)
 .ARM.attributes
                0x00000d85       0x29 c:/codest/bin/../lib/gcc/arm-none-eabi/4.8.1/../../../../arm-none-eabi/lib/thumb2\libc.a(lib_a-stdio.o)
 .ARM.attributes
                0x00000dae       0x17 c:/codest/bin/../lib/gcc/arm-none-eabi/4.8.1/../../../../arm-none-eabi/lib/thumb2\libc.a(lib_a-strcmp.o)
 .ARM.attributes
                0x00000dc5       0x29 c:/codest/bin/../lib/gcc/arm-none-eabi/4.8.1/../../../../arm-none-eabi/lib/thumb2\libc.a(lib_a-strlen.o)
 .ARM.attributes
                0x00000dee       0x29 c:/codest/bin/../lib/gcc/arm-none-eabi/4.8.1/../../../../arm-none-eabi/lib/thumb2\libc.a(lib_a-vfiprintf.o)
 .ARM.attributes
                0x00000e17       0x29 c:/codest/bin/../lib/gcc/arm-none-eabi/4.8.1/../../../../arm-none-eabi/lib/thumb2\libc.a(lib_a-writer.o)
 .ARM.attributes
                0x00000e40       0x29 c:/codest/bin/../lib/gcc/arm-none-eabi/4.8.1/../../../../arm-none-eabi/lib/thumb2\libc.a(lib_a-closer.o)
 .ARM.attributes
                0x00000e69       0x29 c:/codest/bin/../lib/gcc/arm-none-eabi/4.8.1/../../../../arm-none-eabi/lib/thumb2\libc.a(lib_a-fclose.o)
 .ARM.attributes
                0x00000e92       0x29 c:/codest/bin/../lib/gcc/arm-none-eabi/4.8.1/../../../../arm-none-eabi/lib/thumb2\libc.a(lib_a-fputwc.o)
 .ARM.attributes
                0x00000ebb       0x29 c:/codest/bin/../lib/gcc/arm-none-eabi/4.8.1/../../../../arm-none-eabi/lib/thumb2\libc.a(lib_a-fstatr.o)
 .ARM.attributes
                0x00000ee4       0x29 c:/codest/bin/../lib/gcc/arm-none-eabi/4.8.1/../../../../arm-none-eabi/lib/thumb2\libc.a(lib_a-fvwrite.o)
 .ARM.attributes
                0x00000f0d       0x29 c:/codest/bin/../lib/gcc/arm-none-eabi/4.8.1/../../../../arm-none-eabi/lib/thumb2\libc.a(lib_a-isattyr.o)
 .ARM.attributes
                0x00000f36       0x29 c:/codest/bin/../lib/gcc/arm-none-eabi/4.8.1/../../../../arm-none-eabi/lib/thumb2\libc.a(lib_a-lseekr.o)
 .ARM.attributes
                0x00000f5f       0x29 c:/codest/bin/../lib/gcc/arm-none-eabi/4.8.1/../../../../arm-none-eabi/lib/thumb2\libc.a(lib_a-readr.o)
 .ARM.attributes
                0x00000f88       0x29 c:/codest/bin/../lib/gcc/arm-none-eabi/4.8.1/../../../../arm-none-eabi/lib/thumb2\libc.a(lib_a-wcrtomb.o)
 .ARM.attributes
                0x00000fb1       0x29 c:/codest/bin/../lib/gcc/arm-none-eabi/4.8.1/../../../../arm-none-eabi/lib/thumb2\libc.a(lib_a-wctomb_r.o)
 .ARM.attributes
                0x00000fda       0x19 c:/codest/bin/../lib/gcc/arm-none-eabi/4.8.1/thumb2\libgcc.a(_udivsi3.o)
 .ARM.attributes
                0x00000ff3       0x19 c:/codest/bin/../lib/gcc/arm-none-eabi/4.8.1/thumb2\libgcc.a(_dvmd_tls.o)
 .ARM.attributes
                0x0000100c       0x19 c:/codest/bin/../lib/gcc/arm-none-eabi/4.8.1/thumb2\libgcc.a(_aeabi_uldivmod.o)
 .ARM.attributes
                0x00001025       0x29 c:/codest/bin/../lib/gcc/arm-none-eabi/4.8.1/thumb2\libgcc.a(bpabi.o)
 .ARM.attributes
                0x0000104e       0x29 c:/codest/bin/../lib/gcc/arm-none-eabi/4.8.1/thumb2\libgcc.a(_divdi3.o)
 .ARM.attributes
                0x00001077       0x29 c:/codest/bin/../lib/gcc/arm-none-eabi/4.8.1/thumb2\libgcc.a(_udivdi3.o)

.debug_frame    0x00000000     0x3dcc
 .debug_frame   0x00000000      0x150 ..\obj\speex_callbacks.o
 .debug_frame   0x00000150      0x12c ..\obj\SndPlay.o
 .debug_frame   0x0000027c       0xbc ..\obj\timer.o
 .debug_frame   0x00000338      0x1f0 ..\obj\speex.o
 .debug_frame   0x00000528       0x50 ..\obj\SndMic.o
 .debug_frame   0x00000578      0x124 ..\obj\quant_lsp.o
 .debug_frame   0x0000069c       0x48 ..\obj\startup_stm32f4xx.o
 .debug_frame   0x000006e4      0x210 ..\obj\filters.o
 .debug_frame   0x000008f4      0x308 ..\obj\bits.o
 .debug_frame   0x00000bfc      0x178 ..\obj\main.o
 .debug_frame   0x00000d74      0x4d8 ..\obj\stm32f4xx_rcc.o
 .debug_frame   0x0000124c       0x90 ..\obj\codec.o
 .debug_frame   0x000012dc       0x4c ..\obj\lpc.o
 .debug_frame   0x00001328       0x64 ..\obj\vq.o
 .debug_frame   0x0000138c       0xec ..\obj\cb_search.o
 .debug_frame   0x00001478      0x120 ..\obj\lsp.o
 .debug_frame   0x00001598      0x19c ..\obj\stm32f4xx_gpio.o
 .debug_frame   0x00001734       0x64 ..\obj\system_stm32f4xx.o
 .debug_frame   0x00001798      0x108 ..\obj\syscalls.o
 .debug_frame   0x000018a0       0xa0 ..\obj\debugLeds.o
 .debug_frame   0x00001940      0x260 ..\obj\nb_celp.o
 .debug_frame   0x00001ba0       0x30 ..\obj\modes.o
 .debug_frame   0x00001bd0      0x2d0 ..\obj\stm32f4xx_spi.o
 .debug_frame   0x00001ea0      0x154 ..\obj\ltp.o
 .debug_frame   0x00001ff4      0x3b4 ..\obj\stm32f4xx_i2c.o
 .debug_frame   0x000023a8       0x9c ..\obj\misc.o
 .debug_frame   0x00002444       0x70 ..\obj\vbr.o
 .debug_frame   0x000024b4      0xa3c ..\obj\stm32f4xx_tim.o
 .debug_frame   0x00002ef0       0x34 c:/codest/bin/../lib/gcc/arm-none-eabi/4.8.1/../../../../arm-none-eabi/lib/thumb2\libm.a(lib_a-w_log.o)
 .debug_frame   0x00002f24       0x38 c:/codest/bin/../lib/gcc/arm-none-eabi/4.8.1/../../../../arm-none-eabi/lib/thumb2\libm.a(lib_a-e_log.o)
 .debug_frame   0x00002f5c       0x20 c:/codest/bin/../lib/gcc/arm-none-eabi/4.8.1/../../../../arm-none-eabi/lib/thumb2\libm.a(lib_a-s_fpclassify.o)
 .debug_frame   0x00002f7c       0x20 c:/codest/bin/../lib/gcc/arm-none-eabi/4.8.1/../../../../arm-none-eabi/lib/thumb2\libm.a(lib_a-s_matherr.o)
 .debug_frame   0x00002f9c       0x20 c:/codest/bin/../lib/gcc/arm-none-eabi/4.8.1/../../../../arm-none-eabi/lib/thumb2\libm.a(lib_a-s_nan.o)
 .debug_frame   0x00002fbc       0x20 c:/codest/bin/../lib/gcc/arm-none-eabi/4.8.1/../../../../arm-none-eabi/lib/thumb2\libc.a(lib_a-calloc.o)
 .debug_frame   0x00002fdc       0x28 c:/codest/bin/../lib/gcc/arm-none-eabi/4.8.1/../../../../arm-none-eabi/lib/thumb2\libc.a(lib_a-callocr.o)
 .debug_frame   0x00003004       0x20 c:/codest/bin/../lib/gcc/arm-none-eabi/4.8.1/../../../../arm-none-eabi/lib/thumb2\libc.a(lib_a-errno.o)
 .debug_frame   0x00003024       0x58 c:/codest/bin/../lib/gcc/arm-none-eabi/4.8.1/../../../../arm-none-eabi/lib/thumb2\libc.a(lib_a-fprintf.o)
 .debug_frame   0x0000307c       0x30 c:/codest/bin/../lib/gcc/arm-none-eabi/4.8.1/../../../../arm-none-eabi/lib/thumb2\libc.a(lib_a-malloc.o)
 .debug_frame   0x000030ac       0x38 c:/codest/bin/../lib/gcc/arm-none-eabi/4.8.1/../../../../arm-none-eabi/lib/thumb2\libc.a(lib_a-mallocr.o)
 .debug_frame   0x000030e4       0x2c c:/codest/bin/../lib/gcc/arm-none-eabi/4.8.1/../../../../arm-none-eabi/lib/thumb2\libc.a(lib_a-memcpy-stub.o)
 .debug_frame   0x00003110       0x2c c:/codest/bin/../lib/gcc/arm-none-eabi/4.8.1/../../../../arm-none-eabi/lib/thumb2\libc.a(lib_a-memmove.o)
 .debug_frame   0x0000313c       0x2c c:/codest/bin/../lib/gcc/arm-none-eabi/4.8.1/../../../../arm-none-eabi/lib/thumb2\libc.a(lib_a-memset.o)
 .debug_frame   0x00003168       0x30 c:/codest/bin/../lib/gcc/arm-none-eabi/4.8.1/../../../../arm-none-eabi/lib/thumb2\libc.a(lib_a-mlock.o)
 .debug_frame   0x00003198       0x20 c:/codest/bin/../lib/gcc/arm-none-eabi/4.8.1/../../../../arm-none-eabi/lib/thumb2\libc.a(lib_a-realloc.o)
 .debug_frame   0x000031b8       0x38 c:/codest/bin/../lib/gcc/arm-none-eabi/4.8.1/../../../../arm-none-eabi/lib/thumb2\libc.a(lib_a-reallocr.o)
 .debug_frame   0x000031f0       0x2c c:/codest/bin/../lib/gcc/arm-none-eabi/4.8.1/../../../../arm-none-eabi/lib/thumb2\libc.a(lib_a-sbrkr.o)
 .debug_frame   0x0000321c       0x80 c:/codest/bin/../lib/gcc/arm-none-eabi/4.8.1/../../../../arm-none-eabi/lib/thumb2\libc.a(lib_a-vfprintf.o)
 .debug_frame   0x0000329c       0x3c c:/codest/bin/../lib/gcc/arm-none-eabi/4.8.1/../../../../arm-none-eabi/lib/thumb2\libc.a(lib_a-wbuf.o)
 .debug_frame   0x000032d8       0x2c c:/codest/bin/../lib/gcc/arm-none-eabi/4.8.1/../../../../arm-none-eabi/lib/thumb2\libc.a(lib_a-wsetup.o)
 .debug_frame   0x00003304       0x64 c:/codest/bin/../lib/gcc/arm-none-eabi/4.8.1/../../../../arm-none-eabi/lib/thumb2\libc.a(lib_a-dtoa.o)
 .debug_frame   0x00003368       0x5c c:/codest/bin/../lib/gcc/arm-none-eabi/4.8.1/../../../../arm-none-eabi/lib/thumb2\libc.a(lib_a-fflush.o)
 .debug_frame   0x000033c4      0x110 c:/codest/bin/../lib/gcc/arm-none-eabi/4.8.1/../../../../arm-none-eabi/lib/thumb2\libc.a(lib_a-findfp.o)
 .debug_frame   0x000034d4       0x50 c:/codest/bin/../lib/gcc/arm-none-eabi/4.8.1/../../../../arm-none-eabi/lib/thumb2\libc.a(lib_a-freer.o)
 .debug_frame   0x00003524       0x54 c:/codest/bin/../lib/gcc/arm-none-eabi/4.8.1/../../../../arm-none-eabi/lib/thumb2\libc.a(lib_a-fwalk.o)
 .debug_frame   0x00003578       0x98 c:/codest/bin/../lib/gcc/arm-none-eabi/4.8.1/../../../../arm-none-eabi/lib/thumb2\libc.a(lib_a-locale.o)
 .debug_frame   0x00003610       0x30 c:/codest/bin/../lib/gcc/arm-none-eabi/4.8.1/../../../../arm-none-eabi/lib/thumb2\libc.a(lib_a-makebuf.o)
 .debug_frame   0x00003640       0x2c c:/codest/bin/../lib/gcc/arm-none-eabi/4.8.1/../../../../arm-none-eabi/lib/thumb2\libc.a(lib_a-memchr-stub.o)
 .debug_frame   0x0000366c      0x244 c:/codest/bin/../lib/gcc/arm-none-eabi/4.8.1/../../../../arm-none-eabi/lib/thumb2\libc.a(lib_a-mprec.o)
 .debug_frame   0x000038b0       0x48 c:/codest/bin/../lib/gcc/arm-none-eabi/4.8.1/../../../../arm-none-eabi/lib/thumb2\libc.a(lib_a-reent.o)
 .debug_frame   0x000038f8       0x80 c:/codest/bin/../lib/gcc/arm-none-eabi/4.8.1/../../../../arm-none-eabi/lib/thumb2\libc.a(lib_a-stdio.o)
 .debug_frame   0x00003978       0x20 c:/codest/bin/../lib/gcc/arm-none-eabi/4.8.1/../../../../arm-none-eabi/lib/thumb2\libc.a(lib_a-strlen.o)
 .debug_frame   0x00003998       0xbc c:/codest/bin/../lib/gcc/arm-none-eabi/4.8.1/../../../../arm-none-eabi/lib/thumb2\libc.a(lib_a-vfiprintf.o)
 .debug_frame   0x00003a54       0x2c c:/codest/bin/../lib/gcc/arm-none-eabi/4.8.1/../../../../arm-none-eabi/lib/thumb2\libc.a(lib_a-writer.o)
 .debug_frame   0x00003a80       0x2c c:/codest/bin/../lib/gcc/arm-none-eabi/4.8.1/../../../../arm-none-eabi/lib/thumb2\libc.a(lib_a-closer.o)
 .debug_frame   0x00003aac       0x3c c:/codest/bin/../lib/gcc/arm-none-eabi/4.8.1/../../../../arm-none-eabi/lib/thumb2\libc.a(lib_a-fclose.o)
 .debug_frame   0x00003ae8       0x50 c:/codest/bin/../lib/gcc/arm-none-eabi/4.8.1/../../../../arm-none-eabi/lib/thumb2\libc.a(lib_a-fputwc.o)
 .debug_frame   0x00003b38       0x2c c:/codest/bin/../lib/gcc/arm-none-eabi/4.8.1/../../../../arm-none-eabi/lib/thumb2\libc.a(lib_a-fstatr.o)
 .debug_frame   0x00003b64       0x38 c:/codest/bin/../lib/gcc/arm-none-eabi/4.8.1/../../../../arm-none-eabi/lib/thumb2\libc.a(lib_a-fvwrite.o)
 .debug_frame   0x00003b9c       0x2c c:/codest/bin/../lib/gcc/arm-none-eabi/4.8.1/../../../../arm-none-eabi/lib/thumb2\libc.a(lib_a-isattyr.o)
 .debug_frame   0x00003bc8       0x2c c:/codest/bin/../lib/gcc/arm-none-eabi/4.8.1/../../../../arm-none-eabi/lib/thumb2\libc.a(lib_a-lseekr.o)
 .debug_frame   0x00003bf4       0x2c c:/codest/bin/../lib/gcc/arm-none-eabi/4.8.1/../../../../arm-none-eabi/lib/thumb2\libc.a(lib_a-readr.o)
 .debug_frame   0x00003c20       0x58 c:/codest/bin/../lib/gcc/arm-none-eabi/4.8.1/../../../../arm-none-eabi/lib/thumb2\libc.a(lib_a-wcrtomb.o)
 .debug_frame   0x00003c78       0x44 c:/codest/bin/../lib/gcc/arm-none-eabi/4.8.1/../../../../arm-none-eabi/lib/thumb2\libc.a(lib_a-wctomb_r.o)
 .debug_frame   0x00003cbc       0x20 c:/codest/bin/../lib/gcc/arm-none-eabi/4.8.1/thumb2\libgcc.a(_udivsi3.o)
 .debug_frame   0x00003cdc       0x28 c:/codest/bin/../lib/gcc/arm-none-eabi/4.8.1/thumb2\libgcc.a(_aeabi_uldivmod.o)
 .debug_frame   0x00003d04       0x58 c:/codest/bin/../lib/gcc/arm-none-eabi/4.8.1/thumb2\libgcc.a(bpabi.o)
 .debug_frame   0x00003d5c       0x38 c:/codest/bin/../lib/gcc/arm-none-eabi/4.8.1/thumb2\libgcc.a(_divdi3.o)
 .debug_frame   0x00003d94       0x38 c:/codest/bin/../lib/gcc/arm-none-eabi/4.8.1/thumb2\libgcc.a(_udivdi3.o)