Archive member included because of file (symbol)

..\..\..\libpdmfilter_gcc.a(pdm_filter.o)
                              ..\obj\SndMic.o (PDM_Filter_Init)
c:/codest/bin/../lib/gcc/arm-none-eabi/4.8.1/../../../../arm-none-eabi/lib/thumb2\libm.a(lib_a-s_floor.o)
                              ..\obj\speex.o (floor)
c:/codest/bin/../lib/gcc/arm-none-eabi/4.8.1/../../../../arm-none-eabi/lib/thumb2\libm.a(lib_a-w_log.o)
                              ..\obj\sb_celp.o (log)
c:/codest/bin/../lib/gcc/arm-none-eabi/4.8.1/../../../../arm-none-eabi/lib/thumb2\libm.a(lib_a-w_pow.o)
                              ..\obj\vbr.o (pow)
c:/codest/bin/../lib/gcc/arm-none-eabi/4.8.1/../../../../arm-none-eabi/lib/thumb2\libm.a(lib_a-e_log.o)
                              c:/codest/bin/../lib/gcc/arm-none-eabi/4.8.1/../../../../arm-none-eabi/lib/thumb2\libm.a(lib_a-w_log.o) (__ieee754_log)
c:/codest/bin/../lib/gcc/arm-none-eabi/4.8.1/../../../../arm-none-eabi/lib/thumb2\libm.a(lib_a-e_pow.o)
                              c:/codest/bin/../lib/gcc/arm-none-eabi/4.8.1/../../../../arm-none-eabi/lib/thumb2\libm.a(lib_a-w_pow.o) (__ieee754_pow)
c:/codest/bin/../lib/gcc/arm-none-eabi/4.8.1/../../../../arm-none-eabi/lib/thumb2\libm.a(lib_a-e_sqrt.o)
                              c:/codest/bin/../lib/gcc/arm-none-eabi/4.8.1/../../../../arm-none-eabi/lib/thumb2\libm.a(lib_a-e_pow.o) (__ieee754_sqrt)
c:/codest/bin/../lib/gcc/arm-none-eabi/4.8.1/../../../../arm-none-eabi/lib/thumb2\libm.a(lib_a-s_fabs.o)
                              c:/codest/bin/../lib/gcc/arm-none-eabi/4.8.1/../../../../arm-none-eabi/lib/thumb2\libm.a(lib_a-e_pow.o) (fabs)
c:/codest/bin/../lib/gcc/arm-none-eabi/4.8.1/../../../../arm-none-eabi/lib/thumb2\libm.a(lib_a-s_finite.o)
                              c:/codest/bin/../lib/gcc/arm-none-eabi/4.8.1/../../../../arm-none-eabi/lib/thumb2\libm.a(lib_a-w_pow.o) (finite)
c:/codest/bin/../lib/gcc/arm-none-eabi/4.8.1/../../../../arm-none-eabi/lib/thumb2\libm.a(lib_a-s_fpclassify.o)
                              c:/codest/bin/../lib/gcc/arm-none-eabi/4.8.1/../../../../arm-none-eabi/lib/thumb2\libm.a(lib_a-w_log.o) (__fpclassifyd)
c:/codest/bin/../lib/gcc/arm-none-eabi/4.8.1/../../../../arm-none-eabi/lib/thumb2\libm.a(lib_a-s_lib_ver.o)
                              c:/codest/bin/../lib/gcc/arm-none-eabi/4.8.1/../../../../arm-none-eabi/lib/thumb2\libm.a(lib_a-w_log.o) (__fdlib_version)
c:/codest/bin/../lib/gcc/arm-none-eabi/4.8.1/../../../../arm-none-eabi/lib/thumb2\libm.a(lib_a-s_matherr.o)
                              c:/codest/bin/../lib/gcc/arm-none-eabi/4.8.1/../../../../arm-none-eabi/lib/thumb2\libm.a(lib_a-w_log.o) (matherr)
c:/codest/bin/../lib/gcc/arm-none-eabi/4.8.1/../../../../arm-none-eabi/lib/thumb2\libm.a(lib_a-s_nan.o)
                              c:/codest/bin/../lib/gcc/arm-none-eabi/4.8.1/../../../../arm-none-eabi/lib/thumb2\libm.a(lib_a-w_log.o) (nan)
c:/codest/bin/../lib/gcc/arm-none-eabi/4.8.1/../../../../arm-none-eabi/lib/thumb2\libm.a(lib_a-s_rint.o)
                              c:/codest/bin/../lib/gcc/arm-none-eabi/4.8.1/../../../../arm-none-eabi/lib/thumb2\libm.a(lib_a-w_pow.o) (rint)
c:/codest/bin/../lib/gcc/arm-none-eabi/4.8.1/../../../../arm-none-eabi/lib/thumb2\libm.a(lib_a-s_scalbn.o)
                              c:/codest/bin/../lib/gcc/arm-none-eabi/4.8.1/../../../../arm-none-eabi/lib/thumb2\libm.a(lib_a-e_pow.o) (scalbn)
c:/codest/bin/../lib/gcc/arm-none-eabi/4.8.1/../../../../arm-none-eabi/lib/thumb2\libm.a(lib_a-s_copysign.o)
                              c:/codest/bin/../lib/gcc/arm-none-eabi/4.8.1/../../../../arm-none-eabi/lib/thumb2\libm.a(lib_a-s_scalbn.o) (copysign)
c:/codest/bin/../lib/gcc/arm-none-eabi/4.8.1/thumb2\libgcc.a(_arm_addsubdf3.o)
                              ..\obj\vbr.o (__aeabi_dsub)
c:/codest/bin/../lib/gcc/arm-none-eabi/4.8.1/thumb2\libgcc.a(_arm_muldivdf3.o)
                              ..\obj\sb_celp.o (__aeabi_dmul)
c:/codest/bin/../lib/gcc/arm-none-eabi/4.8.1/thumb2\libgcc.a(_arm_cmpdf2.o)
                              c:/codest/bin/../lib/gcc/arm-none-eabi/4.8.1/../../../../arm-none-eabi/lib/thumb2\libm.a(lib_a-w_log.o) (__aeabi_dcmpeq)
c:/codest/bin/../lib/gcc/arm-none-eabi/4.8.1/thumb2\libgcc.a(_arm_fixdfsi.o)
                              ..\obj\speex.o (__aeabi_d2iz)
c:/codest/bin/../lib/gcc/arm-none-eabi/4.8.1/thumb2\libgcc.a(_arm_fixunsdfsi.o)
                              ..\..\..\libpdmfilter_gcc.a(pdm_filter.o) (__aeabi_d2uiz)
c:/codest/bin/../lib/gcc/arm-none-eabi/4.8.1/thumb2\libgcc.a(_arm_truncdfsf2.o)
                              ..\obj\sb_celp.o (__aeabi_d2f)
c:/codest/bin/../lib/gcc/arm-none-eabi/4.8.1/thumb2\libgcc.a(_arm_muldivsf3.o)
                              ..\..\..\libpdmfilter_gcc.a(pdm_filter.o) (__aeabi_fmul)
c:/codest/bin/../lib/gcc/arm-none-eabi/4.8.1/thumb2\libgcc.a(_arm_cmpsf2.o)
                              ..\..\..\libpdmfilter_gcc.a(pdm_filter.o) (__aeabi_fcmpeq)
[...]
Memory Configuration

Name             Origin             Length             Attributes
rom              0x08000000         0x00100000         xr
ram              0x20000000         0x00020000         xrw
ram1             0x10000000         0x00010000         xrw
*default*        0x00000000         0xffffffff

Linker script and memory map

                0x20020000                _eram = 0x20020000

.text           0x08000000    0x16840
 *(.isr_vector .isr_vector.*)
 .isr_vector    0x08000000      0x188 ..\obj\startup_stm32f4xx.o
                0x08000000                g_pfnVectors
 *(.text .text.* .gnu.linkonce.t.*)
 .text.speex_inband_handler
                0x08000188       0x94 ..\obj\speex_callbacks.o
                0x08000188                speex_inband_handler
 .text.speex_default_user_handler
                0x0800021c       0x30 ..\obj\speex_callbacks.o
                0x0800021c                speex_default_user_handler
 .text.initPlayer
                0x0800024c      0x32c ..\obj\SndPlay.o
                0x0800024c                initPlayer
 .text.SPI3_IRQHandler
                0x08000578        0xc ..\obj\SndPlay.o
                0x08000578                SPI3_IRQHandler
 .text.sendSample
                0x08000584       0x20 ..\obj\SndPlay.o
                0x08000584                sendSample
 .text.Codec_WriteRegister
                0x080005a4      0x1f8 ..\obj\SndPlay.o
                0x080005a4                Codec_WriteRegister
 .text.Codec_TIMEOUT_UserCallback
                0x0800079c        0x8 ..\obj\SndPlay.o
                0x0800079c                Codec_TIMEOUT_UserCallback
 .text.initCS43L22
                0x080007a4       0x9c ..\obj\SndPlay.o
                0x080007a4                initCS43L22
 .text.Codec_ReadRegister
                0x08000840      0x318 ..\obj\SndPlay.o
                0x08000840                Codec_ReadRegister
 .text.NVIC_EnableIRQ
                0x08000b58       0x34 ..\obj\timer.o
 .text.TIM2_Config
                0x08000b8c       0x48 ..\obj\timer.o
                0x08000b8c                TIM2_Config
 .text.TIM2_IRQHandler
                0x08000bd4       0x24 ..\obj\timer.o
                0x08000bd4                TIM2_IRQHandler
 .text.NVIC_Config
                0x08000bf8       0x2c ..\obj\timer.o
                0x08000bf8                NVIC_Config
 .text.TIM2_Start
                0x08000c24       0x10 ..\obj\timer.o
                0x08000c24                TIM2_Start
 .text.speex_warning_int
                0x08000c34       0x30 ..\obj\speex.o
 .text.speex_encoder_init
                0x08000c64       0x1c ..\obj\speex.o
                0x08000c64                speex_encoder_init
 .text.speex_decoder_init
                0x08000c80       0x1c ..\obj\speex.o
                0x08000c80                speex_decoder_init
 .text.speex_encode_int
                0x08000c9c       0x28 ..\obj\speex.o
                0x08000c9c                speex_encode_int
 .text.speex_decode_int
                0x08000cc4       0x28 ..\obj\speex.o
                0x08000cc4                speex_decode_int
 .text.speex_encoder_ctl
                0x08000cec       0x24 ..\obj\speex.o
                0x08000cec                speex_encoder_ctl
 .text.nb_mode_query
                0x08000d10       0x88 ..\obj\speex.o
                0x08000d10                nb_mode_query
 .text.initMic  0x08000d98      0x15c ..\obj\SndMic.o
                0x08000d98                initMic
 .text.SPI2_IRQHandler
                0x08000ef4       0xb4 ..\obj\SndMic.o
                0x08000ef4                SPI2_IRQHandler
 .text.lsp_quant_lbr
                0x08000fa8      0x4a4 ..\obj\quant_lsp.o
                0x08000fa8                lsp_quant_lbr
 .text.lsp_unquant_lbr
                0x0800144c      0x148 ..\obj\quant_lsp.o
                0x0800144c                lsp_unquant_lbr
 .text          0x08001594      0x23e ..\obj\ltp_cortexM3.o
                0x08001594                inner_prod
 *fill*         0x080017d2        0x2 
 .text.Default_Reset_Handler
                0x080017d4       0x70 ..\obj\startup_stm32f4xx.o
                0x080017d4                Default_Reset_Handler
                0x080017d4                Reset_Handler
 .text.Default_Handler
                0x08001844        0x8 ..\obj\startup_stm32f4xx.o
                0x08001844                RTC_Alarm_IRQHandler
                0x08001844                HASH_RNG_IRQHandler
                0x08001844                EXTI2_IRQHandler
                0x08001844                TIM8_CC_IRQHandler
                0x08001844                DebugMon_Handler
                0x08001844                TIM1_CC_IRQHandler
                0x08001844                DMA2_Stream5_IRQHandler
                0x08001844                HardFault_Handler
                0x08001844                DMA1_Stream5_IRQHandler
                0x08001844                SysTick_Handler
                0x08001844                PVD_IRQHandler
                0x08001844                SDIO_IRQHandler
                0x08001844                TAMP_STAMP_IRQHandler
                0x08001844                PendSV_Handler
                0x08001844                NMI_Handler
                0x08001844                CAN2_RX1_IRQHandler
                0x08001844                EXTI3_IRQHandler
                0x08001844                TIM8_TRG_COM_TIM14_IRQHandler
                0x08001844                TIM1_UP_TIM10_IRQHandler
                0x08001844                TIM8_UP_TIM13_IRQHandler
                0x08001844                I2C3_ER_IRQHandler
                0x08001844                EXTI0_IRQHandler
                0x08001844                I2C2_EV_IRQHandler
                0x08001844                DMA1_Stream2_IRQHandler
                0x08001844                CAN1_RX0_IRQHandler
                0x08001844                FPU_IRQHandler
                0x08001844                OTG_HS_WKUP_IRQHandler
                0x08001844                UsageFault_Handler
                0x08001844                CAN2_SCE_IRQHandler
                0x08001844                DMA2_Stream2_IRQHandler
                0x08001844                SPI1_IRQHandler
                0x08001844                TIM6_DAC_IRQHandler
                0x08001844                TIM1_BRK_TIM9_IRQHandler
                0x08001844                DCMI_IRQHandler
                0x08001844                CAN2_RX0_IRQHandler
                0x08001844                DMA2_Stream3_IRQHandler
                0x08001844                USART6_IRQHandler
                0x08001844                USART3_IRQHandler
                0x08001844                CRYP_IRQHandler
                0x08001844                CAN1_RX1_IRQHandler
                0x08001844                UART5_IRQHandler
                0x08001844                DMA2_Stream0_IRQHandler
                0x08001844                TIM4_IRQHandler
                0x08001844                I2C1_EV_IRQHandler
                0x08001844                DMA1_Stream6_IRQHandler
                0x08001844                DMA1_Stream1_IRQHandler
                0x08001844                UART4_IRQHandler
                0x08001844                TIM3_IRQHandler
                0x08001844                RCC_IRQHandler
                0x08001844                TIM8_BRK_TIM12_IRQHandler
                0x08001844                EXTI15_10_IRQHandler
                0x08001844                ADC_IRQHandler
                0x08001844                DMA1_Stream7_IRQHandler
                0x08001844                TIM7_IRQHandler
                0x08001844                CAN2_TX_IRQHandler
                0x08001844                TIM5_IRQHandler
                0x08001844                DMA2_Stream7_IRQHandler
                0x08001844                I2C3_EV_IRQHandler
                0x08001844                EXTI9_5_IRQHandler
                0x08001844                RTC_WKUP_IRQHandler
                0x08001844                ETH_WKUP_IRQHandler
                0x08001844                OTG_HS_EP1_IN_IRQHandler
                0x08001844                MemManage_Handler
                0x08001844                DMA1_Stream0_IRQHandler
                0x08001844                CAN1_TX_IRQHandler
                0x08001844                SVC_Handler
                0x08001844                EXTI4_IRQHandler
                0x08001844                FSMC_IRQHandler
                0x08001844                ETH_IRQHandler
                0x08001844                OTG_HS_EP1_OUT_IRQHandler
                0x08001844                WWDG_IRQHandler
                0x08001844                OTG_FS_WKUP_IRQHandler
                0x08001844                TIM1_TRG_COM_TIM11_IRQHandler
                0x08001844                OTG_HS_IRQHandler
                0x08001844                EXTI1_IRQHandler
                0x08001844                USART2_IRQHandler
                0x08001844                I2C2_ER_IRQHandler
                0x08001844                DMA2_Stream1_IRQHandler
                0x08001844                CAN1_SCE_IRQHandler
                0x08001844                FLASH_IRQHandler
                0x08001844                DMA2_Stream4_IRQHandler
                0x08001844                BusFault_Handler
                0x08001844                USART1_IRQHandler
                0x08001844                OTG_FS_IRQHandler
                0x08001844                DMA1_Stream4_IRQHandler
                0x08001844                I2C1_ER_IRQHandler
                0x08001844                DMA2_Stream6_IRQHandler
                0x08001844                DMA1_Stream3_IRQHandler
 .text.spx_ilog4
                0x0800184c       0x64 ..\obj\filters.o
 .text.spx_sqrt
                0x080018b0       0xbc ..\obj\filters.o
 .text.compute_impulse_response
                0x0800196c      0x5d8 ..\obj\filters.o
                0x0800196c                compute_impulse_response
 .text.bw_lpc   0x08001f44       0x6c ..\obj\filters.o
                0x08001f44                bw_lpc
 .text.sanitize_values32
                0x08001fb0       0x94 ..\obj\filters.o
                0x08001fb0                sanitize_values32
 .text.highpass
                0x08002044      0x1c8 ..\obj\filters.o
                0x08002044                highpass
 .text.signal_mul
                0x0800220c       0x74 ..\obj\filters.o
                0x0800220c                signal_mul
 .text.signal_div
                0x08002280      0x144 ..\obj\filters.o
                0x08002280                signal_div
 .text.compute_rms
                0x080023c4      0x148 ..\obj\filters.o
                0x080023c4                compute_rms
 .text.compute_rms16
                0x0800250c      0x2b8 ..\obj\filters.o
                0x0800250c                compute_rms16
 .text.normalize16
                0x080027c4       0xa4 ..\obj\filters.o
                0x080027c4                normalize16
 .text.residue_percep_zero16
                0x08002868       0xac ..\obj\filters.o
                0x08002868                residue_percep_zero16
 .text.interp_pitch
                0x08002914      0x320 ..\obj\filters.o
                0x08002914                interp_pitch
 .text.multicomb
                0x08002c34      0x5b4 ..\obj\filters.o
                0x08002c34                multicomb
 .text.speex_alloc
                0x080031e8       0x1c ..\obj\bits.o
 .text.speex_realloc
                0x08003204       0x20 ..\obj\bits.o
 .text.speex_warning
                0x08003224       0x2c ..\obj\bits.o
 .text.speex_notify
                0x08003250       0x2c ..\obj\bits.o
 .text.speex_bits_init
                0x0800327c       0x3c ..\obj\bits.o
                0x0800327c                speex_bits_init
 .text.speex_bits_reset
                0x080032b8       0x34 ..\obj\bits.o
                0x080032b8                speex_bits_reset
 .text.speex_bits_read_from
                0x080032ec       0xbc ..\obj\bits.o
                0x080032ec                speex_bits_read_from
 .text.speex_bits_write
                0x080033a8       0x84 ..\obj\bits.o
                0x080033a8                speex_bits_write
 .text.speex_bits_pack
                0x0800342c      0x118 ..\obj\bits.o
                0x0800342c                speex_bits_pack
 .text.speex_bits_unpack_unsigned
                0x08003544       0xa0 ..\obj\bits.o
                0x08003544                speex_bits_unpack_unsigned
 .text.speex_bits_advance
                0x080035e4       0x60 ..\obj\bits.o
                0x080035e4                speex_bits_advance
 .text.speex_bits_remaining
                0x08003644       0x34 ..\obj\bits.o
                0x08003644                speex_bits_remaining
 .text.speex_bits_insert_terminator
                0x08003678       0x38 ..\obj\bits.o
                0x08003678                speex_bits_insert_terminator
 .text.putWord  0x080036b0       0xbc ..\obj\main.o
                0x080036b0                putWord
 .text.getWord  0x0800376c       0xa0 ..\obj\main.o
                0x0800376c                getWord
 .text.checkWord
                0x0800380c       0x1c ..\obj\main.o
                0x0800380c                checkWord
 .text.IRQ_timer
                0x08003828        0xc ..\obj\main.o
                0x08003828                IRQ_timer
 .text.IRQ_mic  0x08003834       0xa0 ..\obj\main.o
                0x08003834                IRQ_mic
 .text.IRQ_play
                0x080038d4      0x120 ..\obj\main.o
                0x080038d4                IRQ_play
 .text.main     0x080039f4      0x15c ..\obj\main.o
                0x080039f4                main
 .text.RCC_PLLI2SConfig
                0x08003b50       0x2c ..\obj\stm32f4xx_rcc.o
                0x08003b50                RCC_PLLI2SConfig
 .text.RCC_PLLI2SCmd
                0x08003b7c       0x20 ..\obj\stm32f4xx_rcc.o
                0x08003b7c                RCC_PLLI2SCmd
 .text.RCC_GetClocksFreq
                0x08003b9c      0x1a8 ..\obj\stm32f4xx_rcc.o
                0x08003b9c                RCC_GetClocksFreq
 .text.RCC_AHB1PeriphClockCmd
                0x08003d44       0x50 ..\obj\stm32f4xx_rcc.o
                0x08003d44                RCC_AHB1PeriphClockCmd
 .text.RCC_APB1PeriphClockCmd
                0x08003d94       0x50 ..\obj\stm32f4xx_rcc.o
                0x08003d94                RCC_APB1PeriphClockCmd
 .text.RCC_APB1PeriphResetCmd
                0x08003de4       0x50 ..\obj\stm32f4xx_rcc.o
                0x08003de4                RCC_APB1PeriphResetCmd
 .text.RCC_APB2PeriphResetCmd
                0x08003e34       0x50 ..\obj\stm32f4xx_rcc.o
                0x08003e34                RCC_APB2PeriphResetCmd
 .text.createEncoder
                0x08003e84       0x68 ..\obj\codec.o
                0x08003e84                createEncoder
 .text.encodeSPEEX
                0x08003eec       0x54 ..\obj\codec.o
                0x08003eec                encodeSPEEX
 .text.createDecoder
                0x08003f40       0x2c ..\obj\codec.o
                0x08003f40                createDecoder
 .text.decodeSPEEX
                0x08003f6c       0x54 ..\obj\codec.o
                0x08003f6c                decodeSPEEX
 .text._spx_lpc
                0x08003fc0      0x1dc ..\obj\lpc.o
                0x08003fc0                _spx_lpc
 .text._spx_autocorr
                0x0800419c      0x108 ..\obj\lpc.o
                0x0800419c                _spx_autocorr
 .text.scal_quant
                0x080042a4       0x48 ..\obj\vq.o
                0x080042a4                scal_quant
 .text.scal_quant32
                0x080042ec       0x40 ..\obj\vq.o
                0x080042ec                scal_quant32
 .text.target_update
                0x0800432c       0x64 ..\obj\cb_search.o
 .text.split_cb_search_shape_sign
                0x08004390      0xd34 ..\obj\cb_search.o
                0x08004390                split_cb_search_shape_sign
 .text.split_cb_shape_sign_unquant
                0x080050c4      0x190 ..\obj\cb_search.o
                0x080050c4                split_cb_shape_sign_unquant
 .text.noise_codebook_quant
                0x08005254       0x9c ..\obj\cb_search.o
                0x08005254                noise_codebook_quant
 .text.spx_ilog4
                0x080052f0       0x64 ..\obj\lsp.o
 .text.spx_sqrt
                0x08005354       0xbc ..\obj\lsp.o
 .text.spx_acos
                0x08005410       0xa0 ..\obj\lsp.o
 .text.spx_cos  0x080054b0      0x100 ..\obj\lsp.o
 .text.cheb_poly_eva
                0x080055b0       0xd0 ..\obj\lsp.o
 .text.lpc_to_lsp
                0x08005680      0x400 ..\obj\lsp.o
                0x08005680                lpc_to_lsp
 .text.lsp_to_lpc
                0x08005a80      0x5cc ..\obj\lsp.o
                0x08005a80                lsp_to_lpc
 .text.lsp_enforce_margin
                0x0800604c      0x128 ..\obj\lsp.o
                0x0800604c                lsp_enforce_margin
 .text.lsp_interpolate
                0x08006174       0x90 ..\obj\lsp.o
                0x08006174                lsp_interpolate
 .text.GPIO_Init
                0x08006204      0x11c ..\obj\stm32f4xx_gpio.o
                0x08006204                GPIO_Init
 .text.GPIO_WriteBit
                0x08006320       0x30 ..\obj\stm32f4xx_gpio.o
                0x08006320                GPIO_WriteBit
 .text.GPIO_PinAFConfig
                0x08006350       0x8c ..\obj\stm32f4xx_gpio.o
                0x08006350                GPIO_PinAFConfig
 .text.SystemInit
                0x080063dc       0xac ..\obj\system_stm32f4xx.o
                0x080063dc                SystemInit
 .text.SystemCoreClockUpdate
                0x08006488      0x154 ..\obj\system_stm32f4xx.o
                0x08006488                SystemCoreClockUpdate
 .text.SetSysClock
                0x080065dc      0x17c ..\obj\system_stm32f4xx.o
 .text._sbrk    0x08006758       0x5c ..\obj\syscalls.o
                0x08006758                _sbrk
 .text._close   0x080067b4       0x18 ..\obj\syscalls.o
                0x080067b4                _close
 .text._fstat   0x080067cc       0x20 ..\obj\syscalls.o
                0x080067cc                _fstat
 .text._isatty  0x080067ec       0x18 ..\obj\syscalls.o
                0x080067ec                _isatty
 .text._lseek   0x08006804       0x1c ..\obj\syscalls.o
                0x08006804                _lseek
 .text._read    0x08006820       0x1c ..\obj\syscalls.o
                0x08006820                _read
 .text._write   0x0800683c       0x1c ..\obj\syscalls.o
                0x0800683c                _write
 .text          0x08006858      0x2b4 ..\obj\filters_cortexM3.o
                0x08006858                filter_mem16
                0x0800697e                iir_mem16
                0x08006a48                fir_mem16
 .text.initGPIO_LED
                0x08006b0c       0x3c ..\obj\debugLeds.o
                0x08006b0c                initGPIO_LED
 .text.debugBlinkBlueLed
                0x08006b48       0x88 ..\obj\debugLeds.o
                0x08006b48                debugBlinkBlueLed
 .text.debugBlinkRedLed
                0x08006bd0       0x88 ..\obj\debugLeds.o
                0x08006bd0                debugBlinkRedLed
 .text.debugBlinkGreenLed
                0x08006c58       0x88 ..\obj\debugLeds.o
                0x08006c58                debugBlinkGreenLed
 .text.spx_ilog4
                0x08006ce0       0x64 ..\obj\nb_celp.o
 .text.speex_rand
                0x08006d44       0x5c ..\obj\nb_celp.o
 .text.spx_sqrt
                0x08006da0       0xbc ..\obj\nb_celp.o
 .text.speex_alloc
                0x08006e5c       0x1c ..\obj\nb_celp.o
 .text.speex_alloc_scratch
                0x08006e78       0x1c ..\obj\nb_celp.o
 .text.speex_free
                0x08006e94       0x14 ..\obj\nb_celp.o
 .text.speex_free_scratch
                0x08006ea8       0x14 ..\obj\nb_celp.o
 .text.speex_warning_int
                0x08006ebc       0x30 ..\obj\nb_celp.o
 .text.speex_notify
                0x08006eec       0x2c ..\obj\nb_celp.o
 .text.nb_encoder_init
                0x08006f18      0x2e4 ..\obj\nb_celp.o
                0x08006f18                nb_encoder_init
 .text.nb_encoder_destroy
                0x080071fc       0xb4 ..\obj\nb_celp.o
                0x080071fc                nb_encoder_destroy
 .text.nb_encode
                0x080072b0     0x1604 ..\obj\nb_celp.o
                0x080072b0                nb_encode
 .text.nb_decoder_init
                0x080088b4      0x200 ..\obj\nb_celp.o
                0x080088b4                nb_decoder_init
 .text.nb_decoder_destroy
                0x08008ab4       0x54 ..\obj\nb_celp.o
                0x08008ab4                nb_decoder_destroy
 .text.nb_decode_lost
                0x08008b08      0x2b0 ..\obj\nb_celp.o
 .text.nb_decode
                0x08008db8     0x159c ..\obj\nb_celp.o
                0x08008db8                nb_decode
 .text.nb_encoder_ctl
                0x0800a354      0x678 ..\obj\nb_celp.o
                0x0800a354                nb_encoder_ctl
 .text.nb_decoder_ctl
                0x0800a9cc      0x4e0 ..\obj\nb_celp.o
                0x0800a9cc                nb_decoder_ctl
 .text.SPI_I2S_DeInit
                0x0800aeac       0x78 ..\obj\stm32f4xx_spi.o
                0x0800aeac                SPI_I2S_DeInit
 .text.I2S_Init
                0x0800af24      0x1d4 ..\obj\stm32f4xx_spi.o
                0x0800af24                I2S_Init
 .text.I2S_Cmd  0x0800b0f8       0x40 ..\obj\stm32f4xx_spi.o
                0x0800b0f8                I2S_Cmd
 .text.SPI_I2S_ReceiveData
                0x0800b138       0x1c ..\obj\stm32f4xx_spi.o
                0x0800b138                SPI_I2S_ReceiveData
 .text.SPI_I2S_ITConfig
                0x0800b154       0x60 ..\obj\stm32f4xx_spi.o
                0x0800b154                SPI_I2S_ITConfig
 .text.SPI_I2S_GetITStatus
                0x0800b1b4       0x78 ..\obj\stm32f4xx_spi.o
                0x0800b1b4                SPI_I2S_GetITStatus
 .text.spx_ilog4
                0x0800b22c       0x64 ..\obj\ltp.o
 .text.spx_sqrt
                0x0800b290       0xbc ..\obj\ltp.o
 .text.pitch_gain_search_3tap_vq
                0x0800b34c      0x36c ..\obj\ltp.o
                0x0800b34c                pitch_gain_search_3tap_vq
 .text.pitch_xcorr
                0x0800b6b8       0x4c ..\obj\ltp.o
                0x0800b6b8                pitch_xcorr
 .text.open_loop_nbest_pitch
                0x0800b704      0x568 ..\obj\ltp.o
                0x0800b704                open_loop_nbest_pitch
 .text.pitch_gain_search_3tap
                0x0800bc6c      0x988 ..\obj\ltp.o
 .text.pitch_search_3tap
                0x0800c5f4      0x380 ..\obj\ltp.o
                0x0800c5f4                pitch_search_3tap
 .text.pitch_unquant_3tap
                0x0800c974      0x2b4 ..\obj\ltp.o
                0x0800c974                pitch_unquant_3tap
 .text.I2C_DeInit
                0x0800cc28       0x78 ..\obj\stm32f4xx_i2c.o
                0x0800cc28                I2C_DeInit
 .text.I2C_Init
                0x0800cca0      0x18c ..\obj\stm32f4xx_i2c.o
                0x0800cca0                I2C_Init
 .text.I2C_Cmd  0x0800ce2c       0x40 ..\obj\stm32f4xx_i2c.o
                0x0800ce2c                I2C_Cmd
 .text.I2C_GenerateSTART
                0x0800ce6c       0x40 ..\obj\stm32f4xx_i2c.o
                0x0800ce6c                I2C_GenerateSTART
 .text.I2C_GenerateSTOP
                0x0800ceac       0x40 ..\obj\stm32f4xx_i2c.o
                0x0800ceac                I2C_GenerateSTOP
 .text.I2C_Send7bitAddress
                0x0800ceec       0x3c ..\obj\stm32f4xx_i2c.o
                0x0800ceec                I2C_Send7bitAddress
 .text.I2C_AcknowledgeConfig
                0x0800cf28       0x40 ..\obj\stm32f4xx_i2c.o
                0x0800cf28                I2C_AcknowledgeConfig
 .text.I2C_SendData
                0x0800cf68       0x20 ..\obj\stm32f4xx_i2c.o
                0x0800cf68                I2C_SendData
 .text.I2C_ReceiveData
                0x0800cf88       0x1c ..\obj\stm32f4xx_i2c.o
                0x0800cf88                I2C_ReceiveData
 .text.I2C_CheckEvent
                0x0800cfa4       0x60 ..\obj\stm32f4xx_i2c.o
                0x0800cfa4                I2C_CheckEvent
 .text.I2C_GetFlagStatus
                0x0800d004       0x68 ..\obj\stm32f4xx_i2c.o
                0x0800d004                I2C_GetFlagStatus
 .text.I2C_ClearFlag
                0x0800d06c       0x2c ..\obj\stm32f4xx_i2c.o
                0x0800d06c                I2C_ClearFlag
 .text.NVIC_PriorityGroupConfig
                0x0800d098       0x28 ..\obj\misc.o
                0x0800d098                NVIC_PriorityGroupConfig
 .text.NVIC_Init
                0x0800d0c0       0xcc ..\obj\misc.o
                0x0800d0c0                NVIC_Init
 .text.vbr_init
                0x0800d18c       0xac ..\obj\vbr.o
                0x0800d18c                vbr_init
 .text.vbr_destroy
                0x0800d238       0x14 ..\obj\vbr.o
                0x0800d238                vbr_destroy
 .text          0x0800d24c       0xaa ..\obj\vq_cortexm3.o
                0x0800d24c                vq_nbest
 *fill*         0x0800d2f6        0x2 
 .text.TIM_TimeBaseInit
                0x0800d2f8       0xec ..\obj\stm32f4xx_tim.o
                0x0800d2f8                TIM_TimeBaseInit
 .text.TIM_TimeBaseStructInit
                0x0800d3e4       0x34 ..\obj\stm32f4xx_tim.o
                0x0800d3e4                TIM_TimeBaseStructInit
 .text.TIM_Cmd  0x0800d418       0x40 ..\obj\stm32f4xx_tim.o
                0x0800d418                TIM_Cmd
 .text.TIM_ITConfig
                0x0800d458       0x48 ..\obj\stm32f4xx_tim.o
                0x0800d458                TIM_ITConfig
 .text.TIM_GetITStatus
                0x0800d4a0       0x54 ..\obj\stm32f4xx_tim.o
                0x0800d4a0                TIM_GetITStatus
 .text.TIM_ClearITPendingBit
                0x0800d4f4       0x20 ..\obj\stm32f4xx_tim.o
                0x0800d4f4                TIM_ClearITPendingBit
 *fill*         0x0800d514        0x4 
 .text.PDM_Filter_Init
                0x0800d518      0x108 ..\..\..\libpdmfilter_gcc.a(pdm_filter.o)
                0x0800d518                PDM_Filter_Init
 .text.PDM_Filter_64_LSB
                0x0800d620      0x2e4 ..\..\..\libpdmfilter_gcc.a(pdm_filter.o)
                0x0800d620                PDM_Filter_64_LSB
 .text          0x0800d904       0xec c:/codest/bin/../lib/gcc/arm-none-eabi/4.8.1/../../../../arm-none-eabi/lib/thumb2\libm.a(lib_a-w_log.o)
                0x0800d904                log
 .text          0x0800d9f0      0x3f8 c:/codest/bin/../lib/gcc/arm-none-eabi/4.8.1/../../../../arm-none-eabi/lib/thumb2\libm.a(lib_a-e_log.o)
                0x0800d9f0                __ieee754_log
 .text          0x0800dde8       0x50 c:/codest/bin/../lib/gcc/arm-none-eabi/4.8.1/../../../../arm-none-eabi/lib/thumb2\libm.a(lib_a-s_fpclassify.o)
                0x0800dde8                __fpclassifyd
 .text          0x0800de38        0x4 c:/codest/bin/../lib/gcc/arm-none-eabi/4.8.1/../../../../arm-none-eabi/lib/thumb2\libm.a(lib_a-s_matherr.o)
                0x0800de38                matherr
 .text          0x0800de3c        0xc c:/codest/bin/../lib/gcc/arm-none-eabi/4.8.1/../../../../arm-none-eabi/lib/thumb2\libm.a(lib_a-s_nan.o)
                0x0800de3c                nan
 .text          0x0800de48      0x370 c:/codest/bin/../lib/gcc/arm-none-eabi/4.8.1/thumb2\libgcc.a(_arm_addsubdf3.o)
                0x0800de48                __aeabi_drsub
                0x0800de50                __aeabi_dsub
                0x0800de50                __subdf3
                0x0800de54                __aeabi_dadd
                0x0800de54                __adddf3
                0x0800e0cc                __floatunsidf
                0x0800e0cc                __aeabi_ui2d
                0x0800e0ec                __floatsidf
                0x0800e0ec                __aeabi_i2d
                0x0800e110                __aeabi_f2d
                0x0800e110                __extendsfdf2
                0x0800e14c                __floatundidf
                0x0800e14c                __aeabi_ul2d
                0x0800e15c                __floatdidf
                0x0800e15c                __aeabi_l2d
 .text          0x0800e1b8      0x424 c:/codest/bin/../lib/gcc/arm-none-eabi/4.8.1/thumb2\libgcc.a(_arm_muldivdf3.o)
                0x0800e1b8                __aeabi_dmul
                0x0800e1b8                __muldf3
                0x0800e40c                __divdf3
                0x0800e40c                __aeabi_ddiv
 .text          0x0800e5dc      0x110 c:/codest/bin/../lib/gcc/arm-none-eabi/4.8.1/thumb2\libgcc.a(_arm_cmpdf2.o)
                0x0800e5dc                __gtdf2
                0x0800e5dc                __gedf2
                0x0800e5e4                __ltdf2
                0x0800e5e4                __ledf2
                0x0800e5ec                __nedf2
                0x0800e5ec                __eqdf2
                0x0800e5ec                __cmpdf2
                0x0800e668                __aeabi_cdrcmple
                0x0800e678                __aeabi_cdcmpeq
                0x0800e678                __aeabi_cdcmple
                0x0800e688                __aeabi_dcmpeq
                0x0800e69c                __aeabi_dcmplt
                0x0800e6b0                __aeabi_dcmple
                0x0800e6c4                __aeabi_dcmpge
                0x0800e6d8                __aeabi_dcmpgt
 .text          0x0800e6ec       0x50 c:/codest/bin/../lib/gcc/arm-none-eabi/4.8.1/thumb2\libgcc.a(_arm_fixdfsi.o)
                0x0800e6ec                __aeabi_d2iz
                0x0800e6ec                __fixdfsi
 .text          0x0800e73c       0x40 c:/codest/bin/../lib/gcc/arm-none-eabi/4.8.1/thumb2\libgcc.a(_arm_fixunsdfsi.o)
                0x0800e73c                __aeabi_d2uiz
                0x0800e73c                __fixunsdfsi
 .text          0x0800e77c       0xa0 c:/codest/bin/../lib/gcc/arm-none-eabi/4.8.1/thumb2\libgcc.a(_arm_truncdfsf2.o)
                0x0800e77c                __truncdfsf2
                0x0800e77c                __aeabi_d2f
 .text          0x0800e81c      0x2a0 c:/codest/bin/../lib/gcc/arm-none-eabi/4.8.1/thumb2\libgcc.a(_arm_muldivsf3.o)
                0x0800e81c                __mulsf3
                0x0800e81c                __aeabi_fmul
                0x0800e984                __aeabi_fdiv
                0x0800e984                __divsf3
 .text          0x0800eabc       0xec c:/codest/bin/../lib/gcc/arm-none-eabi/4.8.1/thumb2\libgcc.a(_arm_cmpsf2.o)
                0x0800eabc                __gesf2
                0x0800eabc                __gtsf2
                0x0800eac4                __lesf2
                0x0800eac4                __ltsf2
                0x0800eacc                __nesf2
                0x0800eacc                __eqsf2
                0x0800eacc                __cmpsf2
                0x0800eb2c                __aeabi_cfrcmple
                0x0800eb34                __aeabi_cfcmpeq
                0x0800eb34                __aeabi_cfcmple
                0x0800eb44                __aeabi_fcmpeq
                0x0800eb58                __aeabi_fcmplt
                0x0800eb6c                __aeabi_fcmple
                0x0800eb80                __aeabi_fcmpge
                0x0800eb94                __aeabi_fcmpgt
 .text          0x0800eba8       0x14 c:/codest/bin/../lib/gcc/arm-none-eabi/4.8.1/../../../../arm-none-eabi/lib/thumb2\libc.a(lib_a-calloc.o)
                0x0800eba8                calloc
 .text          0x0800ebbc       0x64 c:/codest/bin/../lib/gcc/arm-none-eabi/4.8.1/../../../../arm-none-eabi/lib/thumb2\libc.a(lib_a-callocr.o)
                0x0800ebbc                _calloc_r
 .text          0x0800ec20        0xc c:/codest/bin/../lib/gcc/arm-none-eabi/4.8.1/../../../../arm-none-eabi/lib/thumb2\libc.a(lib_a-errno.o)
                0x0800ec20                __errno
 .text          0x0800ec2c       0x4c c:/codest/bin/../lib/gcc/arm-none-eabi/4.8.1/../../../../arm-none-eabi/lib/thumb2\libc.a(lib_a-fprintf.o)
                0x0800ec2c                _fprintf_r
                0x0800ec4c                fprintf
 .text          0x0800ec78       0x20 c:/codest/bin/../lib/gcc/arm-none-eabi/4.8.1/../../../../arm-none-eabi/lib/thumb2\libc.a(lib_a-malloc.o)
                0x0800ec78                malloc
                0x0800ec88                free
 .text          0x0800ec98      0x570 c:/codest/bin/../lib/gcc/arm-none-eabi/4.8.1/../../../../arm-none-eabi/lib/thumb2\libc.a(lib_a-mallocr.o)
                0x0800ec98                _malloc_r
 .text          0x0800f208       0xa8 c:/codest/bin/../lib/gcc/arm-none-eabi/4.8.1/../../../../arm-none-eabi/lib/thumb2\libc.a(lib_a-memcpy-stub.o)
                0x0800f208                memcpy
 .text          0x0800f2b0       0xd0 c:/codest/bin/../lib/gcc/arm-none-eabi/4.8.1/../../../../arm-none-eabi/lib/thumb2\libc.a(lib_a-memmove.o)
                0x0800f2b0                memmove
 .text          0x0800f380       0xa0 c:/codest/bin/../lib/gcc/arm-none-eabi/4.8.1/../../../../arm-none-eabi/lib/thumb2\libc.a(lib_a-memset.o)
                0x0800f380                memset
 .text          0x0800f420        0x8 c:/codest/bin/../lib/gcc/arm-none-eabi/4.8.1/../../../../arm-none-eabi/lib/thumb2\libc.a(lib_a-mlock.o)
                0x0800f420                __malloc_lock
                0x0800f424                __malloc_unlock
 .text          0x0800f428       0x14 c:/codest/bin/../lib/gcc/arm-none-eabi/4.8.1/../../../../arm-none-eabi/lib/thumb2\libc.a(lib_a-realloc.o)
                0x0800f428                realloc
 .text          0x0800f43c      0x3ec c:/codest/bin/../lib/gcc/arm-none-eabi/4.8.1/../../../../arm-none-eabi/lib/thumb2\libc.a(lib_a-reallocr.o)
                0x0800f43c                _realloc_r
 .text          0x0800f828       0x28 c:/codest/bin/../lib/gcc/arm-none-eabi/4.8.1/../../../../arm-none-eabi/lib/thumb2\libc.a(lib_a-sbrkr.o)
                0x0800f828                _sbrk_r
 .text          0x0800f850     0x15f0 c:/codest/bin/../lib/gcc/arm-none-eabi/4.8.1/../../../../arm-none-eabi/lib/thumb2\libc.a(lib_a-vfprintf.o)
                0x0800f850                _vfprintf_r
                0x08010da8                vfprintf
 .text          0x08010e40       0xe8 c:/codest/bin/../lib/gcc/arm-none-eabi/4.8.1/../../../../arm-none-eabi/lib/thumb2\libc.a(lib_a-wbuf.o)
                0x08010e40                __swbuf_r
                0x08010f14                __swbuf
 .text          0x08010f28       0xf8 c:/codest/bin/../lib/gcc/arm-none-eabi/4.8.1/../../../../arm-none-eabi/lib/thumb2\libc.a(lib_a-wsetup.o)
                0x08010f28                __swsetup_r
 .text          0x08011020     0x10d8 c:/codest/bin/../lib/gcc/arm-none-eabi/4.8.1/../../../../arm-none-eabi/lib/thumb2\libc.a(lib_a-dtoa.o)
                0x0801116c                _dtoa_r
 .text          0x080120f8      0x1d8 c:/codest/bin/../lib/gcc/arm-none-eabi/4.8.1/../../../../arm-none-eabi/lib/thumb2\libc.a(lib_a-fflush.o)
                0x080120f8                __sflush_r
                0x08012248                _fflush_r
                0x080122a8                fflush
 .text          0x080122d0      0x248 c:/codest/bin/../lib/gcc/arm-none-eabi/4.8.1/../../../../arm-none-eabi/lib/thumb2\libc.a(lib_a-findfp.o)
                0x080122d8                _cleanup_r
                0x080122e4                __sfmoreglue
                0x08012314                _cleanup
                0x0801232c                __sinit
                0x08012450                __sfp
                0x080124d8                __sfp_lock_acquire
                0x080124dc                __sfp_lock_release
                0x080124e0                __sinit_lock_acquire
                0x080124e4                __sinit_lock_release
                0x080124e8                __fp_lock_all
                0x08012500                __fp_unlock_all
 .text          0x08012518      0x23c c:/codest/bin/../lib/gcc/arm-none-eabi/4.8.1/../../../../arm-none-eabi/lib/thumb2\libc.a(lib_a-freer.o)
                0x08012518                _malloc_trim_r
                0x080125bc                _free_r
 .text          0x08012754       0x94 c:/codest/bin/../lib/gcc/arm-none-eabi/4.8.1/../../../../arm-none-eabi/lib/thumb2\libc.a(lib_a-fwalk.o)
                0x08012754                _fwalk
                0x0801279c                _fwalk_reent
 .text          0x080127e8       0x9c c:/codest/bin/../lib/gcc/arm-none-eabi/4.8.1/../../../../arm-none-eabi/lib/thumb2\libc.a(lib_a-locale.o)
                0x080127e8                _setlocale_r
                0x0801283c                __locale_charset
                0x08012848                __locale_mb_cur_max
                0x08012854                __locale_msgcharset
                0x0801285c                __locale_cjk_lang
                0x08012860                _localeconv_r
                0x08012868                setlocale
                0x0801287c                localeconv
 .text          0x08012884       0xe8 c:/codest/bin/../lib/gcc/arm-none-eabi/4.8.1/../../../../arm-none-eabi/lib/thumb2\libc.a(lib_a-makebuf.o)
                0x08012884                __smakebuf_r
 .text          0x0801296c       0x90 c:/codest/bin/../lib/gcc/arm-none-eabi/4.8.1/../../../../arm-none-eabi/lib/thumb2\libc.a(lib_a-memchr-stub.o)
                0x0801296c                memchr
 .text          0x080129fc      0x938 c:/codest/bin/../lib/gcc/arm-none-eabi/4.8.1/../../../../arm-none-eabi/lib/thumb2\libc.a(lib_a-mprec.o)
                0x080129fc                _Balloc
                0x08012a68                _Bfree
                0x08012aa0                __multadd
                0x08012b2c                __s2b
                0x08012bc4                __hi0bits
                0x08012c00                __lo0bits
                0x08012c58                __i2b
                0x08012c6c                __multiply
                0x08012dac                __pow5mult
                0x08012e64                __lshift
                0x08012f1c                __mcmp
                0x08012f60                __mdiff
                0x0801304c                __ulp
                0x08013090                __b2d
                0x0801313c                __d2b
                0x080131f8                __ratio
                0x08013258                _mprec_log10
                0x0801328c                __copybits
                0x080132d4                __any_on
 .text          0x08013334       0x88 c:/codest/bin/../lib/gcc/arm-none-eabi/4.8.1/../../../../arm-none-eabi/lib/thumb2\libc.a(lib_a-stdio.o)
                0x08013334                __sread
                0x08013358                __seofread
                0x0801335c                __swrite
                0x08013394                __sseek
                0x080133b4                __sclose
 .text          0x080133bc      0x23c c:/codest/bin/../lib/gcc/arm-none-eabi/4.8.1/../../../../arm-none-eabi/lib/thumb2\libc.a(lib_a-strcmp.o)
                0x080133bc                strcmp
 .text          0x080135f8       0x60 c:/codest/bin/../lib/gcc/arm-none-eabi/4.8.1/../../../../arm-none-eabi/lib/thumb2\libc.a(lib_a-strlen.o)
                0x080135f8                strlen
 .text          0x08013658      0xeb8 c:/codest/bin/../lib/gcc/arm-none-eabi/4.8.1/../../../../arm-none-eabi/lib/thumb2\libc.a(lib_a-vfiprintf.o)
                0x080136d0                __sprint_r
                0x080136e8                _vfiprintf_r
                0x08014478                vfiprintf
 .text          0x08014510       0x2c c:/codest/bin/../lib/gcc/arm-none-eabi/4.8.1/../../../../arm-none-eabi/lib/thumb2\libc.a(lib_a-writer.o)
                0x08014510                _write_r
 .text          0x0801453c       0x28 c:/codest/bin/../lib/gcc/arm-none-eabi/4.8.1/../../../../arm-none-eabi/lib/thumb2\libc.a(lib_a-closer.o)
                0x0801453c                _close_r
 .text          0x08014564       0xc0 c:/codest/bin/../lib/gcc/arm-none-eabi/4.8.1/../../../../arm-none-eabi/lib/thumb2\libc.a(lib_a-fclose.o)
                0x08014564                _fclose_r
                0x08014614                fclose
 .text          0x08014624      0x124 c:/codest/bin/../lib/gcc/arm-none-eabi/4.8.1/../../../../arm-none-eabi/lib/thumb2\libc.a(lib_a-fputwc.o)
                0x08014624                _fputwc_r
                0x080146ec                fputwc
 .text          0x08014748       0x28 c:/codest/bin/../lib/gcc/arm-none-eabi/4.8.1/../../../../arm-none-eabi/lib/thumb2\libc.a(lib_a-fstatr.o)
                0x08014748                _fstat_r
 .text          0x08014770      0x2f4 c:/codest/bin/../lib/gcc/arm-none-eabi/4.8.1/../../../../arm-none-eabi/lib/thumb2\libc.a(lib_a-fvwrite.o)
                0x08014770                __sfvwrite_r
 .text          0x08014a64       0x28 c:/codest/bin/../lib/gcc/arm-none-eabi/4.8.1/../../../../arm-none-eabi/lib/thumb2\libc.a(lib_a-isattyr.o)
                0x08014a64                _isatty_r
 .text          0x08014a8c       0x2c c:/codest/bin/../lib/gcc/arm-none-eabi/4.8.1/../../../../arm-none-eabi/lib/thumb2\libc.a(lib_a-lseekr.o)
                0x08014a8c                _lseek_r
 .text          0x08014ab8       0x2c c:/codest/bin/../lib/gcc/arm-none-eabi/4.8.1/../../../../arm-none-eabi/lib/thumb2\libc.a(lib_a-readr.o)
                0x08014ab8                _read_r
 .text          0x08014ae4       0xb4 c:/codest/bin/../lib/gcc/arm-none-eabi/4.8.1/../../../../arm-none-eabi/lib/thumb2\libc.a(lib_a-wcrtomb.o)
                0x08014ae4                _wcrtomb_r
                0x08014b3c                wcrtomb
 .text          0x08014b98       0x48 c:/codest/bin/../lib/gcc/arm-none-eabi/4.8.1/../../../../arm-none-eabi/lib/thumb2\libc.a(lib_a-wctomb_r.o)
                0x08014b98                __ascii_wctomb
                0x08014bb0                _wctomb_r
 .text          0x08014be0      0x278 c:/codest/bin/../lib/gcc/arm-none-eabi/4.8.1/thumb2\libgcc.a(_udivsi3.o)
                0x08014be0                __aeabi_uidiv
                0x08014be0                __udivsi3
                0x08014e3c                __aeabi_uidivmod
 .text          0x08014e58        0x4 c:/codest/bin/../lib/gcc/arm-none-eabi/4.8.1/thumb2\libgcc.a(_dvmd_tls.o)
                0x08014e58                __aeabi_idiv0
                0x08014e58                __aeabi_ldiv0
 .text          0x08014e5c       0x2c c:/codest/bin/../lib/gcc/arm-none-eabi/4.8.1/thumb2\libgcc.a(_aeabi_uldivmod.o)
                0x08014e5c                __aeabi_uldivmod
 .text          0x08014e88       0x60 c:/codest/bin/../lib/gcc/arm-none-eabi/4.8.1/thumb2\libgcc.a(bpabi.o)
                0x08014e88                __gnu_ldivmod_helper
                0x08014eb8                __gnu_uldivmod_helper
 .text          0x08014ee8      0x354 c:/codest/bin/../lib/gcc/arm-none-eabi/4.8.1/thumb2\libgcc.a(_divdi3.o)
                0x08014ee8                __divdi3
 .text          0x0801523c      0x300 c:/codest/bin/../lib/gcc/arm-none-eabi/4.8.1/thumb2\libgcc.a(_udivdi3.o)
                0x0801523c                __udivdi3
 *(.glue_7t)
 .glue_7t       0x00000000        0x0 linker stubs
 *(.glue_7)
 .glue_7        0x00000000        0x0 linker stubs
 *(.rodata .rodata* .gnu.linkonce.r.*)
 .rodata        0x0801553c      0x780 ..\obj\lsp_tables_nb.o
                0x0801553c                cdbk_nb
                0x080157bc                cdbk_nb_low1
                0x080158fc                cdbk_nb_low2
                0x08015a3c                cdbk_nb_high1
                0x08015b7c                cdbk_nb_high2
 .rodata        0x08015cbc       0x64 ..\obj\speex.o
 .rodata        0x08015d20       0x6c ..\obj\filters.o
                0x08015d60                shift_filt
 .rodata        0x08015d8c      0x160 ..\obj\bits.o
 .rodata        0x08015eec      0x1a8 ..\obj\window.o
                0x08015eec                lag_window
                0x08015f04                lpc_window
 .rodata        0x08016094      0x190 ..\obj\nb_celp.o
                0x080160b8                ol_gain_table
                0x08016138                exc_gain_quant_scal3_bound
                0x08016148                exc_gain_quant_scal3
                0x08016158                exc_gain_quant_scal1_bound
                0x0801615c                exc_gain_quant_scal1
                0x08016160                attenuation
 .rodata        0x08016224      0x124 ..\obj\modes.o
                0x08016314                speex_nb_mode
 .rodata        0x08016348      0x100 ..\obj\ltp.o
 .rodata        0x08016448       0x80 ..\obj\gain_table_lbr.o
                0x08016448                gain_cdbk_lbr
 .rodata        0x080164c8      0x140 ..\obj\exc_10_32_table.o
                0x080164c8                exc_10_32_table
 .rodata.str1.4
                0x08016608        0x4 c:/codest/bin/../lib/gcc/arm-none-eabi/4.8.1/../../../../arm-none-eabi/lib/thumb2\libm.a(lib_a-w_log.o)
                                  0x8 (size before relaxing)
 .rodata        0x0801660c        0x4 c:/codest/bin/../lib/gcc/arm-none-eabi/4.8.1/../../../../arm-none-eabi/lib/thumb2\libc.a(lib_a-impure.o)
                0x0801660c                _global_impure_ptr
 .rodata.str1.4
                0x08016610        0x2 c:/codest/bin/../lib/gcc/arm-none-eabi/4.8.1/../../../../arm-none-eabi/lib/thumb2\libc.a(lib_a-impure.o)
                                  0x4 (size before relaxing)
 *fill*         0x08016612        0x2 
 .rodata        0x08016614       0x20 c:/codest/bin/../lib/gcc/arm-none-eabi/4.8.1/../../../../arm-none-eabi/lib/thumb2\libc.a(lib_a-vfprintf.o)
 .rodata.str1.4
                0x08016634       0x42 c:/codest/bin/../lib/gcc/arm-none-eabi/4.8.1/../../../../arm-none-eabi/lib/thumb2\libc.a(lib_a-vfprintf.o)
                                 0x44 (size before relaxing)
 *fill*         0x08016676        0x2 
 .rodata.str1.4
                0x08016678       0x10 c:/codest/bin/../lib/gcc/arm-none-eabi/4.8.1/../../../../arm-none-eabi/lib/thumb2\libc.a(lib_a-dtoa.o)
                                 0x14 (size before relaxing)
 .rodata        0x08016688       0x60 c:/codest/bin/../lib/gcc/arm-none-eabi/4.8.1/../../../../arm-none-eabi/lib/thumb2\libc.a(lib_a-findfp.o)
                0x08016688                __sf_fake_stderr
                0x080166a8                __sf_fake_stdout
                0x080166c8                __sf_fake_stdin
 .rodata.str1.4
                0x080166e8        0xc c:/codest/bin/../lib/gcc/arm-none-eabi/4.8.1/../../../../arm-none-eabi/lib/thumb2\libc.a(lib_a-locale.o)
                                 0x14 (size before relaxing)
 *fill*         0x080166f4        0x4 
 .rodata        0x080166f8      0x128 c:/codest/bin/../lib/gcc/arm-none-eabi/4.8.1/../../../../arm-none-eabi/lib/thumb2\libc.a(lib_a-mprec.o)
                0x08016708                __mprec_tens
                0x080167d0                __mprec_tinytens
                0x080167f8                __mprec_bigtens
 .rodata        0x08016820       0x20 c:/codest/bin/../lib/gcc/arm-none-eabi/4.8.1/../../../../arm-none-eabi/lib/thumb2\libc.a(lib_a-vfiprintf.o)
 .rodata.str1.4
                0x00000000       0x30 c:/codest/bin/../lib/gcc/arm-none-eabi/4.8.1/../../../../arm-none-eabi/lib/thumb2\libc.a(lib_a-vfiprintf.o)

.vfp11_veneer   0x08016840        0x0
 .vfp11_veneer  0x00000000        0x0 linker stubs

.v4_bx          0x08016840        0x0
 .v4_bx         0x00000000        0x0 linker stubs

.iplt           0x08016840        0x0
 .iplt          0x00000000        0x0 ..\obj\stm32f4xx_syscfg.o

.ARM.extab
 *(.ARM.extab* .gnu.linkonce.armextab.*)

.ARM.exidx      0x08016840        0x8
 *(.ARM.exidx* .gnu.linkonce.armexidx.*)
 .ARM.exidx     0x08016840        0x8 c:/codest/bin/../lib/gcc/arm-none-eabi/4.8.1/thumb2\libgcc.a(_divdi3.o)
 .ARM.exidx     0x08016848        0x0 c:/codest/bin/../lib/gcc/arm-none-eabi/4.8.1/thumb2\libgcc.a(_udivdi3.o)
                                  0x8 (size before relaxing)

.rel.dyn        0x08016848        0x0
 .rel.iplt      0x00000000        0x0 ..\obj\stm32f4xx_syscfg.o
                0x08016848                . = ALIGN (0x4)
                0x08016848                _etext = .
                0x08016848                _sidata = .

.data           0x20000000      0x8d4 load address 0x08016848
                0x20000000                _sdata = .
 *(.data .data.*)
 .data          0x20000000        0x4 ..\obj\SndPlay.o
                0x20000000                CODECTimeout
 .data          0x20000004       0x24 ..\obj\main.o
                0x20000004                wrFlg
                0x20000008                sin_m
 .data          0x20000028       0x10 ..\obj\stm32f4xx_rcc.o
 .data          0x20000038       0x14 ..\obj\system_stm32f4xx.o
                0x20000038                SystemCoreClock
                0x2000003c                AHBPrescTable
 .data.T0       0x2000004c      0x100 ..\..\..\libpdmfilter_gcc.a(pdm_filter.o)
                0x2000004c                T0
 .data.T1       0x2000014c      0x100 ..\..\..\libpdmfilter_gcc.a(pdm_filter.o)
                0x2000014c                T1
 .data.T2       0x2000024c      0x100 ..\..\..\libpdmfilter_gcc.a(pdm_filter.o)
                0x2000024c                T2
 .data          0x2000034c        0x1 c:/codest/bin/../lib/gcc/arm-none-eabi/4.8.1/../../../../arm-none-eabi/lib/thumb2\libm.a(lib_a-s_lib_ver.o)
                0x2000034c                __fdlib_version
 *fill*         0x2000034d        0x3 
 .data          0x20000350       0xf4 c:/codest/bin/../lib/gcc/arm-none-eabi/4.8.1/../../../../arm-none-eabi/lib/thumb2\libc.a(lib_a-impure.o)
                0x20000350                _impure_ptr
 .data          0x20000444      0x410 c:/codest/bin/../lib/gcc/arm-none-eabi/4.8.1/../../../../arm-none-eabi/lib/thumb2\libc.a(lib_a-mallocr.o)
                0x20000444                __malloc_av_
                0x2000084c                __malloc_sbrk_base
                0x20000850                __malloc_trim_threshold
 .data          0x20000854       0x7c c:/codest/bin/../lib/gcc/arm-none-eabi/4.8.1/../../../../arm-none-eabi/lib/thumb2\libc.a(lib_a-locale.o)
                0x20000874                __mb_cur_max
 .data          0x200008d0        0x4 c:/codest/bin/../lib/gcc/arm-none-eabi/4.8.1/../../../../arm-none-eabi/lib/thumb2\libc.a(lib_a-wctomb_r.o)
                0x200008d0                __wctomb
                0x200008d4                . = ALIGN (0x4)
                0x200008d4                _edata = .

.igot.plt       0x200008d4        0x0 load address 0x0801711c
 .igot.plt      0x00000000        0x0 ..\obj\stm32f4xx_syscfg.o

.bss            0x200008d4     0x12fc load address 0x0801711c
                0x200008d4                _sbss = .
 *(.bss .bss.*)
 .bss           0x200008d4        0x4 ..\obj\SndMic.o
                0x200008d4                InternalBufferSize
 .bss           0x200008d8       0x10 ..\obj\main.o
                0x200008d8                keyAB
                0x200008d9                recFlg
                0x200008da                sendFlg
                0x200008e0                bFlg
 .bss           0x200008e8        0x8 ..\obj\codec.o
                0x200008e8                pDec
                0x200008ec                pEnc
 .bss           0x200008f0        0x4 ..\obj\syscalls.o
 .bss           0x200008f4       0x20 ..\obj\debugLeds.o
 .bss.stm32_crc
                0x20000914        0x4 ..\..\..\libpdmfilter_gcc.a(pdm_filter.o)
                0x20000914                stm32_crc
 .bss           0x20000918       0x34 c:/codest/bin/../lib/gcc/arm-none-eabi/4.8.1/../../../../arm-none-eabi/lib/thumb2\libc.a(lib_a-mallocr.o)
                0x20000918                __malloc_top_pad
                0x2000091c                __malloc_current_mallinfo
                0x20000944                __malloc_max_sbrked_mem
                0x20000948                __malloc_max_total_mem
 *(COMMON)
 COMMON         0x2000094c      0xc1a ..\obj\SndPlay.o
                0x2000094c                inSpxBff
                0x20000a1c                pcmbff
                0x20000de4                buffOUTPCM
 *fill*         0x20001566        0x2 
 COMMON         0x20001568       0xf4 ..\obj\SndMic.o
                0x20001568                InternalBuffer
                0x200015e8                RecBuf1
                0x20001608                RecBuf
                0x20001628                Filter
 COMMON         0x2000165c      0x294 ..\obj\main.o
                0x2000165c                pcm_dataA
                0x2000179c                spx_data
                0x200017b0                pcm_dataB
 COMMON         0x200018f0      0x2dc ..\obj\codec.o
                0x200018f0                inbits
                0x20001914                obits
                0x20001938                in_short
                0x20001a78                out_short
                0x20001bb8                in_byte
 COMMON         0x20001bcc        0x4 c:/codest/bin/../lib/gcc/arm-none-eabi/4.8.1/../../../../arm-none-eabi/lib/thumb2\libc.a(lib_a-reent.o)
                0x20001bcc                errno
                0x20001bd0                . = ALIGN (0x4)
                0x20001bd0                _ebss = .

.co_stack       0x20001bd0     0x2000 load address 0x08018418
                0x20001bd0                . = ALIGN (0x8)
 *(.co_stack .co_stack.*)
 .co_stack      0x20001bd0     0x2000 ..\obj\startup_stm32f4xx.o
                0x20001bd0                pulStack
                0x20003bd0                . = ALIGN (0x4)
                0x20003bd0                _end = .
LOAD ..\obj\stm32f4xx_syscfg.o
LOAD ..\obj\speex_callbacks.o
LOAD ..\obj\SndPlay.o
LOAD ..\obj\gain_table.o
LOAD ..\obj\lsp_tables_nb.o
LOAD ..\obj\timer.o
LOAD ..\obj\speex.o
LOAD ..\obj\SndMic.o
LOAD ..\obj\quant_lsp.o
LOAD ..\obj\exc_5_256_table.o
LOAD ..\obj\ltp_cortexM3.o
LOAD ..\obj\startup_stm32f4xx.o
LOAD ..\obj\filters.o
LOAD ..\obj\exc_5_64_table.o
LOAD ..\obj\bits.o
LOAD ..\obj\main.o
LOAD ..\obj\stm32f4xx_rcc.o
LOAD ..\obj\codec.o
LOAD ..\obj\sb_celp.o
LOAD ..\obj\lpc.o
LOAD ..\obj\vq.o
LOAD ..\obj\cb_search.o
LOAD ..\obj\hexc_10_32_table.o
LOAD ..\obj\window.o
LOAD ..\obj\lsp.o
LOAD ..\obj\stm32f4xx_gpio.o
LOAD ..\obj\exc_8_128_table.o
LOAD ..\obj\system_stm32f4xx.o
LOAD ..\obj\syscalls.o
LOAD ..\obj\filters_cortexM3.o
LOAD ..\obj\debugLeds.o
LOAD ..\obj\nb_celp.o
LOAD ..\obj\modes.o
LOAD ..\obj\high_lsp_tables.o
LOAD ..\obj\stm32f4xx_spi.o
LOAD ..\obj\ltp.o
LOAD ..\obj\stm32f4xx_i2c.o
LOAD ..\obj\misc.o
LOAD ..\obj\exc_10_16_table.o
LOAD ..\obj\hexc_table.o
LOAD ..\obj\vbr.o
LOAD ..\obj\gain_table_lbr.o
LOAD ..\obj\vq_cortexm3.o
LOAD ..\obj\exc_10_32_table.o
LOAD ..\obj\stm32f4xx_tim.o
LOAD ..\obj\exc_20_32_table.o
LOAD ..\..\..\libpdmfilter_gcc.a
LOAD c:/codest/bin/../lib/gcc/arm-none-eabi/4.8.1/../../../../arm-none-eabi/lib/thumb2\libm.a
LOAD c:/codest/bin/../lib/gcc/arm-none-eabi/4.8.1/thumb2\libgcc.a
LOAD c:/codest/bin/../lib/gcc/arm-none-eabi/4.8.1/../../../../arm-none-eabi/lib/thumb2\libc.a
START GROUP
LOAD c:/codest/bin/../lib/gcc/arm-none-eabi/4.8.1/thumb2\libgcc.a
LOAD c:/codest/bin/../lib/gcc/arm-none-eabi/4.8.1/../../../../arm-none-eabi/lib/thumb2\libc.a
END GROUP
OUTPUT(speex_codec.elf elf32-littlearm)

.debug_info     0x00000000    0x12b4e
 .debug_info    0x00000000      0xc47 ..\obj\speex_callbacks.o
 .debug_info    0x00000c47      0xaaf ..\obj\SndPlay.o
 .debug_info    0x000016f6       0xb9 ..\obj\lsp_tables_nb.o
 .debug_info    0x000017af      0x884 ..\obj\timer.o
 .debug_info    0x00002033     0x121f ..\obj\speex.o
 .debug_info    0x00003252      0xa59 ..\obj\SndMic.o
 .debug_info    0x00003cab      0xf05 ..\obj\quant_lsp.o
 .debug_info    0x00004bb0       0xb3 ..\obj\ltp_cortexM3.o
 .debug_info    0x00004c63       0xed ..\obj\startup_stm32f4xx.o
 .debug_info    0x00004d50      0xe2f ..\obj\filters.o
 .debug_info    0x00005b7f      0xeb7 ..\obj\bits.o
 .debug_info    0x00006a36      0x5a7 ..\obj\main.o
 .debug_info    0x00006fdd      0xc21 ..\obj\stm32f4xx_rcc.o
 .debug_info    0x00007bfe      0x419 ..\obj\codec.o
 .debug_info    0x00008017      0x1a1 ..\obj\lpc.o
 .debug_info    0x000081b8      0x200 ..\obj\vq.o
 .debug_info    0x000083b8      0xf2c ..\obj\cb_search.o
 .debug_info    0x000092e4       0x86 ..\obj\window.o
 .debug_info    0x0000936a      0x652 ..\obj\lsp.o
 .debug_info    0x000099bc      0x5d6 ..\obj\stm32f4xx_gpio.o
 .debug_info    0x00009f92      0x566 ..\obj\system_stm32f4xx.o
 .debug_info    0x0000a4f8      0x3ee ..\obj\syscalls.o
 .debug_info    0x0000a8e6       0xb7 ..\obj\filters_cortexM3.o
 .debug_info    0x0000a99d      0x4b6 ..\obj\debugLeds.o
 .debug_info    0x0000ae53     0x2333 ..\obj\nb_celp.o
 .debug_info    0x0000d186      0x815 ..\obj\modes.o
 .debug_info    0x0000d99b      0xadb ..\obj\stm32f4xx_spi.o
 .debug_info    0x0000e476     0x1618 ..\obj\ltp.o
 .debug_info    0x0000fa8e      0xac8 ..\obj\stm32f4xx_i2c.o
 .debug_info    0x00010556      0x51c ..\obj\misc.o
 .debug_info    0x00010a72      0x358 ..\obj\vbr.o
 .debug_info    0x00010dca       0x4e ..\obj\gain_table_lbr.o
 .debug_info    0x00010e18       0xb2 ..\obj\vq_cortexm3.o
 .debug_info    0x00010eca       0x4f ..\obj\exc_10_32_table.o
 .debug_info    0x00010f19     0x1c35 ..\obj\stm32f4xx_tim.o

.debug_abbrev   0x00000000     0x2f26
 .debug_abbrev  0x00000000      0x1b8 ..\obj\speex_callbacks.o
 .debug_abbrev  0x000001b8      0x28c ..\obj\SndPlay.o
 .debug_abbrev  0x00000444       0x54 ..\obj\lsp_tables_nb.o
 .debug_abbrev  0x00000498      0x1d3 ..\obj\timer.o
 .debug_abbrev  0x0000066b      0x1d7 ..\obj\speex.o
 .debug_abbrev  0x00000842      0x17c ..\obj\SndMic.o
 .debug_abbrev  0x000009be      0x247 ..\obj\quant_lsp.o
 .debug_abbrev  0x00000c05       0x14 ..\obj\ltp_cortexM3.o
 .debug_abbrev  0x00000c19       0xb0 ..\obj\startup_stm32f4xx.o
 .debug_abbrev  0x00000cc9      0x1ca ..\obj\filters.o
 .debug_abbrev  0x00000e93      0x2d5 ..\obj\bits.o
 .debug_abbrev  0x00001168      0x19f ..\obj\main.o
 .debug_abbrev  0x00001307      0x1e3 ..\obj\stm32f4xx_rcc.o
 .debug_abbrev  0x000014ea      0x155 ..\obj\codec.o
 .debug_abbrev  0x0000163f       0xb1 ..\obj\lpc.o
 .debug_abbrev  0x000016f0       0xc0 ..\obj\vq.o
 .debug_abbrev  0x000017b0      0x255 ..\obj\cb_search.o
 .debug_abbrev  0x00001a05       0x5b ..\obj\window.o
 .debug_abbrev  0x00001a60      0x15b ..\obj\lsp.o
 .debug_abbrev  0x00001bbb      0x1a3 ..\obj\stm32f4xx_gpio.o
 .debug_abbrev  0x00001d5e      0x136 ..\obj\system_stm32f4xx.o
 .debug_abbrev  0x00001e94       0xe2 ..\obj\syscalls.o
 .debug_abbrev  0x00001f76       0x14 ..\obj\filters_cortexM3.o
 .debug_abbrev  0x00001f8a      0x176 ..\obj\debugLeds.o
 .debug_abbrev  0x00002100      0x2d8 ..\obj\nb_celp.o
 .debug_abbrev  0x000023d8      0x144 ..\obj\modes.o
 .debug_abbrev  0x0000251c      0x167 ..\obj\stm32f4xx_spi.o
 .debug_abbrev  0x00002683      0x2a4 ..\obj\ltp.o
 .debug_abbrev  0x00002927      0x164 ..\obj\stm32f4xx_i2c.o
 .debug_abbrev  0x00002a8b      0x145 ..\obj\misc.o
 .debug_abbrev  0x00002bd0      0x135 ..\obj\vbr.o
 .debug_abbrev  0x00002d05       0x43 ..\obj\gain_table_lbr.o
 .debug_abbrev  0x00002d48       0x14 ..\obj\vq_cortexm3.o
 .debug_abbrev  0x00002d5c       0x43 ..\obj\exc_10_32_table.o
 .debug_abbrev  0x00002d9f      0x187 ..\obj\stm32f4xx_tim.o

.debug_aranges  0x00000000      0xfb8
 .debug_aranges
                0x00000000       0x68 ..\obj\speex_callbacks.o
 .debug_aranges
                0x00000068       0x68 ..\obj\SndPlay.o
 .debug_aranges
                0x000000d0       0x18 ..\obj\lsp_tables_nb.o
 .debug_aranges
                0x000000e8       0x48 ..\obj\timer.o
 .debug_aranges
                0x00000130       0x90 ..\obj\speex.o
 .debug_aranges
                0x000001c0       0x28 ..\obj\SndMic.o
 .debug_aranges
                0x000001e8       0x60 ..\obj\quant_lsp.o
 .debug_aranges
                0x00000248       0x20 ..\obj\ltp_cortexM3.o
 .debug_aranges
                0x00000268       0x28 ..\obj\startup_stm32f4xx.o
 .debug_aranges
                0x00000290       0xa0 ..\obj\filters.o
 .debug_aranges
                0x00000330       0xe0 ..\obj\bits.o
 .debug_aranges
                0x00000410       0x80 ..\obj\main.o
 .debug_aranges
                0x00000490      0x178 ..\obj\stm32f4xx_rcc.o
 .debug_aranges
                0x00000608       0x38 ..\obj\codec.o
 .debug_aranges
                0x00000640       0x28 ..\obj\lpc.o
 .debug_aranges
                0x00000668       0x30 ..\obj\vq.o
 .debug_aranges
                0x00000698       0x48 ..\obj\cb_search.o
 .debug_aranges
                0x000006e0       0x18 ..\obj\window.o
 .debug_aranges
                0x000006f8       0x60 ..\obj\lsp.o
 .debug_aranges
                0x00000758       0x88 ..\obj\stm32f4xx_gpio.o
 .debug_aranges
                0x000007e0       0x30 ..\obj\system_stm32f4xx.o
 .debug_aranges
                0x00000810       0x60 ..\obj\syscalls.o
 .debug_aranges
                0x00000870       0x20 ..\obj\filters_cortexM3.o
 .debug_aranges
                0x00000890       0x40 ..\obj\debugLeds.o
 .debug_aranges
                0x000008d0       0xa8 ..\obj\nb_celp.o
 .debug_aranges
                0x00000978       0x20 ..\obj\modes.o
 .debug_aranges
                0x00000998       0xe0 ..\obj\stm32f4xx_spi.o
 .debug_aranges
                0x00000a78       0x68 ..\obj\ltp.o
 .debug_aranges
                0x00000ae0      0x120 ..\obj\stm32f4xx_i2c.o
 .debug_aranges
                0x00000c00       0x40 ..\obj\misc.o
 .debug_aranges
                0x00000c40       0x30 ..\obj\vbr.o
 .debug_aranges
                0x00000c70       0x18 ..\obj\gain_table_lbr.o
 .debug_aranges
                0x00000c88       0x20 ..\obj\vq_cortexm3.o
 .debug_aranges
                0x00000ca8       0x18 ..\obj\exc_10_32_table.o
 .debug_aranges
                0x00000cc0      0x2f8 ..\obj\stm32f4xx_tim.o

.debug_ranges   0x00000000      0xd38
 .debug_ranges  0x00000000       0x58 ..\obj\speex_callbacks.o
 .debug_ranges  0x00000058       0x58 ..\obj\SndPlay.o
 .debug_ranges  0x000000b0       0x38 ..\obj\timer.o
 .debug_ranges  0x000000e8       0x80 ..\obj\speex.o
 .debug_ranges  0x00000168       0x18 ..\obj\SndMic.o
 .debug_ranges  0x00000180       0x50 ..\obj\quant_lsp.o
 .debug_ranges  0x000001d0       0x18 ..\obj\startup_stm32f4xx.o
 .debug_ranges  0x000001e8       0x90 ..\obj\filters.o
 .debug_ranges  0x00000278       0xd0 ..\obj\bits.o
 .debug_ranges  0x00000348       0x70 ..\obj\main.o
 .debug_ranges  0x000003b8      0x168 ..\obj\stm32f4xx_rcc.o
 .debug_ranges  0x00000520       0x28 ..\obj\codec.o
 .debug_ranges  0x00000548       0x18 ..\obj\lpc.o
 .debug_ranges  0x00000560       0x20 ..\obj\vq.o
 .debug_ranges  0x00000580       0x38 ..\obj\cb_search.o
 .debug_ranges  0x000005b8       0x50 ..\obj\lsp.o
 .debug_ranges  0x00000608       0x78 ..\obj\stm32f4xx_gpio.o
 .debug_ranges  0x00000680       0x20 ..\obj\system_stm32f4xx.o
 .debug_ranges  0x000006a0       0x50 ..\obj\syscalls.o
 .debug_ranges  0x000006f0       0x30 ..\obj\debugLeds.o
 .debug_ranges  0x00000720       0x98 ..\obj\nb_celp.o
 .debug_ranges  0x000007b8       0x10 ..\obj\modes.o
 .debug_ranges  0x000007c8       0xd0 ..\obj\stm32f4xx_spi.o
 .debug_ranges  0x00000898       0x58 ..\obj\ltp.o
 .debug_ranges  0x000008f0      0x110 ..\obj\stm32f4xx_i2c.o
 .debug_ranges  0x00000a00       0x30 ..\obj\misc.o
 .debug_ranges  0x00000a30       0x20 ..\obj\vbr.o
 .debug_ranges  0x00000a50      0x2e8 ..\obj\stm32f4xx_tim.o

.debug_line     0x00000000     0x6625
 .debug_line    0x00000000      0x266 ..\obj\speex_callbacks.o
 .debug_line    0x00000266      0x3ae ..\obj\SndPlay.o
 .debug_line    0x00000614       0x65 ..\obj\lsp_tables_nb.o
 .debug_line    0x00000679      0x1d1 ..\obj\timer.o
 .debug_line    0x0000084a      0x2c5 ..\obj\speex.o
 .debug_line    0x00000b0f      0x1c5 ..\obj\SndMic.o
 .debug_line    0x00000cd4      0x584 ..\obj\quant_lsp.o
 .debug_line    0x00001258      0x10c ..\obj\ltp_cortexM3.o
 .debug_line    0x00001364       0xa0 ..\obj\startup_stm32f4xx.o
 .debug_line    0x00001404      0x94c ..\obj\filters.o
 .debug_line    0x00001d50      0x419 ..\obj\bits.o
 .debug_line    0x00002169      0x2ad ..\obj\main.o
 .debug_line    0x00002416      0x509 ..\obj\stm32f4xx_rcc.o
 .debug_line    0x0000291f      0x100 ..\obj\codec.o
 .debug_line    0x00002a1f      0x13a ..\obj\lpc.o
 .debug_line    0x00002b59      0x102 ..\obj\vq.o
 .debug_line    0x00002c5b      0x36c ..\obj\cb_search.o
 .debug_line    0x00002fc7       0x68 ..\obj\window.o
 .debug_line    0x0000302f      0x374 ..\obj\lsp.o
 .debug_line    0x000033a3      0x2ac ..\obj\stm32f4xx_gpio.o
 .debug_line    0x0000364f      0x15b ..\obj\system_stm32f4xx.o
 .debug_line    0x000037aa      0x142 ..\obj\syscalls.o
 .debug_line    0x000038ec      0x131 ..\obj\filters_cortexM3.o
 .debug_line    0x00003a1d      0x1c5 ..\obj\debugLeds.o
 .debug_line    0x00003be2      0xba3 ..\obj\nb_celp.o
 .debug_line    0x00004785       0xf1 ..\obj\modes.o
 .debug_line    0x00004876      0x3bf ..\obj\stm32f4xx_spi.o
 .debug_line    0x00004c35      0x6ea ..\obj\ltp.o
 .debug_line    0x0000531f      0x449 ..\obj\stm32f4xx_i2c.o
 .debug_line    0x00005768      0x1b2 ..\obj\misc.o
 .debug_line    0x0000591a      0x1c0 ..\obj\vbr.o
 .debug_line    0x00005ada       0x66 ..\obj\gain_table_lbr.o
 .debug_line    0x00005b40       0xac ..\obj\vq_cortexm3.o
 .debug_line    0x00005bec       0x67 ..\obj\exc_10_32_table.o
 .debug_line    0x00005c53      0x9d2 ..\obj\stm32f4xx_tim.o

.debug_str      0x00000000     0x4a96
 .debug_str     0x00000000      0x675 ..\obj\speex_callbacks.o
                                0x718 (size before relaxing)
 .debug_str     0x00000675      0xa38 ..\obj\SndPlay.o
                                0xb58 (size before relaxing)
 .debug_str     0x000010ad       0x83 ..\obj\lsp_tables_nb.o
                                 0xfc (size before relaxing)
 .debug_str     0x00001130      0x1af ..\obj\timer.o
                                0x922 (size before relaxing)
 .debug_str     0x000012df      0x44d ..\obj\speex.o
                                0x9bf (size before relaxing)
 .debug_str     0x0000172c      0x178 ..\obj\SndMic.o
                                0xb3c (size before relaxing)
 .debug_str     0x000018a4      0x11a ..\obj\quant_lsp.o
                                0x6f8 (size before relaxing)
 .debug_str     0x000019be       0xae ..\obj\startup_stm32f4xx.o
                                0x12d (size before relaxing)
 .debug_str     0x00001a6c      0x247 ..\obj\filters.o
                                0x3b2 (size before relaxing)
 .debug_str     0x00001cb3      0x248 ..\obj\bits.o
                                0x7a8 (size before relaxing)
 .debug_str     0x00001efb      0x15d ..\obj\main.o
                                0x2e5 (size before relaxing)
 .debug_str     0x00002058      0x59c ..\obj\stm32f4xx_rcc.o
                                0x80c (size before relaxing)
 .debug_str     0x000025f4       0xa2 ..\obj\codec.o
                                0x2b1 (size before relaxing)
 .debug_str     0x00002696       0x61 ..\obj\lpc.o
                                 0xfa (size before relaxing)
 .debug_str     0x000026f7       0x7c ..\obj\vq.o
                                0x12c (size before relaxing)
 .debug_str     0x00002773      0x167 ..\obj\cb_search.o
                                0x710 (size before relaxing)
 .debug_str     0x000028da       0x54 ..\obj\window.o
                                 0xd8 (size before relaxing)
 .debug_str     0x0000292e      0x11e ..\obj\lsp.o
                                0x297 (size before relaxing)
 .debug_str     0x00002a4c      0x18f ..\obj\stm32f4xx_gpio.o
                                0x45f (size before relaxing)
 .debug_str     0x00002bdb      0x116 ..\obj\system_stm32f4xx.o
                                0x366 (size before relaxing)
 .debug_str     0x00002cf1      0x141 ..\obj\syscalls.o
                                0x2ba (size before relaxing)
 .debug_str     0x00002e32       0xc4 ..\obj\debugLeds.o
                                0x3cd (size before relaxing)
 .debug_str     0x00002ef6      0x5cc ..\obj\nb_celp.o
                                0xfb8 (size before relaxing)
 .debug_str     0x000034c2       0xa6 ..\obj\modes.o
                                0x578 (size before relaxing)
 .debug_str     0x00003568      0x330 ..\obj\stm32f4xx_spi.o
                                0x646 (size before relaxing)
 .debug_str     0x00003898      0x1c5 ..\obj\ltp.o
                                0x852 (size before relaxing)
 .debug_str     0x00003a5d      0x33e ..\obj\stm32f4xx_i2c.o
                                0x621 (size before relaxing)
 .debug_str     0x00003d9b      0x12e ..\obj\misc.o
                                0x395 (size before relaxing)
 .debug_str     0x00003ec9       0xc1 ..\obj\vbr.o
                                0x2ad (size before relaxing)
 .debug_str     0x00003f8a       0x46 ..\obj\gain_table_lbr.o
                                 0xcd (size before relaxing)
 .debug_str     0x00003fd0       0x47 ..\obj\exc_10_32_table.o
                                 0xd0 (size before relaxing)
 .debug_str     0x00004017      0xa7f ..\obj\stm32f4xx_tim.o
                                0xd8c (size before relaxing)

.comment        0x00000000       0x91
 .comment       0x00000000       0x30 ..\obj\speex_callbacks.o
                                 0x31 (size before relaxing)
 .comment       0x00000000       0x31 ..\obj\SndPlay.o
 .comment       0x00000000       0x31 ..\obj\lsp_tables_nb.o
 .comment       0x00000000       0x31 ..\obj\timer.o
 .comment       0x00000000       0x31 ..\obj\speex.o
 .comment       0x00000000       0x31 ..\obj\SndMic.o
 .comment       0x00000000       0x31 ..\obj\quant_lsp.o
 .comment       0x00000000       0x31 ..\obj\startup_stm32f4xx.o
 .comment       0x00000000       0x31 ..\obj\filters.o
 .comment       0x00000000       0x31 ..\obj\bits.o
 .comment       0x00000000       0x31 ..\obj\main.o
 .comment       0x00000000       0x31 ..\obj\stm32f4xx_rcc.o
 .comment       0x00000000       0x31 ..\obj\codec.o
 .comment       0x00000000       0x31 ..\obj\lpc.o
 .comment       0x00000000       0x31 ..\obj\vq.o
 .comment       0x00000000       0x31 ..\obj\cb_search.o
 .comment       0x00000000       0x31 ..\obj\window.o
 .comment       0x00000000       0x31 ..\obj\lsp.o
 .comment       0x00000000       0x31 ..\obj\stm32f4xx_gpio.o
 .comment       0x00000000       0x31 ..\obj\system_stm32f4xx.o
 .comment       0x00000000       0x31 ..\obj\syscalls.o
 .comment       0x00000000       0x31 ..\obj\debugLeds.o
 .comment       0x00000000       0x31 ..\obj\nb_celp.o
 .comment       0x00000000       0x31 ..\obj\modes.o
 .comment       0x00000000       0x31 ..\obj\stm32f4xx_spi.o
 .comment       0x00000000       0x31 ..\obj\ltp.o
 .comment       0x00000000       0x31 ..\obj\stm32f4xx_i2c.o
 .comment       0x00000000       0x31 ..\obj\misc.o
 .comment       0x00000000       0x31 ..\obj\vbr.o
 .comment       0x00000000       0x31 ..\obj\gain_table_lbr.o
 .comment       0x00000000       0x31 ..\obj\exc_10_32_table.o
 .comment       0x00000000       0x31 ..\obj\stm32f4xx_tim.o
 .comment       0x00000030       0x61 ..\..\..\libpdmfilter_gcc.a(pdm_filter.o)
                                 0x62 (size before relaxing)

.ARM.attributes
                0x00000000       0x35
 .ARM.attributes
                0x00000000       0x37 ..\obj\speex_callbacks.o
 .ARM.attributes
                0x00000037       0x37 ..\obj\SndPlay.o
 .ARM.attributes
                0x0000006e       0x37 ..\obj\lsp_tables_nb.o
 .ARM.attributes
                0x000000a5       0x37 ..\obj\timer.o
 .ARM.attributes
                0x000000dc       0x37 ..\obj\speex.o
 .ARM.attributes
                0x00000113       0x37 ..\obj\SndMic.o
 .ARM.attributes
                0x0000014a       0x37 ..\obj\quant_lsp.o
 .ARM.attributes
                0x00000181       0x21 ..\obj\ltp_cortexM3.o
 .ARM.attributes
                0x000001a2       0x37 ..\obj\startup_stm32f4xx.o
 .ARM.attributes
                0x000001d9       0x37 ..\obj\filters.o
 .ARM.attributes
                0x00000210       0x37 ..\obj\bits.o
 .ARM.attributes
                0x00000247       0x37 ..\obj\main.o
 .ARM.attributes
                0x0000027e       0x37 ..\obj\stm32f4xx_rcc.o
 .ARM.attributes
                0x000002b5       0x37 ..\obj\codec.o
 .ARM.attributes
                0x000002ec       0x37 ..\obj\lpc.o
 .ARM.attributes
                0x00000323       0x37 ..\obj\vq.o
 .ARM.attributes
                0x0000035a       0x37 ..\obj\cb_search.o
 .ARM.attributes
                0x00000391       0x37 ..\obj\window.o
 .ARM.attributes
                0x000003c8       0x37 ..\obj\lsp.o
 .ARM.attributes
                0x000003ff       0x37 ..\obj\stm32f4xx_gpio.o
 .ARM.attributes
                0x00000436       0x37 ..\obj\system_stm32f4xx.o
 .ARM.attributes
                0x0000046d       0x37 ..\obj\syscalls.o
 .ARM.attributes
                0x000004a4       0x21 ..\obj\filters_cortexM3.o
 .ARM.attributes
                0x000004c5       0x37 ..\obj\debugLeds.o
 .ARM.attributes
                0x000004fc       0x37 ..\obj\nb_celp.o
 .ARM.attributes
                0x00000533       0x37 ..\obj\modes.o
 .ARM.attributes
                0x0000056a       0x37 ..\obj\stm32f4xx_spi.o
 .ARM.attributes
                0x000005a1       0x37 ..\obj\ltp.o
 .ARM.attributes
                0x000005d8       0x37 ..\obj\stm32f4xx_i2c.o
 .ARM.attributes
                0x0000060f       0x37 ..\obj\misc.o
 .ARM.attributes
                0x00000646       0x37 ..\obj\vbr.o
 .ARM.attributes
                0x0000067d       0x37 ..\obj\gain_table_lbr.o
 .ARM.attributes
                0x000006b4       0x21 ..\obj\vq_cortexm3.o
 .ARM.attributes
                0x000006d5       0x37 ..\obj\exc_10_32_table.o
 .ARM.attributes
                0x0000070c       0x37 ..\obj\stm32f4xx_tim.o
 .ARM.attributes
                0x00000743       0x31 ..\..\..\libpdmfilter_gcc.a(pdm_filter.o)
 .ARM.attributes
                0x00000774       0x29 c:/codest/bin/../lib/gcc/arm-none-eabi/4.8.1/../../../../arm-none-eabi/lib/thumb2\libm.a(lib_a-w_log.o)
 .ARM.attributes
                0x0000079d       0x29 c:/codest/bin/../lib/gcc/arm-none-eabi/4.8.1/../../../../arm-none-eabi/lib/thumb2\libm.a(lib_a-e_log.o)
 .ARM.attributes
                0x000007c6       0x29 c:/codest/bin/../lib/gcc/arm-none-eabi/4.8.1/../../../../arm-none-eabi/lib/thumb2\libm.a(lib_a-s_fpclassify.o)
 .ARM.attributes
                0x000007ef       0x29 c:/codest/bin/../lib/gcc/arm-none-eabi/4.8.1/../../../../arm-none-eabi/lib/thumb2\libm.a(lib_a-s_lib_ver.o)
 .ARM.attributes
                0x00000818       0x29 c:/codest/bin/../lib/gcc/arm-none-eabi/4.8.1/../../../../arm-none-eabi/lib/thumb2\libm.a(lib_a-s_matherr.o)
 .ARM.attributes
                0x00000841       0x29 c:/codest/bin/../lib/gcc/arm-none-eabi/4.8.1/../../../../arm-none-eabi/lib/thumb2\libm.a(lib_a-s_nan.o)
 .ARM.attributes
                0x0000086a       0x19 c:/codest/bin/../lib/gcc/arm-none-eabi/4.8.1/thumb2\libgcc.a(_arm_addsubdf3.o)
 .ARM.attributes
                0x00000883       0x19 c:/codest/bin/../lib/gcc/arm-none-eabi/4.8.1/thumb2\libgcc.a(_arm_muldivdf3.o)
 .ARM.attributes
                0x0000089c       0x19 c:/codest/bin/../lib/gcc/arm-none-eabi/4.8.1/thumb2\libgcc.a(_arm_cmpdf2.o)
 .ARM.attributes
                0x000008b5       0x19 c:/codest/bin/../lib/gcc/arm-none-eabi/4.8.1/thumb2\libgcc.a(_arm_fixdfsi.o)
 .ARM.attributes
                0x000008ce       0x19 c:/codest/bin/../lib/gcc/arm-none-eabi/4.8.1/thumb2\libgcc.a(_arm_fixunsdfsi.o)
 .ARM.attributes
                0x000008e7       0x19 c:/codest/bin/../lib/gcc/arm-none-eabi/4.8.1/thumb2\libgcc.a(_arm_truncdfsf2.o)
 .ARM.attributes
                0x00000900       0x19 c:/codest/bin/../lib/gcc/arm-none-eabi/4.8.1/thumb2\libgcc.a(_arm_muldivsf3.o)
 .ARM.attributes
                0x00000919       0x19 c:/codest/bin/../lib/gcc/arm-none-eabi/4.8.1/thumb2\libgcc.a(_arm_cmpsf2.o)
 .ARM.attributes
                0x00000932       0x29 c:/codest/bin/../lib/gcc/arm-none-eabi/4.8.1/../../../../arm-none-eabi/lib/thumb2\libc.a(lib_a-calloc.o)
 .ARM.attributes
                0x0000095b       0x29 c:/codest/bin/../lib/gcc/arm-none-eabi/4.8.1/../../../../arm-none-eabi/lib/thumb2\libc.a(lib_a-callocr.o)
 .ARM.attributes
                0x00000984       0x29 c:/codest/bin/../lib/gcc/arm-none-eabi/4.8.1/../../../../arm-none-eabi/lib/thumb2\libc.a(lib_a-errno.o)
 .ARM.attributes
                0x000009ad       0x29 c:/codest/bin/../lib/gcc/arm-none-eabi/4.8.1/../../../../arm-none-eabi/lib/thumb2\libc.a(lib_a-fprintf.o)
 .ARM.attributes
                0x000009d6       0x29 c:/codest/bin/../lib/gcc/arm-none-eabi/4.8.1/../../../../arm-none-eabi/lib/thumb2\libc.a(lib_a-impure.o)
 .ARM.attributes
                0x000009ff       0x29 c:/codest/bin/../lib/gcc/arm-none-eabi/4.8.1/../../../../arm-none-eabi/lib/thumb2\libc.a(lib_a-malloc.o)
 .ARM.attributes
                0x00000a28       0x29 c:/codest/bin/../lib/gcc/arm-none-eabi/4.8.1/../../../../arm-none-eabi/lib/thumb2\libc.a(lib_a-mallocr.o)
 .ARM.attributes
                0x00000a51       0x29 c:/codest/bin/../lib/gcc/arm-none-eabi/4.8.1/../../../../arm-none-eabi/lib/thumb2\libc.a(lib_a-memcpy-stub.o)
 .ARM.attributes
                0x00000a7a       0x29 c:/codest/bin/../lib/gcc/arm-none-eabi/4.8.1/../../../../arm-none-eabi/lib/thumb2\libc.a(lib_a-memmove.o)
 .ARM.attributes
                0x00000aa3       0x29 c:/codest/bin/../lib/gcc/arm-none-eabi/4.8.1/../../../../arm-none-eabi/lib/thumb2\libc.a(lib_a-memset.o)
 .ARM.attributes
                0x00000acc       0x29 c:/codest/bin/../lib/gcc/arm-none-eabi/4.8.1/../../../../arm-none-eabi/lib/thumb2\libc.a(lib_a-mlock.o)
 .ARM.attributes
                0x00000af5       0x29 c:/codest/bin/../lib/gcc/arm-none-eabi/4.8.1/../../../../arm-none-eabi/lib/thumb2\libc.a(lib_a-realloc.o)
 .ARM.attributes
                0x00000b1e       0x29 c:/codest/bin/../lib/gcc/arm-none-eabi/4.8.1/../../../../arm-none-eabi/lib/thumb2\libc.a(lib_a-reallocr.o)
 .ARM.attributes
                0x00000b47       0x29 c:/codest/bin/../lib/gcc/arm-none-eabi/4.8.1/../../../../arm-none-eabi/lib/thumb2\libc.a(lib_a-sbrkr.o)
 .ARM.attributes
                0x00000b70       0x29 c:/codest/bin/../lib/gcc/arm-none-eabi/4.8.1/../../../../arm-none-eabi/lib/thumb2\libc.a(lib_a-vfprintf.o)
 .ARM.attributes
                0x00000b99       0x29 c:/codest/bin/../lib/gcc/arm-none-eabi/4.8.1/../../../../arm-none-eabi/lib/thumb2\libc.a(lib_a-wbuf.o)
 .ARM.attributes
                0x00000bc2       0x29 c:/codest/bin/../lib/gcc/arm-none-eabi/4.8.1/../../../../arm-none-eabi/lib/thumb2\libc.a(lib_a-wsetup.o)
 .ARM.attributes
                0x00000beb       0x29 c:/codest/bin/../lib/gcc/arm-none-eabi/4.8.1/../../../../arm-none-eabi/lib/thumb2\libc.a(lib_a-dtoa.o)
 .ARM.attributes
                0x00000c14       0x29 c:/codest/bin/../lib/gcc/arm-none-eabi/4.8.1/../../../../arm-none-eabi/lib/thumb2\libc.a(lib_a-fflush.o)
 .ARM.attributes
                0x00000c3d       0x29 c:/codest/bin/../lib/gcc/arm-none-eabi/4.8.1/../../../../arm-none-eabi/lib/thumb2\libc.a(lib_a-findfp.o)
 .ARM.attributes
                0x00000c66       0x29 c:/codest/bin/../lib/gcc/arm-none-eabi/4.8.1/../../../../arm-none-eabi/lib/thumb2\libc.a(lib_a-freer.o)
 .ARM.attributes
                0x00000c8f       0x29 c:/codest/bin/../lib/gcc/arm-none-eabi/4.8.1/../../../../arm-none-eabi/lib/thumb2\libc.a(lib_a-fwalk.o)
 .ARM.attributes
                0x00000cb8       0x29 c:/codest/bin/../lib/gcc/arm-none-eabi/4.8.1/../../../../arm-none-eabi/lib/thumb2\libc.a(lib_a-locale.o)
 .ARM.attributes
                0x00000ce1       0x29 c:/codest/bin/../lib/gcc/arm-none-eabi/4.8.1/../../../../arm-none-eabi/lib/thumb2\libc.a(lib_a-makebuf.o)
 .ARM.attributes
                0x00000d0a       0x29 c:/codest/bin/../lib/gcc/arm-none-eabi/4.8.1/../../../../arm-none-eabi/lib/thumb2\libc.a(lib_a-memchr-stub.o)
 .ARM.attributes
                0x00000d33       0x29 c:/codest/bin/../lib/gcc/arm-none-eabi/4.8.1/../../../../arm-none-eabi/lib/thumb2\libc.a(lib_a-mprec.o)
 .ARM.attributes
                0x00000d5c       0x29 c:/codest/bin/../lib/gcc/arm-none-eabi/4.8.1/../../../../arm-none-eabi/lib/thumb2\libc.a(lib_a-reent.o)
 .ARM.attributes
                0x00000d85       0x29 c:/codest/bin/../lib/gcc/arm-none-eabi/4.8.1/../../../../arm-none-eabi/lib/thumb2\libc.a(lib_a-stdio.o)
 .ARM.attributes
                0x00000dae       0x17 c:/codest/bin/../lib/gcc/arm-none-eabi/4.8.1/../../../../arm-none-eabi/lib/thumb2\libc.a(lib_a-strcmp.o)
 .ARM.attributes
                0x00000dc5       0x29 c:/codest/bin/../lib/gcc/arm-none-eabi/4.8.1/../../../../arm-none-eabi/lib/thumb2\libc.a(lib_a-strlen.o)
 .ARM.attributes
                0x00000dee       0x29 c:/codest/bin/../lib/gcc/arm-none-eabi/4.8.1/../../../../arm-none-eabi/lib/thumb2\libc.a(lib_a-vfiprintf.o)
 .ARM.attributes
                0x00000e17       0x29 c:/codest/bin/../lib/gcc/arm-none-eabi/4.8.1/../../../../arm-none-eabi/lib/thumb2\libc.a(lib_a-writer.o)
 .ARM.attributes
                0x00000e40       0x29 c:/codest/bin/../lib/gcc/arm-none-eabi/4.8.1/../../../../arm-none-eabi/lib/thumb2\libc.a(lib_a-closer.o)
 .ARM.attributes
                0x00000e69       0x29 c:/codest/bin/../lib/gcc/arm-none-eabi/4.8.1/../../../../arm-none-eabi/lib/thumb2\libc.a(lib_a-fclose.o)
 .ARM.attributes
                0x00000e92       0x29 c:/codest/bin/../lib/gcc/arm-none-eabi/4.8.1/../../../../arm-none-eabi/lib/thumb2\libc.a(lib_a-fputwc.o)
 .ARM.attributes
                0x00000ebb       0x29 c:/codest/bin/../lib/gcc/arm-none-eabi/4.8.1/../../../../arm-none-eabi/lib/thumb2\libc.a(lib_a-fstatr.o)
 .ARM.attributes
                0x00000ee4       0x29 c:/codest/bin/../lib/gcc/arm-none-eabi/4.8.1/../../../../arm-none-eabi/lib/thumb2\libc.a(lib_a-fvwrite.o)
 .ARM.attributes
                0x00000f0d       0x29 c:/codest/bin/../lib/gcc/arm-none-eabi/4.8.1/../../../../arm-none-eabi/lib/thumb2\libc.a(lib_a-isattyr.o)
 .ARM.attributes
                0x00000f36       0x29 c:/codest/bin/../lib/gcc/arm-none-eabi/4.8.1/../../../../arm-none-eabi/lib/thumb2\libc.a(lib_a-lseekr.o)
 .ARM.attributes
                0x00000f5f       0x29 c:/codest/bin/../lib/gcc/arm-none-eabi/4.8.1/../../../../arm-none-eabi/lib/thumb2\libc.a(lib_a-readr.o)
 .ARM.attributes
                0x00000f88       0x29 c:/codest/bin/../lib/gcc/arm-none-eabi/4.8.1/../../../../arm-none-eabi/lib/thumb2\libc.a(lib_a-wcrtomb.o)
 .ARM.attributes
                0x00000fb1       0x29 c:/codest/bin/../lib/gcc/arm-none-eabi/4.8.1/../../../../arm-none-eabi/lib/thumb2\libc.a(lib_a-wctomb_r.o)
 .ARM.attributes
                0x00000fda       0x19 c:/codest/bin/../lib/gcc/arm-none-eabi/4.8.1/thumb2\libgcc.a(_udivsi3.o)
 .ARM.attributes
                0x00000ff3       0x19 c:/codest/bin/../lib/gcc/arm-none-eabi/4.8.1/thumb2\libgcc.a(_dvmd_tls.o)
 .ARM.attributes
                0x0000100c       0x19 c:/codest/bin/../lib/gcc/arm-none-eabi/4.8.1/thumb2\libgcc.a(_aeabi_uldivmod.o)
 .ARM.attributes
                0x00001025       0x29 c:/codest/bin/../lib/gcc/arm-none-eabi/4.8.1/thumb2\libgcc.a(bpabi.o)
 .ARM.attributes
                0x0000104e       0x29 c:/codest/bin/../lib/gcc/arm-none-eabi/4.8.1/thumb2\libgcc.a(_divdi3.o)
 .ARM.attributes
                0x00001077       0x29 c:/codest/bin/../lib/gcc/arm-none-eabi/4.8.1/thumb2\libgcc.a(_udivdi3.o)

.debug_frame    0x00000000     0x3dac
 .debug_frame   0x00000000      0x150 ..\obj\speex_callbacks.o
 .debug_frame   0x00000150      0x12c ..\obj\SndPlay.o
 .debug_frame   0x0000027c       0xbc ..\obj\timer.o
 .debug_frame   0x00000338      0x1f0 ..\obj\speex.o
 .debug_frame   0x00000528       0x50 ..\obj\SndMic.o
 .debug_frame   0x00000578      0x124 ..\obj\quant_lsp.o
 .debug_frame   0x0000069c       0x48 ..\obj\startup_stm32f4xx.o
 .debug_frame   0x000006e4      0x210 ..\obj\filters.o
 .debug_frame   0x000008f4      0x308 ..\obj\bits.o
 .debug_frame   0x00000bfc      0x178 ..\obj\main.o
 .debug_frame   0x00000d74      0x4d8 ..\obj\stm32f4xx_rcc.o
 .debug_frame   0x0000124c       0x8c ..\obj\codec.o
 .debug_frame   0x000012d8       0x4c ..\obj\lpc.o
 .debug_frame   0x00001324       0x64 ..\obj\vq.o
 .debug_frame   0x00001388       0xd0 ..\obj\cb_search.o
 .debug_frame   0x00001458      0x120 ..\obj\lsp.o
 .debug_frame   0x00001578      0x19c ..\obj\stm32f4xx_gpio.o
 .debug_frame   0x00001714       0x64 ..\obj\system_stm32f4xx.o
 .debug_frame   0x00001778      0x108 ..\obj\syscalls.o
 .debug_frame   0x00001880       0xa0 ..\obj\debugLeds.o
 .debug_frame   0x00001920      0x260 ..\obj\nb_celp.o
 .debug_frame   0x00001b80       0x30 ..\obj\modes.o
 .debug_frame   0x00001bb0      0x2d0 ..\obj\stm32f4xx_spi.o
 .debug_frame   0x00001e80      0x154 ..\obj\ltp.o
 .debug_frame   0x00001fd4      0x3b4 ..\obj\stm32f4xx_i2c.o
 .debug_frame   0x00002388       0x9c ..\obj\misc.o
 .debug_frame   0x00002424       0x70 ..\obj\vbr.o
 .debug_frame   0x00002494      0xa3c ..\obj\stm32f4xx_tim.o
 .debug_frame   0x00002ed0       0x34 c:/codest/bin/../lib/gcc/arm-none-eabi/4.8.1/../../../../arm-none-eabi/lib/thumb2\libm.a(lib_a-w_log.o)
 .debug_frame   0x00002f04       0x38 c:/codest/bin/../lib/gcc/arm-none-eabi/4.8.1/../../../../arm-none-eabi/lib/thumb2\libm.a(lib_a-e_log.o)
 .debug_frame   0x00002f3c       0x20 c:/codest/bin/../lib/gcc/arm-none-eabi/4.8.1/../../../../arm-none-eabi/lib/thumb2\libm.a(lib_a-s_fpclassify.o)
 .debug_frame   0x00002f5c       0x20 c:/codest/bin/../lib/gcc/arm-none-eabi/4.8.1/../../../../arm-none-eabi/lib/thumb2\libm.a(lib_a-s_matherr.o)
 .debug_frame   0x00002f7c       0x20 c:/codest/bin/../lib/gcc/arm-none-eabi/4.8.1/../../../../arm-none-eabi/lib/thumb2\libm.a(lib_a-s_nan.o)
 .debug_frame   0x00002f9c       0x20 c:/codest/bin/../lib/gcc/arm-none-eabi/4.8.1/../../../../arm-none-eabi/lib/thumb2\libc.a(lib_a-calloc.o)
 .debug_frame   0x00002fbc       0x28 c:/codest/bin/../lib/gcc/arm-none-eabi/4.8.1/../../../../arm-none-eabi/lib/thumb2\libc.a(lib_a-callocr.o)
 .debug_frame   0x00002fe4       0x20 c:/codest/bin/../lib/gcc/arm-none-eabi/4.8.1/../../../../arm-none-eabi/lib/thumb2\libc.a(lib_a-errno.o)
 .debug_frame   0x00003004       0x58 c:/codest/bin/../lib/gcc/arm-none-eabi/4.8.1/../../../../arm-none-eabi/lib/thumb2\libc.a(lib_a-fprintf.o)
 .debug_frame   0x0000305c       0x30 c:/codest/bin/../lib/gcc/arm-none-eabi/4.8.1/../../../../arm-none-eabi/lib/thumb2\libc.a(lib_a-malloc.o)
 .debug_frame   0x0000308c       0x38 c:/codest/bin/../lib/gcc/arm-none-eabi/4.8.1/../../../../arm-none-eabi/lib/thumb2\libc.a(lib_a-mallocr.o)
 .debug_frame   0x000030c4       0x2c c:/codest/bin/../lib/gcc/arm-none-eabi/4.8.1/../../../../arm-none-eabi/lib/thumb2\libc.a(lib_a-memcpy-stub.o)
 .debug_frame   0x000030f0       0x2c c:/codest/bin/../lib/gcc/arm-none-eabi/4.8.1/../../../../arm-none-eabi/lib/thumb2\libc.a(lib_a-memmove.o)
 .debug_frame   0x0000311c       0x2c c:/codest/bin/../lib/gcc/arm-none-eabi/4.8.1/../../../../arm-none-eabi/lib/thumb2\libc.a(lib_a-memset.o)
 .debug_frame   0x00003148       0x30 c:/codest/bin/../lib/gcc/arm-none-eabi/4.8.1/../../../../arm-none-eabi/lib/thumb2\libc.a(lib_a-mlock.o)
 .debug_frame   0x00003178       0x20 c:/codest/bin/../lib/gcc/arm-none-eabi/4.8.1/../../../../arm-none-eabi/lib/thumb2\libc.a(lib_a-realloc.o)
 .debug_frame   0x00003198       0x38 c:/codest/bin/../lib/gcc/arm-none-eabi/4.8.1/../../../../arm-none-eabi/lib/thumb2\libc.a(lib_a-reallocr.o)
 .debug_frame   0x000031d0       0x2c c:/codest/bin/../lib/gcc/arm-none-eabi/4.8.1/../../../../arm-none-eabi/lib/thumb2\libc.a(lib_a-sbrkr.o)
 .debug_frame   0x000031fc       0x80 c:/codest/bin/../lib/gcc/arm-none-eabi/4.8.1/../../../../arm-none-eabi/lib/thumb2\libc.a(lib_a-vfprintf.o)
 .debug_frame   0x0000327c       0x3c c:/codest/bin/../lib/gcc/arm-none-eabi/4.8.1/../../../../arm-none-eabi/lib/thumb2\libc.a(lib_a-wbuf.o)
 .debug_frame   0x000032b8       0x2c c:/codest/bin/../lib/gcc/arm-none-eabi/4.8.1/../../../../arm-none-eabi/lib/thumb2\libc.a(lib_a-wsetup.o)
 .debug_frame   0x000032e4       0x64 c:/codest/bin/../lib/gcc/arm-none-eabi/4.8.1/../../../../arm-none-eabi/lib/thumb2\libc.a(lib_a-dtoa.o)
 .debug_frame   0x00003348       0x5c c:/codest/bin/../lib/gcc/arm-none-eabi/4.8.1/../../../../arm-none-eabi/lib/thumb2\libc.a(lib_a-fflush.o)
 .debug_frame   0x000033a4      0x110 c:/codest/bin/../lib/gcc/arm-none-eabi/4.8.1/../../../../arm-none-eabi/lib/thumb2\libc.a(lib_a-findfp.o)
 .debug_frame   0x000034b4       0x50 c:/codest/bin/../lib/gcc/arm-none-eabi/4.8.1/../../../../arm-none-eabi/lib/thumb2\libc.a(lib_a-freer.o)
 .debug_frame   0x00003504       0x54 c:/codest/bin/../lib/gcc/arm-none-eabi/4.8.1/../../../../arm-none-eabi/lib/thumb2\libc.a(lib_a-fwalk.o)
 .debug_frame   0x00003558       0x98 c:/codest/bin/../lib/gcc/arm-none-eabi/4.8.1/../../../../arm-none-eabi/lib/thumb2\libc.a(lib_a-locale.o)
 .debug_frame   0x000035f0       0x30 c:/codest/bin/../lib/gcc/arm-none-eabi/4.8.1/../../../../arm-none-eabi/lib/thumb2\libc.a(lib_a-makebuf.o)
 .debug_frame   0x00003620       0x2c c:/codest/bin/../lib/gcc/arm-none-eabi/4.8.1/../../../../arm-none-eabi/lib/thumb2\libc.a(lib_a-memchr-stub.o)
 .debug_frame   0x0000364c      0x244 c:/codest/bin/../lib/gcc/arm-none-eabi/4.8.1/../../../../arm-none-eabi/lib/thumb2\libc.a(lib_a-mprec.o)
 .debug_frame   0x00003890       0x48 c:/codest/bin/../lib/gcc/arm-none-eabi/4.8.1/../../../../arm-none-eabi/lib/thumb2\libc.a(lib_a-reent.o)
 .debug_frame   0x000038d8       0x80 c:/codest/bin/../lib/gcc/arm-none-eabi/4.8.1/../../../../arm-none-eabi/lib/thumb2\libc.a(lib_a-stdio.o)
 .debug_frame   0x00003958       0x20 c:/codest/bin/../lib/gcc/arm-none-eabi/4.8.1/../../../../arm-none-eabi/lib/thumb2\libc.a(lib_a-strlen.o)
 .debug_frame   0x00003978       0xbc c:/codest/bin/../lib/gcc/arm-none-eabi/4.8.1/../../../../arm-none-eabi/lib/thumb2\libc.a(lib_a-vfiprintf.o)
 .debug_frame   0x00003a34       0x2c c:/codest/bin/../lib/gcc/arm-none-eabi/4.8.1/../../../../arm-none-eabi/lib/thumb2\libc.a(lib_a-writer.o)
 .debug_frame   0x00003a60       0x2c c:/codest/bin/../lib/gcc/arm-none-eabi/4.8.1/../../../../arm-none-eabi/lib/thumb2\libc.a(lib_a-closer.o)
 .debug_frame   0x00003a8c       0x3c c:/codest/bin/../lib/gcc/arm-none-eabi/4.8.1/../../../../arm-none-eabi/lib/thumb2\libc.a(lib_a-fclose.o)
 .debug_frame   0x00003ac8       0x50 c:/codest/bin/../lib/gcc/arm-none-eabi/4.8.1/../../../../arm-none-eabi/lib/thumb2\libc.a(lib_a-fputwc.o)
 .debug_frame   0x00003b18       0x2c c:/codest/bin/../lib/gcc/arm-none-eabi/4.8.1/../../../../arm-none-eabi/lib/thumb2\libc.a(lib_a-fstatr.o)
 .debug_frame   0x00003b44       0x38 c:/codest/bin/../lib/gcc/arm-none-eabi/4.8.1/../../../../arm-none-eabi/lib/thumb2\libc.a(lib_a-fvwrite.o)
 .debug_frame   0x00003b7c       0x2c c:/codest/bin/../lib/gcc/arm-none-eabi/4.8.1/../../../../arm-none-eabi/lib/thumb2\libc.a(lib_a-isattyr.o)
 .debug_frame   0x00003ba8       0x2c c:/codest/bin/../lib/gcc/arm-none-eabi/4.8.1/../../../../arm-none-eabi/lib/thumb2\libc.a(lib_a-lseekr.o)
 .debug_frame   0x00003bd4       0x2c c:/codest/bin/../lib/gcc/arm-none-eabi/4.8.1/../../../../arm-none-eabi/lib/thumb2\libc.a(lib_a-readr.o)
 .debug_frame   0x00003c00       0x58 c:/codest/bin/../lib/gcc/arm-none-eabi/4.8.1/../../../../arm-none-eabi/lib/thumb2\libc.a(lib_a-wcrtomb.o)
 .debug_frame   0x00003c58       0x44 c:/codest/bin/../lib/gcc/arm-none-eabi/4.8.1/../../../../arm-none-eabi/lib/thumb2\libc.a(lib_a-wctomb_r.o)
 .debug_frame   0x00003c9c       0x20 c:/codest/bin/../lib/gcc/arm-none-eabi/4.8.1/thumb2\libgcc.a(_udivsi3.o)
 .debug_frame   0x00003cbc       0x28 c:/codest/bin/../lib/gcc/arm-none-eabi/4.8.1/thumb2\libgcc.a(_aeabi_uldivmod.o)
 .debug_frame   0x00003ce4       0x58 c:/codest/bin/../lib/gcc/arm-none-eabi/4.8.1/thumb2\libgcc.a(bpabi.o)
 .debug_frame   0x00003d3c       0x38 c:/codest/bin/../lib/gcc/arm-none-eabi/4.8.1/thumb2\libgcc.a(_divdi3.o)
 .debug_frame   0x00003d74       0x38 c:/codest/bin/../lib/gcc/arm-none-eabi/4.8.1/thumb2\libgcc.a(_udivdi3.o)
